[2023-03-17T20:27:28.636+0530][gc,init] CardTable entry size: 512
[2023-03-17T20:27:28.636+0530][gc     ] Using G1
[2023-03-17T20:27:28.637+0530][gc,init] Version: 19.0.1+10-21 (release)
[2023-03-17T20:27:28.637+0530][gc,init] CPUs: 8 total, 8 available
[2023-03-17T20:27:28.637+0530][gc,init] Memory: 8192M
[2023-03-17T20:27:28.637+0530][gc,init] Large Page Support: Disabled
[2023-03-17T20:27:28.637+0530][gc,init] NUMA Support: Disabled
[2023-03-17T20:27:28.637+0530][gc,init] Compressed Oops: Enabled (Zero based)
[2023-03-17T20:27:28.637+0530][gc,init] Heap Region Size: 1M
[2023-03-17T20:27:28.637+0530][gc,init] Heap Min Capacity: 1G
[2023-03-17T20:27:28.637+0530][gc,init] Heap Initial Capacity: 1G
[2023-03-17T20:27:28.637+0530][gc,init] Heap Max Capacity: 1G
[2023-03-17T20:27:28.637+0530][gc,init] Pre-touch: Disabled
[2023-03-17T20:27:28.637+0530][gc,init] Parallel Workers: 8
[2023-03-17T20:27:28.637+0530][gc,init] Concurrent Workers: 2
[2023-03-17T20:27:28.637+0530][gc,init] Concurrent Refinement Workers: 8
[2023-03-17T20:27:28.637+0530][gc,init] Periodic GC: Disabled
[2023-03-17T20:27:28.637+0530][gc,metaspace] CDS archive(s) mapped at: [0x0000000800000000-0x0000000800c44000-0x0000000800c44000), size 12861440, SharedBaseAddress: 0x0000000800000000, ArchiveRelocationMode: 0.
[2023-03-17T20:27:28.637+0530][gc,metaspace] Compressed class space mapped at: 0x0000000801000000-0x0000000841000000, reserved size: 1073741824
[2023-03-17T20:27:28.637+0530][gc,metaspace] Narrow klass base: 0x0000000800000000, Narrow klass shift: 0, Narrow klass range: 0x100000000
[2023-03-17T20:27:34.301+0530][gc,start    ] GC(0) Pause Young (Normal) (G1 Evacuation Pause)
[2023-03-17T20:27:34.302+0530][gc,task     ] GC(0) Using 8 workers of 8 for evacuation
[2023-03-17T20:27:34.304+0530][gc,phases   ] GC(0)   Pre Evacuate Collection Set: 0.1ms
[2023-03-17T20:27:34.304+0530][gc,phases   ] GC(0)   Merge Heap Roots: 0.0ms
[2023-03-17T20:27:34.304+0530][gc,phases   ] GC(0)   Evacuate Collection Set: 2.0ms
[2023-03-17T20:27:34.304+0530][gc,phases   ] GC(0)   Post Evacuate Collection Set: 0.2ms
[2023-03-17T20:27:34.304+0530][gc,phases   ] GC(0)   Other: 0.2ms
[2023-03-17T20:27:34.304+0530][gc,heap     ] GC(0) Eden regions: 51->0(44)
[2023-03-17T20:27:34.304+0530][gc,heap     ] GC(0) Survivor regions: 0->7(7)
[2023-03-17T20:27:34.304+0530][gc,heap     ] GC(0) Old regions: 0->0
[2023-03-17T20:27:34.304+0530][gc,heap     ] GC(0) Archive regions: 2->2
[2023-03-17T20:27:34.304+0530][gc,heap     ] GC(0) Humongous regions: 0->0
[2023-03-17T20:27:34.304+0530][gc,metaspace] GC(0) Metaspace: 18390K(18624K)->18390K(18624K) NonClass: 16321K(16448K)->16321K(16448K) Class: 2069K(2176K)->2069K(2176K)
[2023-03-17T20:27:34.304+0530][gc          ] GC(0) Pause Young (Normal) (G1 Evacuation Pause) 51M->7M(1024M) 2.733ms
[2023-03-17T20:27:34.304+0530][gc,cpu      ] GC(0) User=0.01s Sys=0.00s Real=0.00s
[2023-03-17T20:27:34.419+0530][gc,start    ] GC(1) Pause Young (Concurrent Start) (Metadata GC Threshold)
[2023-03-17T20:27:34.419+0530][gc,task     ] GC(1) Using 8 workers of 8 for evacuation
[2023-03-17T20:27:34.423+0530][gc,phases   ] GC(1)   Pre Evacuate Collection Set: 0.2ms
[2023-03-17T20:27:34.423+0530][gc,phases   ] GC(1)   Merge Heap Roots: 0.1ms
[2023-03-17T20:27:34.423+0530][gc,phases   ] GC(1)   Evacuate Collection Set: 3.5ms
[2023-03-17T20:27:34.423+0530][gc,phases   ] GC(1)   Post Evacuate Collection Set: 0.4ms
[2023-03-17T20:27:34.423+0530][gc,phases   ] GC(1)   Other: 0.0ms
[2023-03-17T20:27:34.423+0530][gc,heap     ] GC(1) Eden regions: 12->0(49)
[2023-03-17T20:27:34.423+0530][gc,heap     ] GC(1) Survivor regions: 7->2(7)
[2023-03-17T20:27:34.423+0530][gc,heap     ] GC(1) Old regions: 0->8
[2023-03-17T20:27:34.423+0530][gc,heap     ] GC(1) Archive regions: 2->2
[2023-03-17T20:27:34.423+0530][gc,heap     ] GC(1) Humongous regions: 0->0
[2023-03-17T20:27:34.423+0530][gc,metaspace] GC(1) Metaspace: 21250K(21504K)->21250K(21504K) NonClass: 18812K(18944K)->18812K(18944K) Class: 2437K(2560K)->2437K(2560K)
[2023-03-17T20:27:34.423+0530][gc          ] GC(1) Pause Young (Concurrent Start) (Metadata GC Threshold) 19M->9M(1024M) 4.265ms
[2023-03-17T20:27:34.423+0530][gc          ] GC(2) Concurrent Mark Cycle
[2023-03-17T20:27:34.423+0530][gc,cpu      ] GC(1) User=0.02s Sys=0.01s Real=0.01s
[2023-03-17T20:27:34.423+0530][gc,marking  ] GC(2) Concurrent Clear Claimed Marks
[2023-03-17T20:27:34.424+0530][gc,marking  ] GC(2) Concurrent Clear Claimed Marks 0.032ms
[2023-03-17T20:27:34.424+0530][gc,marking  ] GC(2) Concurrent Scan Root Regions
[2023-03-17T20:27:34.425+0530][gc,marking  ] GC(2) Concurrent Scan Root Regions 1.471ms
[2023-03-17T20:27:34.425+0530][gc,marking  ] GC(2) Concurrent Mark
[2023-03-17T20:27:34.425+0530][gc,marking  ] GC(2) Concurrent Mark From Roots
[2023-03-17T20:27:34.425+0530][gc,task     ] GC(2) Using 2 workers of 2 for marking
[2023-03-17T20:27:34.426+0530][gc,marking  ] GC(2) Concurrent Mark From Roots 1.178ms
[2023-03-17T20:27:34.426+0530][gc,marking  ] GC(2) Concurrent Preclean
[2023-03-17T20:27:34.426+0530][gc,marking  ] GC(2) Concurrent Preclean 0.006ms
[2023-03-17T20:27:34.426+0530][gc,start    ] GC(2) Pause Remark
[2023-03-17T20:27:34.427+0530][gc          ] GC(2) Pause Remark 9M->9M(1024M) 0.854ms
[2023-03-17T20:27:34.427+0530][gc,cpu      ] GC(2) User=0.00s Sys=0.00s Real=0.00s
[2023-03-17T20:27:34.427+0530][gc,marking  ] GC(2) Concurrent Mark 2.168ms
[2023-03-17T20:27:34.427+0530][gc,marking  ] GC(2) Concurrent Rebuild Remembered Sets
[2023-03-17T20:27:34.429+0530][gc,marking  ] GC(2) Concurrent Rebuild Remembered Sets 1.471ms
[2023-03-17T20:27:34.459+0530][gc,start    ] GC(2) Pause Cleanup
[2023-03-17T20:27:34.459+0530][gc          ] GC(2) Pause Cleanup 138M->138M(1024M) 0.127ms
[2023-03-17T20:27:34.459+0530][gc,cpu      ] GC(2) User=0.00s Sys=0.00s Real=0.00s
[2023-03-17T20:27:34.459+0530][gc,marking  ] GC(2) Concurrent Cleanup for Next Mark
[2023-03-17T20:27:34.460+0530][gc,marking  ] GC(2) Concurrent Cleanup for Next Mark 1.459ms
[2023-03-17T20:27:34.460+0530][gc          ] GC(2) Concurrent Mark Cycle 36.785ms
[2023-03-17T20:27:34.764+0530][gc,start    ] GC(3) Pause Young (Normal) (G1 Evacuation Pause)
[2023-03-17T20:27:34.764+0530][gc,task     ] GC(3) Using 8 workers of 8 for evacuation
[2023-03-17T20:27:34.766+0530][gc,phases   ] GC(3)   Pre Evacuate Collection Set: 0.1ms
[2023-03-17T20:27:34.766+0530][gc,phases   ] GC(3)   Merge Heap Roots: 0.0ms
[2023-03-17T20:27:34.766+0530][gc,phases   ] GC(3)   Evacuate Collection Set: 2.0ms
[2023-03-17T20:27:34.766+0530][gc,phases   ] GC(3)   Post Evacuate Collection Set: 0.3ms
[2023-03-17T20:27:34.766+0530][gc,phases   ] GC(3)   Other: 0.0ms
[2023-03-17T20:27:34.766+0530][gc,heap     ] GC(3) Eden regions: 49->0(45)
[2023-03-17T20:27:34.766+0530][gc,heap     ] GC(3) Survivor regions: 2->6(7)
[2023-03-17T20:27:34.766+0530][gc,heap     ] GC(3) Old regions: 8->8
[2023-03-17T20:27:34.766+0530][gc,heap     ] GC(3) Archive regions: 2->2
[2023-03-17T20:27:34.766+0530][gc,heap     ] GC(3) Humongous regions: 129->129
[2023-03-17T20:27:34.766+0530][gc,metaspace] GC(3) Metaspace: 33115K(33408K)->33115K(33408K) NonClass: 29593K(29760K)->29593K(29760K) Class: 3521K(3648K)->3521K(3648K)
[2023-03-17T20:27:34.766+0530][gc          ] GC(3) Pause Young (Normal) (G1 Evacuation Pause) 187M->142M(1024M) 2.578ms
[2023-03-17T20:27:34.766+0530][gc,cpu      ] GC(3) User=0.01s Sys=0.00s Real=0.00s
[2023-03-17T20:28:49.966+0530][gc,start    ] GC(4) Pause Young (Concurrent Start) (Metadata GC Threshold)
[2023-03-17T20:28:49.966+0530][gc,task     ] GC(4) Using 8 workers of 8 for evacuation
[2023-03-17T20:28:49.969+0530][gc,phases   ] GC(4)   Pre Evacuate Collection Set: 0.1ms
[2023-03-17T20:28:49.969+0530][gc,phases   ] GC(4)   Merge Heap Roots: 0.0ms
[2023-03-17T20:28:49.969+0530][gc,phases   ] GC(4)   Evacuate Collection Set: 1.9ms
[2023-03-17T20:28:49.969+0530][gc,phases   ] GC(4)   Post Evacuate Collection Set: 0.2ms
[2023-03-17T20:28:49.969+0530][gc,phases   ] GC(4)   Other: 0.0ms
[2023-03-17T20:28:49.969+0530][gc,heap     ] GC(4) Eden regions: 13->0(49)
[2023-03-17T20:28:49.969+0530][gc,heap     ] GC(4) Survivor regions: 6->2(7)
[2023-03-17T20:28:49.969+0530][gc,heap     ] GC(4) Old regions: 8->13
[2023-03-17T20:28:49.969+0530][gc,heap     ] GC(4) Archive regions: 2->2
[2023-03-17T20:28:49.969+0530][gc,heap     ] GC(4) Humongous regions: 129->129
[2023-03-17T20:28:49.969+0530][gc,metaspace] GC(4) Metaspace: 35602K(35968K)->35602K(35968K) NonClass: 31693K(31936K)->31693K(31936K) Class: 3909K(4032K)->3909K(4032K)
[2023-03-17T20:28:49.969+0530][gc          ] GC(4) Pause Young (Concurrent Start) (Metadata GC Threshold) 155M->143M(1024M) 2.559ms
[2023-03-17T20:28:49.969+0530][gc          ] GC(5) Concurrent Mark Cycle
[2023-03-17T20:28:49.969+0530][gc,cpu      ] GC(4) User=0.01s Sys=0.00s Real=0.00s
[2023-03-17T20:28:49.969+0530][gc,marking  ] GC(5) Concurrent Clear Claimed Marks
[2023-03-17T20:28:49.969+0530][gc,marking  ] GC(5) Concurrent Clear Claimed Marks 0.018ms
[2023-03-17T20:28:49.969+0530][gc,marking  ] GC(5) Concurrent Scan Root Regions
[2023-03-17T20:28:49.970+0530][gc,marking  ] GC(5) Concurrent Scan Root Regions 1.419ms
[2023-03-17T20:28:49.970+0530][gc,marking  ] GC(5) Concurrent Mark
[2023-03-17T20:28:49.970+0530][gc,marking  ] GC(5) Concurrent Mark From Roots
[2023-03-17T20:28:49.970+0530][gc,task     ] GC(5) Using 2 workers of 2 for marking
[2023-03-17T20:28:49.973+0530][gc,marking  ] GC(5) Concurrent Mark From Roots 2.484ms
[2023-03-17T20:28:49.973+0530][gc,marking  ] GC(5) Concurrent Preclean
[2023-03-17T20:28:49.973+0530][gc,marking  ] GC(5) Concurrent Preclean 0.029ms
[2023-03-17T20:28:49.973+0530][gc,start    ] GC(5) Pause Remark
[2023-03-17T20:28:49.974+0530][gc          ] GC(5) Pause Remark 144M->144M(1024M) 1.021ms
[2023-03-17T20:28:49.974+0530][gc,cpu      ] GC(5) User=0.00s Sys=0.00s Real=0.00s
[2023-03-17T20:28:49.974+0530][gc,marking  ] GC(5) Concurrent Mark 3.703ms
[2023-03-17T20:28:49.974+0530][gc,marking  ] GC(5) Concurrent Rebuild Remembered Sets
[2023-03-17T20:28:49.977+0530][gc,marking  ] GC(5) Concurrent Rebuild Remembered Sets 2.694ms
[2023-03-17T20:28:49.977+0530][gc,start    ] GC(5) Pause Cleanup
[2023-03-17T20:28:49.977+0530][gc          ] GC(5) Pause Cleanup 144M->144M(1024M) 0.090ms
[2023-03-17T20:28:49.977+0530][gc,cpu      ] GC(5) User=0.00s Sys=0.00s Real=0.00s
[2023-03-17T20:28:49.977+0530][gc,marking  ] GC(5) Concurrent Cleanup for Next Mark
[2023-03-17T20:28:49.979+0530][gc,marking  ] GC(5) Concurrent Cleanup for Next Mark 2.168ms
[2023-03-17T20:28:49.979+0530][gc          ] GC(5) Concurrent Mark Cycle 10.321ms
[2023-03-17T20:35:24.664+0530][gc,start    ] GC(6) Pause Young (Prepare Mixed) (G1 Evacuation Pause)
[2023-03-17T20:35:24.665+0530][gc,task     ] GC(6) Using 8 workers of 8 for evacuation
[2023-03-17T20:35:24.671+0530][gc,phases   ] GC(6)   Pre Evacuate Collection Set: 0.4ms
[2023-03-17T20:35:24.671+0530][gc,phases   ] GC(6)   Merge Heap Roots: 0.1ms
[2023-03-17T20:35:24.671+0530][gc,phases   ] GC(6)   Evacuate Collection Set: 4.3ms
[2023-03-17T20:35:24.671+0530][gc,phases   ] GC(6)   Post Evacuate Collection Set: 0.7ms
[2023-03-17T20:35:24.671+0530][gc,phases   ] GC(6)   Other: 0.1ms
[2023-03-17T20:35:24.671+0530][gc,heap     ] GC(6) Eden regions: 49->0(46)
[2023-03-17T20:35:24.671+0530][gc,heap     ] GC(6) Survivor regions: 2->5(7)
[2023-03-17T20:35:24.671+0530][gc,heap     ] GC(6) Old regions: 13->13
[2023-03-17T20:35:24.671+0530][gc,heap     ] GC(6) Archive regions: 2->2
[2023-03-17T20:35:24.671+0530][gc,heap     ] GC(6) Humongous regions: 129->129
[2023-03-17T20:35:24.671+0530][gc,metaspace] GC(6) Metaspace: 41532K(42176K)->41532K(42176K) NonClass: 36765K(37120K)->36765K(37120K) Class: 4766K(5056K)->4766K(5056K)
[2023-03-17T20:35:24.671+0530][gc          ] GC(6) Pause Young (Prepare Mixed) (G1 Evacuation Pause) 192M->146M(1024M) 7.053ms
[2023-03-17T20:35:24.671+0530][gc,cpu      ] GC(6) User=0.03s Sys=0.01s Real=0.01s
[2023-03-17T20:48:52.449+0530][gc,start    ] GC(7) Pause Young (Mixed) (G1 Evacuation Pause)
[2023-03-17T20:48:52.450+0530][gc,task     ] GC(7) Using 8 workers of 8 for evacuation
[2023-03-17T20:48:52.463+0530][gc,phases   ] GC(7)   Pre Evacuate Collection Set: 0.6ms
[2023-03-17T20:48:52.463+0530][gc,phases   ] GC(7)   Merge Heap Roots: 0.1ms
[2023-03-17T20:48:52.463+0530][gc,phases   ] GC(7)   Evacuate Collection Set: 11.1ms
[2023-03-17T20:48:52.464+0530][gc,phases   ] GC(7)   Post Evacuate Collection Set: 1.0ms
[2023-03-17T20:48:52.464+0530][gc,phases   ] GC(7)   Other: 0.2ms
[2023-03-17T20:48:52.464+0530][gc,heap     ] GC(7) Eden regions: 46->0(45)
[2023-03-17T20:48:52.464+0530][gc,heap     ] GC(7) Survivor regions: 5->6(7)
[2023-03-17T20:48:52.464+0530][gc,heap     ] GC(7) Old regions: 13->14
[2023-03-17T20:48:52.464+0530][gc,heap     ] GC(7) Archive regions: 2->2
[2023-03-17T20:48:52.464+0530][gc,heap     ] GC(7) Humongous regions: 129->129
[2023-03-17T20:48:52.464+0530][gc,metaspace] GC(7) Metaspace: 42043K(42688K)->42043K(42688K) NonClass: 37258K(37568K)->37258K(37568K) Class: 4784K(5120K)->4784K(5120K)
[2023-03-17T20:48:52.464+0530][gc          ] GC(7) Pause Young (Mixed) (G1 Evacuation Pause) 192M->148M(1024M) 14.508ms
[2023-03-17T20:48:52.464+0530][gc,cpu      ] GC(7) User=0.04s Sys=0.01s Real=0.02s
[2023-03-17T21:00:20.599+0530][gc,start    ] GC(8) Pause Young (Normal) (G1 Evacuation Pause)
[2023-03-17T21:00:20.600+0530][gc,task     ] GC(8) Using 8 workers of 8 for evacuation
[2023-03-17T21:00:20.608+0530][gc,phases   ] GC(8)   Pre Evacuate Collection Set: 0.7ms
[2023-03-17T21:00:20.608+0530][gc,phases   ] GC(8)   Merge Heap Roots: 0.2ms
[2023-03-17T21:00:20.608+0530][gc,phases   ] GC(8)   Evacuate Collection Set: 6.3ms
[2023-03-17T21:00:20.608+0530][gc,phases   ] GC(8)   Post Evacuate Collection Set: 0.5ms
[2023-03-17T21:00:20.608+0530][gc,phases   ] GC(8)   Other: 0.1ms
[2023-03-17T21:00:20.608+0530][gc,heap     ] GC(8) Eden regions: 45->0(49)
[2023-03-17T21:00:20.608+0530][gc,heap     ] GC(8) Survivor regions: 6->3(7)
[2023-03-17T21:00:20.608+0530][gc,heap     ] GC(8) Old regions: 14->16
[2023-03-17T21:00:20.608+0530][gc,heap     ] GC(8) Archive regions: 2->2
[2023-03-17T21:00:20.608+0530][gc,heap     ] GC(8) Humongous regions: 129->129
[2023-03-17T21:00:20.608+0530][gc,metaspace] GC(8) Metaspace: 42333K(42944K)->42333K(42944K) NonClass: 37510K(37824K)->37510K(37824K) Class: 4822K(5120K)->4822K(5120K)
[2023-03-17T21:00:20.608+0530][gc          ] GC(8) Pause Young (Normal) (G1 Evacuation Pause) 193M->148M(1024M) 9.090ms
[2023-03-17T21:00:20.608+0530][gc,cpu      ] GC(8) User=0.02s Sys=0.00s Real=0.01s
[2023-03-17T21:08:40.039+0530][gc,start    ] GC(9) Pause Young (Normal) (G1 Evacuation Pause)
[2023-03-17T21:08:40.040+0530][gc,task     ] GC(9) Using 8 workers of 8 for evacuation
[2023-03-17T21:08:40.046+0530][gc,phases   ] GC(9)   Pre Evacuate Collection Set: 0.9ms
[2023-03-17T21:08:40.046+0530][gc,phases   ] GC(9)   Merge Heap Roots: 0.1ms
[2023-03-17T21:08:40.046+0530][gc,phases   ] GC(9)   Evacuate Collection Set: 3.8ms
[2023-03-17T21:08:40.046+0530][gc,phases   ] GC(9)   Post Evacuate Collection Set: 0.5ms
[2023-03-17T21:08:40.046+0530][gc,phases   ] GC(9)   Other: 0.1ms
[2023-03-17T21:08:40.046+0530][gc,heap     ] GC(9) Eden regions: 49->0(55)
[2023-03-17T21:08:40.046+0530][gc,heap     ] GC(9) Survivor regions: 3->4(7)
[2023-03-17T21:08:40.046+0530][gc,heap     ] GC(9) Old regions: 16->16
[2023-03-17T21:08:40.046+0530][gc,heap     ] GC(9) Archive regions: 2->2
[2023-03-17T21:08:40.046+0530][gc,heap     ] GC(9) Humongous regions: 129->129
[2023-03-17T21:08:40.046+0530][gc,metaspace] GC(9) Metaspace: 42671K(43328K)->42671K(43328K) NonClass: 37814K(38144K)->37814K(38144K) Class: 4856K(5184K)->4856K(5184K)
[2023-03-17T21:08:40.046+0530][gc          ] GC(9) Pause Young (Normal) (G1 Evacuation Pause) 197M->149M(1024M) 6.861ms
[2023-03-17T21:08:40.046+0530][gc,cpu      ] GC(9) User=0.02s Sys=0.01s Real=0.01s
[2023-03-17T21:15:43.529+0530][gc,start    ] GC(10) Pause Young (Normal) (G1 Evacuation Pause)
[2023-03-17T21:15:43.530+0530][gc,task     ] GC(10) Using 8 workers of 8 for evacuation
[2023-03-17T21:15:43.539+0530][gc,phases   ] GC(10)   Pre Evacuate Collection Set: 0.4ms
[2023-03-17T21:15:43.539+0530][gc,phases   ] GC(10)   Merge Heap Roots: 0.1ms
[2023-03-17T21:15:43.539+0530][gc,phases   ] GC(10)   Evacuate Collection Set: 7.0ms
[2023-03-17T21:15:43.539+0530][gc,phases   ] GC(10)   Post Evacuate Collection Set: 0.6ms
[2023-03-17T21:15:43.539+0530][gc,phases   ] GC(10)   Other: 0.2ms
[2023-03-17T21:15:43.539+0530][gc,heap     ] GC(10) Eden regions: 55->0(242)
[2023-03-17T21:15:43.539+0530][gc,heap     ] GC(10) Survivor regions: 4->3(8)
[2023-03-17T21:15:43.539+0530][gc,heap     ] GC(10) Old regions: 16->16
[2023-03-17T21:15:43.539+0530][gc,heap     ] GC(10) Archive regions: 2->2
[2023-03-17T21:15:43.539+0530][gc,heap     ] GC(10) Humongous regions: 129->129
[2023-03-17T21:15:43.539+0530][gc,metaspace] GC(10) Metaspace: 42771K(43392K)->42771K(43392K) NonClass: 37914K(38208K)->37914K(38208K) Class: 4857K(5184K)->4857K(5184K)
[2023-03-17T21:15:43.539+0530][gc          ] GC(10) Pause Young (Normal) (G1 Evacuation Pause) 204M->148M(1024M) 10.088ms
[2023-03-17T21:15:43.539+0530][gc,cpu      ] GC(10) User=0.02s Sys=0.00s Real=0.01s
[2023-03-17T21:21:50.429+0530][gc,heap,exit] Heap
[2023-03-17T21:21:50.429+0530][gc,heap,exit]  garbage-first heap   total 1048576K, used 207464K [0x00000007c0000000, 0x0000000800000000)
[2023-03-17T21:21:50.429+0530][gc,heap,exit]   region size 1024K, 57 young (58368K), 3 survivors (3072K)
[2023-03-17T21:21:50.429+0530][gc,heap,exit]  Metaspace       used 43588K, committed 44224K, reserved 1114112K
[2023-03-17T21:21:50.429+0530][gc,heap,exit]   class space    used 5040K, committed 5312K, reserved 1048576K
