[2023-07-23T13:55:17.381+0530][gc,init] CardTable entry size: 512
[2023-07-23T13:55:17.382+0530][gc     ] Using G1
[2023-07-23T13:55:17.383+0530][gc,init] Version: 19.0.1+10-21 (release)
[2023-07-23T13:55:17.383+0530][gc,init] CPUs: 8 total, 8 available
[2023-07-23T13:55:17.383+0530][gc,init] Memory: 8192M
[2023-07-23T13:55:17.383+0530][gc,init] Large Page Support: Disabled
[2023-07-23T13:55:17.383+0530][gc,init] NUMA Support: Disabled
[2023-07-23T13:55:17.383+0530][gc,init] Compressed Oops: Enabled (Zero based)
[2023-07-23T13:55:17.383+0530][gc,init] Heap Region Size: 1M
[2023-07-23T13:55:17.383+0530][gc,init] Heap Min Capacity: 1G
[2023-07-23T13:55:17.383+0530][gc,init] Heap Initial Capacity: 1G
[2023-07-23T13:55:17.383+0530][gc,init] Heap Max Capacity: 1G
[2023-07-23T13:55:17.383+0530][gc,init] Pre-touch: Disabled
[2023-07-23T13:55:17.383+0530][gc,init] Parallel Workers: 8
[2023-07-23T13:55:17.383+0530][gc,init] Concurrent Workers: 2
[2023-07-23T13:55:17.383+0530][gc,init] Concurrent Refinement Workers: 8
[2023-07-23T13:55:17.383+0530][gc,init] Periodic GC: Disabled
[2023-07-23T13:55:17.383+0530][gc,metaspace] CDS archive(s) mapped at: [0x0000000800000000-0x0000000800c44000-0x0000000800c44000), size 12861440, SharedBaseAddress: 0x0000000800000000, ArchiveRelocationMode: 0.
[2023-07-23T13:55:17.383+0530][gc,metaspace] Compressed class space mapped at: 0x0000000801000000-0x0000000841000000, reserved size: 1073741824
[2023-07-23T13:55:17.383+0530][gc,metaspace] Narrow klass base: 0x0000000800000000, Narrow klass shift: 0, Narrow klass range: 0x100000000
[2023-07-23T13:55:23.001+0530][gc,start    ] GC(0) Pause Young (Normal) (G1 Evacuation Pause)
[2023-07-23T13:55:23.002+0530][gc,task     ] GC(0) Using 8 workers of 8 for evacuation
[2023-07-23T13:55:23.005+0530][gc,phases   ] GC(0)   Pre Evacuate Collection Set: 0.1ms
[2023-07-23T13:55:23.005+0530][gc,phases   ] GC(0)   Merge Heap Roots: 0.0ms
[2023-07-23T13:55:23.005+0530][gc,phases   ] GC(0)   Evacuate Collection Set: 2.4ms
[2023-07-23T13:55:23.005+0530][gc,phases   ] GC(0)   Post Evacuate Collection Set: 0.3ms
[2023-07-23T13:55:23.005+0530][gc,phases   ] GC(0)   Other: 0.2ms
[2023-07-23T13:55:23.005+0530][gc,heap     ] GC(0) Eden regions: 51->0(44)
[2023-07-23T13:55:23.005+0530][gc,heap     ] GC(0) Survivor regions: 0->7(7)
[2023-07-23T13:55:23.005+0530][gc,heap     ] GC(0) Old regions: 0->1
[2023-07-23T13:55:23.005+0530][gc,heap     ] GC(0) Archive regions: 2->2
[2023-07-23T13:55:23.005+0530][gc,heap     ] GC(0) Humongous regions: 0->0
[2023-07-23T13:55:23.005+0530][gc,metaspace] GC(0) Metaspace: 18387K(18624K)->18387K(18624K) NonClass: 16316K(16448K)->16316K(16448K) Class: 2071K(2176K)->2071K(2176K)
[2023-07-23T13:55:23.005+0530][gc          ] GC(0) Pause Young (Normal) (G1 Evacuation Pause) 51M->8M(1024M) 3.189ms
[2023-07-23T13:55:23.005+0530][gc,cpu      ] GC(0) User=0.01s Sys=0.01s Real=0.00s
[2023-07-23T13:55:23.101+0530][gc,start    ] GC(1) Pause Young (Concurrent Start) (Metadata GC Threshold)
[2023-07-23T13:55:23.101+0530][gc,task     ] GC(1) Using 8 workers of 8 for evacuation
[2023-07-23T13:55:23.104+0530][gc,phases   ] GC(1)   Pre Evacuate Collection Set: 0.1ms
[2023-07-23T13:55:23.104+0530][gc,phases   ] GC(1)   Merge Heap Roots: 0.0ms
[2023-07-23T13:55:23.104+0530][gc,phases   ] GC(1)   Evacuate Collection Set: 2.4ms
[2023-07-23T13:55:23.104+0530][gc,phases   ] GC(1)   Post Evacuate Collection Set: 0.2ms
[2023-07-23T13:55:23.104+0530][gc,phases   ] GC(1)   Other: 0.0ms
[2023-07-23T13:55:23.104+0530][gc,heap     ] GC(1) Eden regions: 12->0(50)
[2023-07-23T13:55:23.104+0530][gc,heap     ] GC(1) Survivor regions: 7->1(7)
[2023-07-23T13:55:23.104+0530][gc,heap     ] GC(1) Old regions: 1->7
[2023-07-23T13:55:23.104+0530][gc,heap     ] GC(1) Archive regions: 2->2
[2023-07-23T13:55:23.104+0530][gc,heap     ] GC(1) Humongous regions: 0->0
[2023-07-23T13:55:23.104+0530][gc,metaspace] GC(1) Metaspace: 21231K(21504K)->21231K(21504K) NonClass: 18805K(18944K)->18805K(18944K) Class: 2426K(2560K)->2426K(2560K)
[2023-07-23T13:55:23.104+0530][gc          ] GC(1) Pause Young (Concurrent Start) (Metadata GC Threshold) 19M->8M(1024M) 2.892ms
[2023-07-23T13:55:23.104+0530][gc          ] GC(2) Concurrent Mark Cycle
[2023-07-23T13:55:23.104+0530][gc,cpu      ] GC(1) User=0.01s Sys=0.00s Real=0.00s
[2023-07-23T13:55:23.104+0530][gc,marking  ] GC(2) Concurrent Clear Claimed Marks
[2023-07-23T13:55:23.104+0530][gc,marking  ] GC(2) Concurrent Clear Claimed Marks 0.019ms
[2023-07-23T13:55:23.104+0530][gc,marking  ] GC(2) Concurrent Scan Root Regions
[2023-07-23T13:55:23.106+0530][gc,marking  ] GC(2) Concurrent Scan Root Regions 1.419ms
[2023-07-23T13:55:23.106+0530][gc,marking  ] GC(2) Concurrent Mark
[2023-07-23T13:55:23.106+0530][gc,marking  ] GC(2) Concurrent Mark From Roots
[2023-07-23T13:55:23.106+0530][gc,task     ] GC(2) Using 2 workers of 2 for marking
[2023-07-23T13:55:23.106+0530][gc,marking  ] GC(2) Concurrent Mark From Roots 0.478ms
[2023-07-23T13:55:23.106+0530][gc,marking  ] GC(2) Concurrent Preclean
[2023-07-23T13:55:23.106+0530][gc,marking  ] GC(2) Concurrent Preclean 0.007ms
[2023-07-23T13:55:23.137+0530][gc,start    ] GC(2) Pause Remark
[2023-07-23T13:55:23.138+0530][gc          ] GC(2) Pause Remark 138M->138M(1024M) 1.203ms
[2023-07-23T13:55:23.138+0530][gc,cpu      ] GC(2) User=0.00s Sys=0.00s Real=0.00s
[2023-07-23T13:55:23.138+0530][gc,marking  ] GC(2) Concurrent Mark 32.782ms
[2023-07-23T13:55:23.138+0530][gc,marking  ] GC(2) Concurrent Rebuild Remembered Sets
[2023-07-23T13:55:23.138+0530][gc,marking  ] GC(2) Concurrent Rebuild Remembered Sets 0.005ms
[2023-07-23T13:55:23.138+0530][gc,start    ] GC(2) Pause Cleanup
[2023-07-23T13:55:23.138+0530][gc          ] GC(2) Pause Cleanup 138M->138M(1024M) 0.006ms
[2023-07-23T13:55:23.138+0530][gc,cpu      ] GC(2) User=0.00s Sys=0.00s Real=0.00s
[2023-07-23T13:55:23.138+0530][gc,marking  ] GC(2) Concurrent Cleanup for Next Mark
[2023-07-23T13:55:23.140+0530][gc,marking  ] GC(2) Concurrent Cleanup for Next Mark 1.615ms
[2023-07-23T13:55:23.140+0530][gc          ] GC(2) Concurrent Mark Cycle 36.082ms
[2023-07-23T13:55:23.514+0530][gc,heap,exit] Heap
[2023-07-23T13:55:23.514+0530][gc,heap,exit]  garbage-first heap   total 1048576K, used 184563K [0x00000007c0000000, 0x0000000800000000)
[2023-07-23T13:55:23.515+0530][gc,heap,exit]   region size 1024K, 44 young (45056K), 1 survivors (1024K)
[2023-07-23T13:55:23.515+0530][gc,heap,exit]  Metaspace       used 30179K, committed 30528K, reserved 1114112K
[2023-07-23T13:55:23.515+0530][gc,heap,exit]   class space    used 3363K, committed 3520K, reserved 1048576K
