[2023-03-13T11:23:21.654+0530][gc,init] CardTable entry size: 512
[2023-03-13T11:23:21.654+0530][gc     ] Using G1
[2023-03-13T11:23:21.655+0530][gc,init] Version: 19.0.1+10-21 (release)
[2023-03-13T11:23:21.655+0530][gc,init] CPUs: 8 total, 8 available
[2023-03-13T11:23:21.655+0530][gc,init] Memory: 8192M
[2023-03-13T11:23:21.655+0530][gc,init] Large Page Support: Disabled
[2023-03-13T11:23:21.655+0530][gc,init] NUMA Support: Disabled
[2023-03-13T11:23:21.655+0530][gc,init] Compressed Oops: Enabled (Zero based)
[2023-03-13T11:23:21.655+0530][gc,init] Heap Region Size: 1M
[2023-03-13T11:23:21.655+0530][gc,init] Heap Min Capacity: 1G
[2023-03-13T11:23:21.655+0530][gc,init] Heap Initial Capacity: 1G
[2023-03-13T11:23:21.655+0530][gc,init] Heap Max Capacity: 1G
[2023-03-13T11:23:21.655+0530][gc,init] Pre-touch: Disabled
[2023-03-13T11:23:21.655+0530][gc,init] Parallel Workers: 8
[2023-03-13T11:23:21.655+0530][gc,init] Concurrent Workers: 2
[2023-03-13T11:23:21.655+0530][gc,init] Concurrent Refinement Workers: 8
[2023-03-13T11:23:21.655+0530][gc,init] Periodic GC: Disabled
[2023-03-13T11:23:21.655+0530][gc,metaspace] CDS archive(s) mapped at: [0x0000000800000000-0x0000000800c44000-0x0000000800c44000), size 12861440, SharedBaseAddress: 0x0000000800000000, ArchiveRelocationMode: 0.
[2023-03-13T11:23:21.655+0530][gc,metaspace] Compressed class space mapped at: 0x0000000801000000-0x0000000841000000, reserved size: 1073741824
[2023-03-13T11:23:21.655+0530][gc,metaspace] Narrow klass base: 0x0000000800000000, Narrow klass shift: 0, Narrow klass range: 0x100000000
[2023-03-13T11:23:27.282+0530][gc,start    ] GC(0) Pause Young (Normal) (G1 Evacuation Pause)
[2023-03-13T11:23:27.282+0530][gc,task     ] GC(0) Using 8 workers of 8 for evacuation
[2023-03-13T11:23:27.285+0530][gc,phases   ] GC(0)   Pre Evacuate Collection Set: 0.1ms
[2023-03-13T11:23:27.285+0530][gc,phases   ] GC(0)   Merge Heap Roots: 0.0ms
[2023-03-13T11:23:27.285+0530][gc,phases   ] GC(0)   Evacuate Collection Set: 2.0ms
[2023-03-13T11:23:27.285+0530][gc,phases   ] GC(0)   Post Evacuate Collection Set: 0.2ms
[2023-03-13T11:23:27.285+0530][gc,phases   ] GC(0)   Other: 0.2ms
[2023-03-13T11:23:27.285+0530][gc,heap     ] GC(0) Eden regions: 51->0(44)
[2023-03-13T11:23:27.285+0530][gc,heap     ] GC(0) Survivor regions: 0->7(7)
[2023-03-13T11:23:27.285+0530][gc,heap     ] GC(0) Old regions: 0->1
[2023-03-13T11:23:27.285+0530][gc,heap     ] GC(0) Archive regions: 2->2
[2023-03-13T11:23:27.285+0530][gc,heap     ] GC(0) Humongous regions: 0->0
[2023-03-13T11:23:27.285+0530][gc,metaspace] GC(0) Metaspace: 18375K(18624K)->18375K(18624K) NonClass: 16306K(16448K)->16306K(16448K) Class: 2068K(2176K)->2068K(2176K)
[2023-03-13T11:23:27.285+0530][gc          ] GC(0) Pause Young (Normal) (G1 Evacuation Pause) 51M->8M(1024M) 2.750ms
[2023-03-13T11:23:27.285+0530][gc,cpu      ] GC(0) User=0.02s Sys=0.00s Real=0.00s
[2023-03-13T11:23:27.388+0530][gc,start    ] GC(1) Pause Young (Concurrent Start) (Metadata GC Threshold)
[2023-03-13T11:23:27.388+0530][gc,task     ] GC(1) Using 8 workers of 8 for evacuation
[2023-03-13T11:23:27.391+0530][gc,phases   ] GC(1)   Pre Evacuate Collection Set: 0.1ms
[2023-03-13T11:23:27.391+0530][gc,phases   ] GC(1)   Merge Heap Roots: 0.0ms
[2023-03-13T11:23:27.391+0530][gc,phases   ] GC(1)   Evacuate Collection Set: 2.8ms
[2023-03-13T11:23:27.392+0530][gc,phases   ] GC(1)   Post Evacuate Collection Set: 0.2ms
[2023-03-13T11:23:27.392+0530][gc,phases   ] GC(1)   Other: 0.0ms
[2023-03-13T11:23:27.392+0530][gc,heap     ] GC(1) Eden regions: 12->0(49)
[2023-03-13T11:23:27.392+0530][gc,heap     ] GC(1) Survivor regions: 7->2(7)
[2023-03-13T11:23:27.392+0530][gc,heap     ] GC(1) Old regions: 1->7
[2023-03-13T11:23:27.392+0530][gc,heap     ] GC(1) Archive regions: 2->2
[2023-03-13T11:23:27.392+0530][gc,heap     ] GC(1) Humongous regions: 0->0
[2023-03-13T11:23:27.392+0530][gc,metaspace] GC(1) Metaspace: 21249K(21504K)->21249K(21504K) NonClass: 18813K(18944K)->18813K(18944K) Class: 2436K(2560K)->2436K(2560K)
[2023-03-13T11:23:27.392+0530][gc          ] GC(1) Pause Young (Concurrent Start) (Metadata GC Threshold) 19M->9M(1024M) 3.346ms
[2023-03-13T11:23:27.392+0530][gc          ] GC(2) Concurrent Mark Cycle
[2023-03-13T11:23:27.392+0530][gc,cpu      ] GC(1) User=0.02s Sys=0.01s Real=0.01s
[2023-03-13T11:23:27.392+0530][gc,marking  ] GC(2) Concurrent Clear Claimed Marks
[2023-03-13T11:23:27.392+0530][gc,marking  ] GC(2) Concurrent Clear Claimed Marks 0.027ms
[2023-03-13T11:23:27.392+0530][gc,marking  ] GC(2) Concurrent Scan Root Regions
[2023-03-13T11:23:27.393+0530][gc,marking  ] GC(2) Concurrent Scan Root Regions 1.273ms
[2023-03-13T11:23:27.393+0530][gc,marking  ] GC(2) Concurrent Mark
[2023-03-13T11:23:27.393+0530][gc,marking  ] GC(2) Concurrent Mark From Roots
[2023-03-13T11:23:27.393+0530][gc,task     ] GC(2) Using 2 workers of 2 for marking
[2023-03-13T11:23:27.393+0530][gc,marking  ] GC(2) Concurrent Mark From Roots 0.371ms
[2023-03-13T11:23:27.393+0530][gc,marking  ] GC(2) Concurrent Preclean
[2023-03-13T11:23:27.393+0530][gc,marking  ] GC(2) Concurrent Preclean 0.005ms
[2023-03-13T11:23:27.393+0530][gc,start    ] GC(2) Pause Remark
[2023-03-13T11:23:27.394+0530][gc          ] GC(2) Pause Remark 9M->9M(1024M) 0.873ms
[2023-03-13T11:23:27.394+0530][gc,cpu      ] GC(2) User=0.00s Sys=0.00s Real=0.00s
[2023-03-13T11:23:27.394+0530][gc,marking  ] GC(2) Concurrent Mark 1.326ms
[2023-03-13T11:23:27.394+0530][gc,marking  ] GC(2) Concurrent Rebuild Remembered Sets
[2023-03-13T11:23:27.394+0530][gc,marking  ] GC(2) Concurrent Rebuild Remembered Sets 0.004ms
[2023-03-13T11:23:27.394+0530][gc,start    ] GC(2) Pause Cleanup
[2023-03-13T11:23:27.394+0530][gc          ] GC(2) Pause Cleanup 9M->9M(1024M) 0.006ms
[2023-03-13T11:23:27.394+0530][gc,cpu      ] GC(2) User=0.00s Sys=0.00s Real=0.00s
[2023-03-13T11:23:27.394+0530][gc,marking  ] GC(2) Concurrent Cleanup for Next Mark
[2023-03-13T11:23:27.399+0530][gc,marking  ] GC(2) Concurrent Cleanup for Next Mark 4.734ms
[2023-03-13T11:23:27.399+0530][gc          ] GC(2) Concurrent Mark Cycle 7.527ms
[2023-03-13T11:23:27.700+0530][gc,start    ] GC(3) Pause Young (Normal) (G1 Evacuation Pause)
[2023-03-13T11:23:27.700+0530][gc,task     ] GC(3) Using 8 workers of 8 for evacuation
[2023-03-13T11:23:27.702+0530][gc,phases   ] GC(3)   Pre Evacuate Collection Set: 0.1ms
[2023-03-13T11:23:27.702+0530][gc,phases   ] GC(3)   Merge Heap Roots: 0.1ms
[2023-03-13T11:23:27.702+0530][gc,phases   ] GC(3)   Evacuate Collection Set: 1.8ms
[2023-03-13T11:23:27.702+0530][gc,phases   ] GC(3)   Post Evacuate Collection Set: 0.4ms
[2023-03-13T11:23:27.702+0530][gc,phases   ] GC(3)   Other: 0.0ms
[2023-03-13T11:23:27.702+0530][gc,heap     ] GC(3) Eden regions: 49->0(45)
[2023-03-13T11:23:27.702+0530][gc,heap     ] GC(3) Survivor regions: 2->6(7)
[2023-03-13T11:23:27.702+0530][gc,heap     ] GC(3) Old regions: 7->7
[2023-03-13T11:23:27.702+0530][gc,heap     ] GC(3) Archive regions: 2->2
[2023-03-13T11:23:27.702+0530][gc,heap     ] GC(3) Humongous regions: 129->129
[2023-03-13T11:23:27.702+0530][gc,metaspace] GC(3) Metaspace: 33098K(33408K)->33098K(33408K) NonClass: 29580K(29760K)->29580K(29760K) Class: 3518K(3648K)->3518K(3648K)
[2023-03-13T11:23:27.702+0530][gc          ] GC(3) Pause Young (Normal) (G1 Evacuation Pause) 187M->142M(1024M) 2.539ms
[2023-03-13T11:23:27.702+0530][gc,cpu      ] GC(3) User=0.01s Sys=0.00s Real=0.00s
[2023-03-13T11:44:33.904+0530][gc,start    ] GC(4) Pause Young (Concurrent Start) (Metadata GC Threshold)
[2023-03-13T11:44:33.905+0530][gc,task     ] GC(4) Using 8 workers of 8 for evacuation
[2023-03-13T11:44:33.911+0530][gc,phases   ] GC(4)   Pre Evacuate Collection Set: 0.7ms
[2023-03-13T11:44:33.911+0530][gc,phases   ] GC(4)   Merge Heap Roots: 0.1ms
[2023-03-13T11:44:33.911+0530][gc,phases   ] GC(4)   Evacuate Collection Set: 4.7ms
[2023-03-13T11:44:33.911+0530][gc,phases   ] GC(4)   Post Evacuate Collection Set: 0.3ms
[2023-03-13T11:44:33.911+0530][gc,phases   ] GC(4)   Other: 0.0ms
[2023-03-13T11:44:33.911+0530][gc,heap     ] GC(4) Eden regions: 20->0(50)
[2023-03-13T11:44:33.911+0530][gc,heap     ] GC(4) Survivor regions: 6->1(7)
[2023-03-13T11:44:33.911+0530][gc,heap     ] GC(4) Old regions: 7->13
[2023-03-13T11:44:33.911+0530][gc,heap     ] GC(4) Archive regions: 2->2
[2023-03-13T11:44:33.911+0530][gc,heap     ] GC(4) Humongous regions: 129->129
[2023-03-13T11:44:33.911+0530][gc,metaspace] GC(4) Metaspace: 35664K(35968K)->35664K(35968K) NonClass: 31773K(31936K)->31773K(31936K) Class: 3890K(4032K)->3890K(4032K)
[2023-03-13T11:44:33.911+0530][gc          ] GC(4) Pause Young (Concurrent Start) (Metadata GC Threshold) 162M->143M(1024M) 6.323ms
[2023-03-13T11:44:33.911+0530][gc,cpu      ] GC(4) User=0.02s Sys=0.02s Real=0.01s
[2023-03-13T11:44:33.911+0530][gc          ] GC(5) Concurrent Mark Cycle
[2023-03-13T11:44:33.911+0530][gc,marking  ] GC(5) Concurrent Clear Claimed Marks
[2023-03-13T11:44:33.911+0530][gc,marking  ] GC(5) Concurrent Clear Claimed Marks 0.025ms
[2023-03-13T11:44:33.911+0530][gc,marking  ] GC(5) Concurrent Scan Root Regions
[2023-03-13T11:44:33.913+0530][gc,marking  ] GC(5) Concurrent Scan Root Regions 2.176ms
[2023-03-13T11:44:33.913+0530][gc,marking  ] GC(5) Concurrent Mark
[2023-03-13T11:44:33.913+0530][gc,marking  ] GC(5) Concurrent Mark From Roots
[2023-03-13T11:44:33.913+0530][gc,task     ] GC(5) Using 2 workers of 2 for marking
[2023-03-13T11:44:33.916+0530][gc,marking  ] GC(5) Concurrent Mark From Roots 2.767ms
[2023-03-13T11:44:33.916+0530][gc,marking  ] GC(5) Concurrent Preclean
[2023-03-13T11:44:33.916+0530][gc,marking  ] GC(5) Concurrent Preclean 0.052ms
[2023-03-13T11:44:33.916+0530][gc,start    ] GC(5) Pause Remark
[2023-03-13T11:44:33.921+0530][gc          ] GC(5) Pause Remark 144M->144M(1024M) 5.229ms
[2023-03-13T11:44:33.921+0530][gc,cpu      ] GC(5) User=0.01s Sys=0.02s Real=0.01s
[2023-03-13T11:44:33.921+0530][gc,marking  ] GC(5) Concurrent Mark 8.290ms
[2023-03-13T11:44:33.921+0530][gc,marking  ] GC(5) Concurrent Rebuild Remembered Sets
[2023-03-13T11:44:33.924+0530][gc,marking  ] GC(5) Concurrent Rebuild Remembered Sets 3.078ms
[2023-03-13T11:44:33.924+0530][gc,start    ] GC(5) Pause Cleanup
[2023-03-13T11:44:33.925+0530][gc          ] GC(5) Pause Cleanup 144M->144M(1024M) 0.124ms
[2023-03-13T11:44:33.925+0530][gc,cpu      ] GC(5) User=0.00s Sys=0.00s Real=0.00s
[2023-03-13T11:44:33.925+0530][gc,marking  ] GC(5) Concurrent Cleanup for Next Mark
[2023-03-13T11:44:33.926+0530][gc,marking  ] GC(5) Concurrent Cleanup for Next Mark 1.698ms
[2023-03-13T11:44:33.926+0530][gc          ] GC(5) Concurrent Mark Cycle 15.693ms
[2023-03-13T11:52:58.365+0530][gc,start    ] GC(6) Pause Young (Prepare Mixed) (G1 Evacuation Pause)
[2023-03-13T11:52:58.367+0530][gc,task     ] GC(6) Using 8 workers of 8 for evacuation
[2023-03-13T11:52:58.393+0530][gc,mmu      ] GC(6) MMU target violated: 21.0ms (20.0ms/21.0ms)
[2023-03-13T11:52:58.393+0530][gc,phases   ] GC(6)   Pre Evacuate Collection Set: 0.9ms
[2023-03-13T11:52:58.393+0530][gc,phases   ] GC(6)   Merge Heap Roots: 0.2ms
[2023-03-13T11:52:58.393+0530][gc,phases   ] GC(6)   Evacuate Collection Set: 24.4ms
[2023-03-13T11:52:58.394+0530][gc,phases   ] GC(6)   Post Evacuate Collection Set: 1.1ms
[2023-03-13T11:52:58.394+0530][gc,phases   ] GC(6)   Other: 0.3ms
[2023-03-13T11:52:58.394+0530][gc,heap     ] GC(6) Eden regions: 50->0(45)
[2023-03-13T11:52:58.394+0530][gc,heap     ] GC(6) Survivor regions: 1->6(7)
[2023-03-13T11:52:58.394+0530][gc,heap     ] GC(6) Old regions: 13->13
[2023-03-13T11:52:58.394+0530][gc,heap     ] GC(6) Archive regions: 2->2
[2023-03-13T11:52:58.394+0530][gc,heap     ] GC(6) Humongous regions: 129->129
[2023-03-13T11:52:58.394+0530][gc,metaspace] GC(6) Metaspace: 40790K(41344K)->40790K(41344K) NonClass: 36182K(36480K)->36182K(36480K) Class: 4607K(4864K)->4607K(4864K)
[2023-03-13T11:52:58.394+0530][gc          ] GC(6) Pause Young (Prepare Mixed) (G1 Evacuation Pause) 193M->147M(1024M) 28.508ms
[2023-03-13T11:52:58.394+0530][gc,cpu      ] GC(6) User=0.03s Sys=0.05s Real=0.03s
[2023-03-13T11:57:51.771+0530][gc,start    ] GC(7) Pause Young (Mixed) (G1 Evacuation Pause)
[2023-03-13T11:57:51.772+0530][gc,task     ] GC(7) Using 8 workers of 8 for evacuation
[2023-03-13T11:57:51.791+0530][gc,phases   ] GC(7)   Pre Evacuate Collection Set: 0.7ms
[2023-03-13T11:57:51.791+0530][gc,phases   ] GC(7)   Merge Heap Roots: 0.1ms
[2023-03-13T11:57:51.791+0530][gc,phases   ] GC(7)   Evacuate Collection Set: 15.3ms
[2023-03-13T11:57:51.791+0530][gc,phases   ] GC(7)   Post Evacuate Collection Set: 2.0ms
[2023-03-13T11:57:51.791+0530][gc,phases   ] GC(7)   Other: 0.2ms
[2023-03-13T11:57:51.791+0530][gc,heap     ] GC(7) Eden regions: 45->0(47)
[2023-03-13T11:57:51.791+0530][gc,heap     ] GC(7) Survivor regions: 6->4(7)
[2023-03-13T11:57:51.791+0530][gc,heap     ] GC(7) Old regions: 13->15
[2023-03-13T11:57:51.791+0530][gc,heap     ] GC(7) Archive regions: 2->2
[2023-03-13T11:57:51.791+0530][gc,heap     ] GC(7) Humongous regions: 129->129
[2023-03-13T11:57:51.791+0530][gc,metaspace] GC(7) Metaspace: 42915K(43584K)->42915K(43584K) NonClass: 37983K(38336K)->37983K(38336K) Class: 4932K(5248K)->4932K(5248K)
[2023-03-13T11:57:51.791+0530][gc          ] GC(7) Pause Young (Mixed) (G1 Evacuation Pause) 192M->148M(1024M) 20.501ms
[2023-03-13T11:57:51.792+0530][gc,cpu      ] GC(7) User=0.03s Sys=0.03s Real=0.02s
[2023-03-13T12:05:49.031+0530][gc,start    ] GC(8) Pause Young (Normal) (G1 Evacuation Pause)
[2023-03-13T12:05:49.032+0530][gc,task     ] GC(8) Using 8 workers of 8 for evacuation
[2023-03-13T12:05:49.053+0530][gc,mmu      ] GC(8) MMU target violated: 20.0ms (20.0ms/21.0ms)
[2023-03-13T12:05:49.053+0530][gc,phases   ] GC(8)   Pre Evacuate Collection Set: 0.7ms
[2023-03-13T12:05:49.053+0530][gc,phases   ] GC(8)   Merge Heap Roots: 0.1ms
[2023-03-13T12:05:49.053+0530][gc,phases   ] GC(8)   Evacuate Collection Set: 18.2ms
[2023-03-13T12:05:49.053+0530][gc,phases   ] GC(8)   Post Evacuate Collection Set: 0.9ms
[2023-03-13T12:05:49.053+0530][gc,phases   ] GC(8)   Other: 0.4ms
[2023-03-13T12:05:49.053+0530][gc,heap     ] GC(8) Eden regions: 47->0(44)
[2023-03-13T12:05:49.053+0530][gc,heap     ] GC(8) Survivor regions: 4->7(7)
[2023-03-13T12:05:49.053+0530][gc,heap     ] GC(8) Old regions: 15->15
[2023-03-13T12:05:49.053+0530][gc,heap     ] GC(8) Archive regions: 2->2
[2023-03-13T12:05:49.053+0530][gc,heap     ] GC(8) Humongous regions: 129->129
[2023-03-13T12:05:49.053+0530][gc,metaspace] GC(8) Metaspace: 43173K(43840K)->43173K(43840K) NonClass: 38219K(38592K)->38219K(38592K) Class: 4954K(5248K)->4954K(5248K)
[2023-03-13T12:05:49.053+0530][gc          ] GC(8) Pause Young (Normal) (G1 Evacuation Pause) 195M->151M(1024M) 21.952ms
[2023-03-13T12:05:49.053+0530][gc,cpu      ] GC(8) User=0.04s Sys=0.03s Real=0.02s
[2023-03-13T12:13:48.690+0530][gc,start    ] GC(9) Pause Young (Normal) (G1 Evacuation Pause)
[2023-03-13T12:13:48.690+0530][gc,task     ] GC(9) Using 8 workers of 8 for evacuation
[2023-03-13T12:13:48.710+0530][gc,phases   ] GC(9)   Pre Evacuate Collection Set: 1.2ms
[2023-03-13T12:13:48.710+0530][gc,phases   ] GC(9)   Merge Heap Roots: 0.2ms
[2023-03-13T12:13:48.710+0530][gc,phases   ] GC(9)   Evacuate Collection Set: 16.9ms
[2023-03-13T12:13:48.710+0530][gc,phases   ] GC(9)   Post Evacuate Collection Set: 0.6ms
[2023-03-13T12:13:48.710+0530][gc,phases   ] GC(9)   Other: 0.2ms
[2023-03-13T12:13:48.710+0530][gc,heap     ] GC(9) Eden regions: 44->0(46)
[2023-03-13T12:13:48.710+0530][gc,heap     ] GC(9) Survivor regions: 7->5(7)
[2023-03-13T12:13:48.710+0530][gc,heap     ] GC(9) Old regions: 15->20
[2023-03-13T12:13:48.710+0530][gc,heap     ] GC(9) Archive regions: 2->2
[2023-03-13T12:13:48.710+0530][gc,heap     ] GC(9) Humongous regions: 129->129
[2023-03-13T12:13:48.710+0530][gc,metaspace] GC(9) Metaspace: 43266K(43904K)->43266K(43904K) NonClass: 38311K(38656K)->38311K(38656K) Class: 4954K(5248K)->4954K(5248K)
[2023-03-13T12:13:48.710+0530][gc          ] GC(9) Pause Young (Normal) (G1 Evacuation Pause) 195M->153M(1024M) 20.280ms
[2023-03-13T12:13:48.710+0530][gc,cpu      ] GC(9) User=0.06s Sys=0.02s Real=0.02s
[2023-03-13T12:22:29.534+0530][gc,start    ] GC(10) Pause Young (Normal) (G1 Evacuation Pause)
[2023-03-13T12:22:29.536+0530][gc,task     ] GC(10) Using 8 workers of 8 for evacuation
[2023-03-13T12:22:29.554+0530][gc,phases   ] GC(10)   Pre Evacuate Collection Set: 1.7ms
[2023-03-13T12:22:29.554+0530][gc,phases   ] GC(10)   Merge Heap Roots: 0.2ms
[2023-03-13T12:22:29.554+0530][gc,phases   ] GC(10)   Evacuate Collection Set: 15.1ms
[2023-03-13T12:22:29.554+0530][gc,phases   ] GC(10)   Post Evacuate Collection Set: 0.4ms
[2023-03-13T12:22:29.554+0530][gc,phases   ] GC(10)   Other: 0.3ms
[2023-03-13T12:22:29.554+0530][gc,heap     ] GC(10) Eden regions: 46->0(46)
[2023-03-13T12:22:29.554+0530][gc,heap     ] GC(10) Survivor regions: 5->5(7)
[2023-03-13T12:22:29.554+0530][gc,heap     ] GC(10) Old regions: 20->23
[2023-03-13T12:22:29.554+0530][gc,heap     ] GC(10) Archive regions: 2->2
[2023-03-13T12:22:29.554+0530][gc,heap     ] GC(10) Humongous regions: 129->129
[2023-03-13T12:22:29.554+0530][gc,metaspace] GC(10) Metaspace: 43460K(44032K)->43460K(44032K) NonClass: 38505K(38784K)->38505K(38784K) Class: 4954K(5248K)->4954K(5248K)
[2023-03-13T12:22:29.554+0530][gc          ] GC(10) Pause Young (Normal) (G1 Evacuation Pause) 199M->157M(1024M) 19.461ms
[2023-03-13T12:22:29.554+0530][gc,cpu      ] GC(10) User=0.04s Sys=0.01s Real=0.02s
[2023-03-13T12:30:28.781+0530][gc,start    ] GC(11) Pause Young (Normal) (G1 Evacuation Pause)
[2023-03-13T12:30:28.782+0530][gc,task     ] GC(11) Using 8 workers of 8 for evacuation
[2023-03-13T12:30:28.805+0530][gc,mmu      ] GC(11) MMU target violated: 21.0ms (20.0ms/21.0ms)
[2023-03-13T12:30:28.805+0530][gc,phases   ] GC(11)   Pre Evacuate Collection Set: 1.9ms
[2023-03-13T12:30:28.805+0530][gc,phases   ] GC(11)   Merge Heap Roots: 0.3ms
[2023-03-13T12:30:28.805+0530][gc,phases   ] GC(11)   Evacuate Collection Set: 19.8ms
[2023-03-13T12:30:28.805+0530][gc,phases   ] GC(11)   Post Evacuate Collection Set: 0.6ms
[2023-03-13T12:30:28.805+0530][gc,phases   ] GC(11)   Other: 0.3ms
[2023-03-13T12:30:28.805+0530][gc,heap     ] GC(11) Eden regions: 46->0(46)
[2023-03-13T12:30:28.805+0530][gc,heap     ] GC(11) Survivor regions: 5->5(7)
[2023-03-13T12:30:28.805+0530][gc,heap     ] GC(11) Old regions: 23->26
[2023-03-13T12:30:28.805+0530][gc,heap     ] GC(11) Archive regions: 2->2
[2023-03-13T12:30:28.805+0530][gc,heap     ] GC(11) Humongous regions: 129->129
[2023-03-13T12:30:28.805+0530][gc,metaspace] GC(11) Metaspace: 43577K(44224K)->43577K(44224K) NonClass: 38619K(38976K)->38619K(38976K) Class: 4957K(5248K)->4957K(5248K)
[2023-03-13T12:30:28.805+0530][gc          ] GC(11) Pause Young (Normal) (G1 Evacuation Pause) 203M->160M(1024M) 23.974ms
[2023-03-13T12:30:28.806+0530][gc,cpu      ] GC(11) User=0.05s Sys=0.03s Real=0.02s
[2023-03-13T12:39:15.768+0530][gc,start    ] GC(12) Pause Young (Normal) (G1 Evacuation Pause)
[2023-03-13T12:39:15.769+0530][gc,task     ] GC(12) Using 8 workers of 8 for evacuation
[2023-03-13T12:39:15.783+0530][gc,phases   ] GC(12)   Pre Evacuate Collection Set: 1.3ms
[2023-03-13T12:39:15.783+0530][gc,phases   ] GC(12)   Merge Heap Roots: 0.4ms
[2023-03-13T12:39:15.783+0530][gc,phases   ] GC(12)   Evacuate Collection Set: 11.6ms
[2023-03-13T12:39:15.783+0530][gc,phases   ] GC(12)   Post Evacuate Collection Set: 0.5ms
[2023-03-13T12:39:15.783+0530][gc,phases   ] GC(12)   Other: 0.2ms
[2023-03-13T12:39:15.783+0530][gc,heap     ] GC(12) Eden regions: 46->0(47)
[2023-03-13T12:39:15.783+0530][gc,heap     ] GC(12) Survivor regions: 5->4(7)
[2023-03-13T12:39:15.783+0530][gc,heap     ] GC(12) Old regions: 26->28
[2023-03-13T12:39:15.783+0530][gc,heap     ] GC(12) Archive regions: 2->2
[2023-03-13T12:39:15.783+0530][gc,heap     ] GC(12) Humongous regions: 129->129
[2023-03-13T12:39:15.783+0530][gc,metaspace] GC(12) Metaspace: 43715K(44352K)->43715K(44352K) NonClass: 38758K(39104K)->38758K(39104K) Class: 4957K(5248K)->4957K(5248K)
[2023-03-13T12:39:15.783+0530][gc          ] GC(12) Pause Young (Normal) (G1 Evacuation Pause) 206M->161M(1024M) 15.771ms
[2023-03-13T12:39:15.784+0530][gc,cpu      ] GC(12) User=0.03s Sys=0.02s Real=0.02s
[2023-03-13T12:48:15.495+0530][gc,start    ] GC(13) Pause Young (Normal) (G1 Evacuation Pause)
[2023-03-13T12:48:15.496+0530][gc,task     ] GC(13) Using 8 workers of 8 for evacuation
[2023-03-13T12:48:15.505+0530][gc,phases   ] GC(13)   Pre Evacuate Collection Set: 0.9ms
[2023-03-13T12:48:15.505+0530][gc,phases   ] GC(13)   Merge Heap Roots: 0.1ms
[2023-03-13T12:48:15.505+0530][gc,phases   ] GC(13)   Evacuate Collection Set: 6.6ms
[2023-03-13T12:48:15.505+0530][gc,phases   ] GC(13)   Post Evacuate Collection Set: 0.6ms
[2023-03-13T12:48:15.505+0530][gc,phases   ] GC(13)   Other: 0.2ms
[2023-03-13T12:48:15.505+0530][gc,heap     ] GC(13) Eden regions: 47->0(54)
[2023-03-13T12:48:15.505+0530][gc,heap     ] GC(13) Survivor regions: 4->5(7)
[2023-03-13T12:48:15.505+0530][gc,heap     ] GC(13) Old regions: 28->28
[2023-03-13T12:48:15.505+0530][gc,heap     ] GC(13) Archive regions: 2->2
[2023-03-13T12:48:15.505+0530][gc,heap     ] GC(13) Humongous regions: 129->129
[2023-03-13T12:48:15.505+0530][gc,metaspace] GC(13) Metaspace: 43726K(44352K)->43726K(44352K) NonClass: 38769K(39104K)->38769K(39104K) Class: 4957K(5248K)->4957K(5248K)
[2023-03-13T12:48:15.505+0530][gc          ] GC(13) Pause Young (Normal) (G1 Evacuation Pause) 208M->162M(1024M) 10.022ms
[2023-03-13T12:48:15.505+0530][gc,cpu      ] GC(13) User=0.02s Sys=0.01s Real=0.01s
[2023-03-13T12:58:35.809+0530][gc,start    ] GC(14) Pause Young (Normal) (G1 Evacuation Pause)
[2023-03-13T12:58:35.810+0530][gc,task     ] GC(14) Using 8 workers of 8 for evacuation
[2023-03-13T12:58:35.833+0530][gc,mmu      ] GC(14) MMU target violated: 21.0ms (20.0ms/21.0ms)
[2023-03-13T12:58:35.833+0530][gc,phases   ] GC(14)   Pre Evacuate Collection Set: 1.3ms
[2023-03-13T12:58:35.833+0530][gc,phases   ] GC(14)   Merge Heap Roots: 0.2ms
[2023-03-13T12:58:35.833+0530][gc,phases   ] GC(14)   Evacuate Collection Set: 19.7ms
[2023-03-13T12:58:35.833+0530][gc,phases   ] GC(14)   Post Evacuate Collection Set: 1.1ms
[2023-03-13T12:58:35.833+0530][gc,phases   ] GC(14)   Other: 0.4ms
[2023-03-13T12:58:35.833+0530][gc,heap     ] GC(14) Eden regions: 54->0(44)
[2023-03-13T12:58:35.833+0530][gc,heap     ] GC(14) Survivor regions: 5->7(8)
[2023-03-13T12:58:35.833+0530][gc,heap     ] GC(14) Old regions: 28->30
[2023-03-13T12:58:35.833+0530][gc,heap     ] GC(14) Archive regions: 2->2
[2023-03-13T12:58:35.833+0530][gc,heap     ] GC(14) Humongous regions: 129->129
[2023-03-13T12:58:35.833+0530][gc,metaspace] GC(14) Metaspace: 43767K(44352K)->43767K(44352K) NonClass: 38809K(39104K)->38809K(39104K) Class: 4957K(5248K)->4957K(5248K)
[2023-03-13T12:58:35.833+0530][gc          ] GC(14) Pause Young (Normal) (G1 Evacuation Pause) 216M->165M(1024M) 24.630ms
[2023-03-13T12:58:35.833+0530][gc,cpu      ] GC(14) User=0.03s Sys=0.02s Real=0.03s
[2023-03-13T13:06:54.905+0530][gc,start    ] GC(15) Pause Young (Normal) (G1 Evacuation Pause)
[2023-03-13T13:06:54.906+0530][gc,task     ] GC(15) Using 8 workers of 8 for evacuation
[2023-03-13T13:06:54.913+0530][gc,phases   ] GC(15)   Pre Evacuate Collection Set: 0.8ms
[2023-03-13T13:06:54.913+0530][gc,phases   ] GC(15)   Merge Heap Roots: 0.2ms
[2023-03-13T13:06:54.913+0530][gc,phases   ] GC(15)   Evacuate Collection Set: 5.6ms
[2023-03-13T13:06:54.913+0530][gc,phases   ] GC(15)   Post Evacuate Collection Set: 0.6ms
[2023-03-13T13:06:54.913+0530][gc,phases   ] GC(15)   Other: 0.4ms
[2023-03-13T13:06:54.913+0530][gc,heap     ] GC(15) Eden regions: 44->0(78)
[2023-03-13T13:06:54.913+0530][gc,heap     ] GC(15) Survivor regions: 7->4(7)
[2023-03-13T13:06:54.913+0530][gc,heap     ] GC(15) Old regions: 30->35
[2023-03-13T13:06:54.913+0530][gc,heap     ] GC(15) Archive regions: 2->2
[2023-03-13T13:06:54.913+0530][gc,heap     ] GC(15) Humongous regions: 129->129
[2023-03-13T13:06:54.913+0530][gc,metaspace] GC(15) Metaspace: 43785K(44416K)->43785K(44416K) NonClass: 38826K(39168K)->38826K(39168K) Class: 4958K(5248K)->4958K(5248K)
[2023-03-13T13:06:54.913+0530][gc          ] GC(15) Pause Young (Normal) (G1 Evacuation Pause) 209M->168M(1024M) 8.022ms
[2023-03-13T13:06:54.913+0530][gc,cpu      ] GC(15) User=0.01s Sys=0.01s Real=0.01s
[2023-03-13T13:19:21.223+0530][gc,start    ] GC(16) Pause Young (Normal) (G1 Evacuation Pause)
[2023-03-13T13:19:21.223+0530][gc,task     ] GC(16) Using 8 workers of 8 for evacuation
[2023-03-13T13:19:21.243+0530][gc,phases   ] GC(16)   Pre Evacuate Collection Set: 0.6ms
[2023-03-13T13:19:21.243+0530][gc,phases   ] GC(16)   Merge Heap Roots: 0.2ms
[2023-03-13T13:19:21.243+0530][gc,phases   ] GC(16)   Evacuate Collection Set: 17.4ms
[2023-03-13T13:19:21.243+0530][gc,phases   ] GC(16)   Post Evacuate Collection Set: 0.6ms
[2023-03-13T13:19:21.243+0530][gc,phases   ] GC(16)   Other: 0.2ms
[2023-03-13T13:19:21.243+0530][gc,heap     ] GC(16) Eden regions: 78->0(48)
[2023-03-13T13:19:21.243+0530][gc,heap     ] GC(16) Survivor regions: 4->9(11)
[2023-03-13T13:19:21.243+0530][gc,heap     ] GC(16) Old regions: 35->35
[2023-03-13T13:19:21.243+0530][gc,heap     ] GC(16) Archive regions: 2->2
[2023-03-13T13:19:21.243+0530][gc,heap     ] GC(16) Humongous regions: 129->129
[2023-03-13T13:19:21.243+0530][gc,metaspace] GC(16) Metaspace: 43877K(44480K)->43877K(44480K) NonClass: 38917K(39232K)->38917K(39232K) Class: 4959K(5248K)->4959K(5248K)
[2023-03-13T13:19:21.243+0530][gc          ] GC(16) Pause Young (Normal) (G1 Evacuation Pause) 246M->173M(1024M) 20.959ms
[2023-03-13T13:19:21.243+0530][gc,cpu      ] GC(16) User=0.04s Sys=0.02s Real=0.02s
[2023-03-13T13:27:36.675+0530][gc,start    ] GC(17) Pause Young (Normal) (G1 Evacuation Pause)
[2023-03-13T13:27:36.676+0530][gc,task     ] GC(17) Using 8 workers of 8 for evacuation
[2023-03-13T13:27:36.700+0530][gc,mmu      ] GC(17) MMU target violated: 21.0ms (20.0ms/21.0ms)
[2023-03-13T13:27:36.700+0530][gc,phases   ] GC(17)   Pre Evacuate Collection Set: 1.1ms
[2023-03-13T13:27:36.700+0530][gc,phases   ] GC(17)   Merge Heap Roots: 0.3ms
[2023-03-13T13:27:36.700+0530][gc,phases   ] GC(17)   Evacuate Collection Set: 21.0ms
[2023-03-13T13:27:36.700+0530][gc,phases   ] GC(17)   Post Evacuate Collection Set: 0.6ms
[2023-03-13T13:27:36.700+0530][gc,phases   ] GC(17)   Other: 0.4ms
[2023-03-13T13:27:36.700+0530][gc,heap     ] GC(17) Eden regions: 48->0(44)
[2023-03-13T13:27:36.700+0530][gc,heap     ] GC(17) Survivor regions: 9->7(8)
[2023-03-13T13:27:36.700+0530][gc,heap     ] GC(17) Old regions: 35->42
[2023-03-13T13:27:36.700+0530][gc,heap     ] GC(17) Archive regions: 2->2
[2023-03-13T13:27:36.700+0530][gc,heap     ] GC(17) Humongous regions: 129->129
[2023-03-13T13:27:36.700+0530][gc,metaspace] GC(17) Metaspace: 43883K(44480K)->43883K(44480K) NonClass: 38923K(39232K)->38923K(39232K) Class: 4959K(5248K)->4959K(5248K)
[2023-03-13T13:27:36.700+0530][gc          ] GC(17) Pause Young (Normal) (G1 Evacuation Pause) 221M->177M(1024M) 25.088ms
[2023-03-13T13:27:36.700+0530][gc,cpu      ] GC(17) User=0.05s Sys=0.06s Real=0.03s
[2023-03-13T13:35:52.112+0530][gc,start    ] GC(18) Pause Young (Normal) (G1 Evacuation Pause)
[2023-03-13T13:35:52.114+0530][gc,task     ] GC(18) Using 8 workers of 8 for evacuation
[2023-03-13T13:35:52.130+0530][gc,phases   ] GC(18)   Pre Evacuate Collection Set: 1.1ms
[2023-03-13T13:35:52.130+0530][gc,phases   ] GC(18)   Merge Heap Roots: 0.3ms
[2023-03-13T13:35:52.130+0530][gc,phases   ] GC(18)   Evacuate Collection Set: 13.7ms
[2023-03-13T13:35:52.130+0530][gc,phases   ] GC(18)   Post Evacuate Collection Set: 0.7ms
[2023-03-13T13:35:52.130+0530][gc,phases   ] GC(18)   Other: 0.3ms
[2023-03-13T13:35:52.130+0530][gc,heap     ] GC(18) Eden regions: 44->0(98)
[2023-03-13T13:35:52.130+0530][gc,heap     ] GC(18) Survivor regions: 7->3(7)
[2023-03-13T13:35:52.130+0530][gc,heap     ] GC(18) Old regions: 42->46
[2023-03-13T13:35:52.130+0530][gc,heap     ] GC(18) Archive regions: 2->2
[2023-03-13T13:35:52.130+0530][gc,heap     ] GC(18) Humongous regions: 129->129
[2023-03-13T13:35:52.130+0530][gc,metaspace] GC(18) Metaspace: 43895K(44480K)->43895K(44480K) NonClass: 38936K(39232K)->38936K(39232K) Class: 4959K(5248K)->4959K(5248K)
[2023-03-13T13:35:52.130+0530][gc          ] GC(18) Pause Young (Normal) (G1 Evacuation Pause) 221M->178M(1024M) 17.857ms
[2023-03-13T13:35:52.130+0530][gc,cpu      ] GC(18) User=0.04s Sys=0.02s Real=0.02s
[2023-03-13T13:54:23.991+0530][gc,start    ] GC(19) Pause Young (Normal) (G1 Evacuation Pause)
[2023-03-13T13:54:23.992+0530][gc,task     ] GC(19) Using 8 workers of 8 for evacuation
[2023-03-13T13:54:24.006+0530][gc,phases   ] GC(19)   Pre Evacuate Collection Set: 1.0ms
[2023-03-13T13:54:24.006+0530][gc,phases   ] GC(19)   Merge Heap Roots: 0.1ms
[2023-03-13T13:54:24.006+0530][gc,phases   ] GC(19)   Evacuate Collection Set: 11.4ms
[2023-03-13T13:54:24.006+0530][gc,phases   ] GC(19)   Post Evacuate Collection Set: 0.9ms
[2023-03-13T13:54:24.006+0530][gc,phases   ] GC(19)   Other: 0.3ms
[2023-03-13T13:54:24.006+0530][gc,heap     ] GC(19) Eden regions: 98->0(43)
[2023-03-13T13:54:24.006+0530][gc,heap     ] GC(19) Survivor regions: 3->10(13)
[2023-03-13T13:54:24.006+0530][gc,heap     ] GC(19) Old regions: 46->46
[2023-03-13T13:54:24.006+0530][gc,heap     ] GC(19) Archive regions: 2->2
[2023-03-13T13:54:24.006+0530][gc,heap     ] GC(19) Humongous regions: 129->129
[2023-03-13T13:54:24.006+0530][gc,metaspace] GC(19) Metaspace: 43905K(44480K)->43905K(44480K) NonClass: 38945K(39232K)->38945K(39232K) Class: 4959K(5248K)->4959K(5248K)
[2023-03-13T13:54:24.006+0530][gc          ] GC(19) Pause Young (Normal) (G1 Evacuation Pause) 276M->184M(1024M) 15.476ms
[2023-03-13T13:54:24.006+0530][gc,cpu      ] GC(19) User=0.05s Sys=0.02s Real=0.01s
[2023-03-13T14:02:32.212+0530][gc,start    ] GC(20) Pause Young (Normal) (G1 Evacuation Pause)
[2023-03-13T14:02:32.213+0530][gc,task     ] GC(20) Using 8 workers of 8 for evacuation
[2023-03-13T14:02:32.235+0530][gc,mmu      ] GC(20) MMU target violated: 21.0ms (20.0ms/21.0ms)
[2023-03-13T14:02:32.235+0530][gc,phases   ] GC(20)   Pre Evacuate Collection Set: 1.1ms
[2023-03-13T14:02:32.235+0530][gc,phases   ] GC(20)   Merge Heap Roots: 0.2ms
[2023-03-13T14:02:32.235+0530][gc,phases   ] GC(20)   Evacuate Collection Set: 19.9ms
[2023-03-13T14:02:32.235+0530][gc,phases   ] GC(20)   Post Evacuate Collection Set: 0.6ms
[2023-03-13T14:02:32.235+0530][gc,phases   ] GC(20)   Other: 0.4ms
[2023-03-13T14:02:32.235+0530][gc,heap     ] GC(20) Eden regions: 43->0(80)
[2023-03-13T14:02:32.235+0530][gc,heap     ] GC(20) Survivor regions: 10->5(7)
[2023-03-13T14:02:32.235+0530][gc,heap     ] GC(20) Old regions: 46->53
[2023-03-13T14:02:32.235+0530][gc,heap     ] GC(20) Archive regions: 2->2
[2023-03-13T14:02:32.235+0530][gc,heap     ] GC(20) Humongous regions: 129->129
[2023-03-13T14:02:32.235+0530][gc,metaspace] GC(20) Metaspace: 43906K(44480K)->43906K(44480K) NonClass: 38946K(39232K)->38946K(39232K) Class: 4959K(5248K)->4959K(5248K)
[2023-03-13T14:02:32.235+0530][gc          ] GC(20) Pause Young (Normal) (G1 Evacuation Pause) 227M->187M(1024M) 23.477ms
[2023-03-13T14:02:32.235+0530][gc,cpu      ] GC(20) User=0.06s Sys=0.02s Real=0.02s
[2023-03-13T14:17:42.388+0530][gc,start    ] GC(21) Pause Young (Normal) (G1 Evacuation Pause)
[2023-03-13T14:17:42.389+0530][gc,task     ] GC(21) Using 8 workers of 8 for evacuation
[2023-03-13T14:17:42.409+0530][gc,mmu      ] GC(21) MMU target violated: 20.0ms (20.0ms/21.0ms)
[2023-03-13T14:17:42.409+0530][gc,phases   ] GC(21)   Pre Evacuate Collection Set: 1.3ms
[2023-03-13T14:17:42.409+0530][gc,phases   ] GC(21)   Merge Heap Roots: 0.2ms
[2023-03-13T14:17:42.409+0530][gc,phases   ] GC(21)   Evacuate Collection Set: 17.0ms
[2023-03-13T14:17:42.409+0530][gc,phases   ] GC(21)   Post Evacuate Collection Set: 1.0ms
[2023-03-13T14:17:42.410+0530][gc,phases   ] GC(21)   Other: 0.7ms
[2023-03-13T14:17:42.410+0530][gc,heap     ] GC(21) Eden regions: 80->0(41)
[2023-03-13T14:17:42.410+0530][gc,heap     ] GC(21) Survivor regions: 5->10(11)
[2023-03-13T14:17:42.410+0530][gc,heap     ] GC(21) Old regions: 53->53
[2023-03-13T14:17:42.410+0530][gc,heap     ] GC(21) Archive regions: 2->2
[2023-03-13T14:17:42.410+0530][gc,heap     ] GC(21) Humongous regions: 129->129
[2023-03-13T14:17:42.410+0530][gc,metaspace] GC(21) Metaspace: 43911K(44480K)->43911K(44480K) NonClass: 38952K(39232K)->38952K(39232K) Class: 4959K(5248K)->4959K(5248K)
[2023-03-13T14:17:42.410+0530][gc          ] GC(21) Pause Young (Normal) (G1 Evacuation Pause) 267M->192M(1024M) 22.043ms
[2023-03-13T14:17:42.410+0530][gc,cpu      ] GC(21) User=0.05s Sys=0.02s Real=0.03s
[2023-03-13T14:29:15.069+0530][gc,start    ] GC(22) Pause Young (Normal) (G1 Evacuation Pause)
[2023-03-13T14:29:15.071+0530][gc,task     ] GC(22) Using 8 workers of 8 for evacuation
[2023-03-13T14:29:15.099+0530][gc,mmu      ] GC(22) MMU target violated: 21.0ms (20.0ms/21.0ms)
[2023-03-13T14:29:15.099+0530][gc,phases   ] GC(22)   Pre Evacuate Collection Set: 0.6ms
[2023-03-13T14:29:15.099+0530][gc,phases   ] GC(22)   Merge Heap Roots: 0.1ms
[2023-03-13T14:29:15.099+0530][gc,phases   ] GC(22)   Evacuate Collection Set: 23.4ms
[2023-03-13T14:29:15.099+0530][gc,phases   ] GC(22)   Post Evacuate Collection Set: 2.8ms
[2023-03-13T14:29:15.099+0530][gc,phases   ] GC(22)   Other: 1.0ms
[2023-03-13T14:29:15.099+0530][gc,heap     ] GC(22) Eden regions: 41->0(44)
[2023-03-13T14:29:15.099+0530][gc,heap     ] GC(22) Survivor regions: 10->7(7)
[2023-03-13T14:29:15.099+0530][gc,heap     ] GC(22) Old regions: 53->61
[2023-03-13T14:29:15.099+0530][gc,heap     ] GC(22) Archive regions: 2->2
[2023-03-13T14:29:15.099+0530][gc,heap     ] GC(22) Humongous regions: 129->129
[2023-03-13T14:29:15.099+0530][gc,metaspace] GC(22) Metaspace: 43922K(44480K)->43922K(44480K) NonClass: 38963K(39232K)->38963K(39232K) Class: 4959K(5248K)->4959K(5248K)
[2023-03-13T14:29:15.099+0530][gc          ] GC(22) Pause Young (Normal) (G1 Evacuation Pause) 233M->197M(1024M) 30.626ms
[2023-03-13T14:29:15.099+0530][gc,cpu      ] GC(22) User=0.06s Sys=0.04s Real=0.03s
[2023-03-13T14:37:32.928+0530][gc,start    ] GC(23) Pause Young (Normal) (G1 Evacuation Pause)
[2023-03-13T14:37:32.930+0530][gc,task     ] GC(23) Using 8 workers of 8 for evacuation
[2023-03-13T14:37:32.942+0530][gc,phases   ] GC(23)   Pre Evacuate Collection Set: 0.5ms
[2023-03-13T14:37:32.942+0530][gc,phases   ] GC(23)   Merge Heap Roots: 0.2ms
[2023-03-13T14:37:32.942+0530][gc,phases   ] GC(23)   Evacuate Collection Set: 10.4ms
[2023-03-13T14:37:32.942+0530][gc,phases   ] GC(23)   Post Evacuate Collection Set: 0.8ms
[2023-03-13T14:37:32.942+0530][gc,phases   ] GC(23)   Other: 0.2ms
[2023-03-13T14:37:32.942+0530][gc,heap     ] GC(23) Eden regions: 44->0(106)
[2023-03-13T14:37:32.942+0530][gc,heap     ] GC(23) Survivor regions: 7->3(7)
[2023-03-13T14:37:32.942+0530][gc,heap     ] GC(23) Old regions: 61->66
[2023-03-13T14:37:32.942+0530][gc,heap     ] GC(23) Archive regions: 2->2
[2023-03-13T14:37:32.942+0530][gc,heap     ] GC(23) Humongous regions: 129->129
[2023-03-13T14:37:32.942+0530][gc,metaspace] GC(23) Metaspace: 43923K(44480K)->43923K(44480K) NonClass: 38963K(39232K)->38963K(39232K) Class: 4959K(5248K)->4959K(5248K)
[2023-03-13T14:37:32.942+0530][gc          ] GC(23) Pause Young (Normal) (G1 Evacuation Pause) 241M->198M(1024M) 13.919ms
[2023-03-13T14:37:32.942+0530][gc,cpu      ] GC(23) User=0.03s Sys=0.01s Real=0.02s
[2023-03-13T14:57:43.996+0530][gc,start    ] GC(24) Pause Young (Normal) (G1 Evacuation Pause)
[2023-03-13T14:57:43.998+0530][gc,task     ] GC(24) Using 8 workers of 8 for evacuation
[2023-03-13T14:57:44.035+0530][gc,mmu      ] GC(24) MMU target violated: 21.0ms (20.0ms/21.0ms)
[2023-03-13T14:57:44.035+0530][gc,phases   ] GC(24)   Pre Evacuate Collection Set: 0.7ms
[2023-03-13T14:57:44.035+0530][gc,phases   ] GC(24)   Merge Heap Roots: 0.5ms
[2023-03-13T14:57:44.035+0530][gc,phases   ] GC(24)   Evacuate Collection Set: 32.3ms
[2023-03-13T14:57:44.035+0530][gc,phases   ] GC(24)   Post Evacuate Collection Set: 2.4ms
[2023-03-13T14:57:44.035+0530][gc,phases   ] GC(24)   Other: 0.9ms
[2023-03-13T14:57:44.035+0530][gc,heap     ] GC(24) Eden regions: 106->0(41)
[2023-03-13T14:57:44.035+0530][gc,heap     ] GC(24) Survivor regions: 3->10(14)
[2023-03-13T14:57:44.035+0530][gc,heap     ] GC(24) Old regions: 66->66
[2023-03-13T14:57:44.035+0530][gc,heap     ] GC(24) Archive regions: 2->2
[2023-03-13T14:57:44.035+0530][gc,heap     ] GC(24) Humongous regions: 129->129
[2023-03-13T14:57:44.035+0530][gc,metaspace] GC(24) Metaspace: 43926K(44544K)->43926K(44544K) NonClass: 38966K(39296K)->38966K(39296K) Class: 4959K(5248K)->4959K(5248K)
[2023-03-13T14:57:44.035+0530][gc          ] GC(24) Pause Young (Normal) (G1 Evacuation Pause) 304M->204M(1024M) 38.401ms
[2023-03-13T14:57:44.035+0530][gc,cpu      ] GC(24) User=0.05s Sys=0.09s Real=0.04s
[2023-03-13T15:02:07.231+0530][gc,start    ] GC(25) Pause Young (Normal) (G1 Evacuation Pause)
[2023-03-13T15:02:07.232+0530][gc,task     ] GC(25) Using 8 workers of 8 for evacuation
[2023-03-13T15:02:07.246+0530][gc,phases   ] GC(25)   Pre Evacuate Collection Set: 0.9ms
[2023-03-13T15:02:07.246+0530][gc,phases   ] GC(25)   Merge Heap Roots: 0.2ms
[2023-03-13T15:02:07.246+0530][gc,phases   ] GC(25)   Evacuate Collection Set: 12.2ms
[2023-03-13T15:02:07.246+0530][gc,phases   ] GC(25)   Post Evacuate Collection Set: 0.6ms
[2023-03-13T15:02:07.246+0530][gc,phases   ] GC(25)   Other: 0.2ms
[2023-03-13T15:02:07.246+0530][gc,heap     ] GC(25) Eden regions: 41->0(58)
[2023-03-13T15:02:07.246+0530][gc,heap     ] GC(25) Survivor regions: 10->5(7)
[2023-03-13T15:02:07.246+0530][gc,heap     ] GC(25) Old regions: 66->73
[2023-03-13T15:02:07.247+0530][gc,heap     ] GC(25) Archive regions: 2->2
[2023-03-13T15:02:07.247+0530][gc,heap     ] GC(25) Humongous regions: 129->129
[2023-03-13T15:02:07.247+0530][gc,metaspace] GC(25) Metaspace: 44714K(45376K)->44714K(45376K) NonClass: 39634K(40000K)->39634K(40000K) Class: 5079K(5376K)->5079K(5376K)
[2023-03-13T15:02:07.247+0530][gc          ] GC(25) Pause Young (Normal) (G1 Evacuation Pause) 245M->207M(1024M) 15.961ms
[2023-03-13T15:02:07.247+0530][gc,cpu      ] GC(25) User=0.05s Sys=0.03s Real=0.01s
[2023-03-13T15:11:01.518+0530][gc,start    ] GC(26) Pause Young (Normal) (G1 Evacuation Pause)
[2023-03-13T15:11:01.519+0530][gc,task     ] GC(26) Using 8 workers of 8 for evacuation
[2023-03-13T15:11:01.531+0530][gc,phases   ] GC(26)   Pre Evacuate Collection Set: 0.9ms
[2023-03-13T15:11:01.532+0530][gc,phases   ] GC(26)   Merge Heap Roots: 0.3ms
[2023-03-13T15:11:01.532+0530][gc,phases   ] GC(26)   Evacuate Collection Set: 10.3ms
[2023-03-13T15:11:01.532+0530][gc,phases   ] GC(26)   Post Evacuate Collection Set: 0.5ms
[2023-03-13T15:11:01.532+0530][gc,phases   ] GC(26)   Other: 0.2ms
[2023-03-13T15:11:01.532+0530][gc,heap     ] GC(26) Eden regions: 58->0(45)
[2023-03-13T15:11:01.532+0530][gc,heap     ] GC(26) Survivor regions: 5->8(8)
[2023-03-13T15:11:01.532+0530][gc,heap     ] GC(26) Old regions: 73->73
[2023-03-13T15:11:01.532+0530][gc,heap     ] GC(26) Archive regions: 2->2
[2023-03-13T15:11:01.532+0530][gc,heap     ] GC(26) Humongous regions: 129->129
[2023-03-13T15:11:01.532+0530][gc,metaspace] GC(26) Metaspace: 44803K(45440K)->44803K(45440K) NonClass: 39707K(40064K)->39707K(40064K) Class: 5095K(5376K)->5095K(5376K)
[2023-03-13T15:11:01.532+0530][gc          ] GC(26) Pause Young (Normal) (G1 Evacuation Pause) 265M->210M(1024M) 14.065ms
[2023-03-13T15:11:01.532+0530][gc,cpu      ] GC(26) User=0.04s Sys=0.03s Real=0.02s
[2023-03-13T15:19:00.606+0530][gc,start    ] GC(27) Pause Young (Normal) (G1 Evacuation Pause)
[2023-03-13T15:19:00.607+0530][gc,task     ] GC(27) Using 8 workers of 8 for evacuation
[2023-03-13T15:19:00.627+0530][gc,mmu      ] GC(27) MMU target violated: 20.3ms (20.0ms/21.0ms)
[2023-03-13T15:19:00.627+0530][gc,phases   ] GC(27)   Pre Evacuate Collection Set: 0.6ms
[2023-03-13T15:19:00.627+0530][gc,phases   ] GC(27)   Merge Heap Roots: 0.1ms
[2023-03-13T15:19:00.627+0530][gc,phases   ] GC(27)   Evacuate Collection Set: 18.6ms
[2023-03-13T15:19:00.627+0530][gc,phases   ] GC(27)   Post Evacuate Collection Set: 0.9ms
[2023-03-13T15:19:00.627+0530][gc,phases   ] GC(27)   Other: 0.3ms
[2023-03-13T15:19:00.627+0530][gc,heap     ] GC(27) Eden regions: 45->0(76)
[2023-03-13T15:19:00.627+0530][gc,heap     ] GC(27) Survivor regions: 8->5(7)
[2023-03-13T15:19:00.627+0530][gc,heap     ] GC(27) Old regions: 73->80
[2023-03-13T15:19:00.627+0530][gc,heap     ] GC(27) Archive regions: 2->2
[2023-03-13T15:19:00.627+0530][gc,heap     ] GC(27) Humongous regions: 129->129
[2023-03-13T15:19:00.627+0530][gc,metaspace] GC(27) Metaspace: 44805K(45440K)->44805K(45440K) NonClass: 39709K(40064K)->39709K(40064K) Class: 5095K(5376K)->5095K(5376K)
[2023-03-13T15:19:00.628+0530][gc          ] GC(27) Pause Young (Normal) (G1 Evacuation Pause) 255M->214M(1024M) 21.213ms
[2023-03-13T15:19:00.628+0530][gc,cpu      ] GC(27) User=0.05s Sys=0.02s Real=0.02s
[2023-03-13T15:31:56.437+0530][gc,start    ] GC(28) Pause Young (Normal) (G1 Evacuation Pause)
[2023-03-13T15:31:56.438+0530][gc,task     ] GC(28) Using 8 workers of 8 for evacuation
[2023-03-13T15:31:56.466+0530][gc,mmu      ] GC(28) MMU target violated: 21.0ms (20.0ms/21.0ms)
[2023-03-13T15:31:56.466+0530][gc,phases   ] GC(28)   Pre Evacuate Collection Set: 1.2ms
[2023-03-13T15:31:56.466+0530][gc,phases   ] GC(28)   Merge Heap Roots: 0.3ms
[2023-03-13T15:31:56.466+0530][gc,phases   ] GC(28)   Evacuate Collection Set: 24.8ms
[2023-03-13T15:31:56.466+0530][gc,phases   ] GC(28)   Post Evacuate Collection Set: 1.5ms
[2023-03-13T15:31:56.466+0530][gc,phases   ] GC(28)   Other: 0.3ms
[2023-03-13T15:31:56.466+0530][gc,heap     ] GC(28) Eden regions: 76->0(40)
[2023-03-13T15:31:56.466+0530][gc,heap     ] GC(28) Survivor regions: 5->11(11)
[2023-03-13T15:31:56.466+0530][gc,heap     ] GC(28) Old regions: 80->80
[2023-03-13T15:31:56.466+0530][gc,heap     ] GC(28) Archive regions: 2->2
[2023-03-13T15:31:56.466+0530][gc,heap     ] GC(28) Humongous regions: 129->129
[2023-03-13T15:31:56.466+0530][gc,metaspace] GC(28) Metaspace: 44810K(45440K)->44810K(45440K) NonClass: 39714K(40064K)->39714K(40064K) Class: 5095K(5376K)->5095K(5376K)
[2023-03-13T15:31:56.466+0530][gc          ] GC(28) Pause Young (Normal) (G1 Evacuation Pause) 290M->220M(1024M) 29.799ms
[2023-03-13T15:31:56.467+0530][gc,cpu      ] GC(28) User=0.06s Sys=0.06s Real=0.03s
[2023-03-13T15:39:03.902+0530][gc,start    ] GC(29) Pause Young (Normal) (G1 Evacuation Pause)
[2023-03-13T15:39:03.904+0530][gc,task     ] GC(29) Using 8 workers of 8 for evacuation
[2023-03-13T15:39:03.932+0530][gc,mmu      ] GC(29) MMU target violated: 21.0ms (20.0ms/21.0ms)
[2023-03-13T15:39:03.932+0530][gc,phases   ] GC(29)   Pre Evacuate Collection Set: 1.3ms
[2023-03-13T15:39:03.932+0530][gc,phases   ] GC(29)   Merge Heap Roots: 0.3ms
[2023-03-13T15:39:03.932+0530][gc,phases   ] GC(29)   Evacuate Collection Set: 23.0ms
[2023-03-13T15:39:03.932+0530][gc,phases   ] GC(29)   Post Evacuate Collection Set: 2.9ms
[2023-03-13T15:39:03.932+0530][gc,phases   ] GC(29)   Other: 0.4ms
[2023-03-13T15:39:03.932+0530][gc,heap     ] GC(29) Eden regions: 40->0(65)
[2023-03-13T15:39:03.932+0530][gc,heap     ] GC(29) Survivor regions: 11->4(7)
[2023-03-13T15:39:03.932+0530][gc,heap     ] GC(29) Old regions: 80->89
[2023-03-13T15:39:03.932+0530][gc,heap     ] GC(29) Archive regions: 2->2
[2023-03-13T15:39:03.932+0530][gc,heap     ] GC(29) Humongous regions: 129->129
[2023-03-13T15:39:03.932+0530][gc,metaspace] GC(29) Metaspace: 44813K(45440K)->44813K(45440K) NonClass: 39717K(40064K)->39717K(40064K) Class: 5095K(5376K)->5095K(5376K)
[2023-03-13T15:39:03.932+0530][gc          ] GC(29) Pause Young (Normal) (G1 Evacuation Pause) 260M->221M(1024M) 29.957ms
[2023-03-13T15:39:03.932+0530][gc,cpu      ] GC(29) User=0.06s Sys=0.03s Real=0.03s
[2023-03-13T15:50:51.012+0530][gc,start    ] GC(30) Pause Young (Normal) (G1 Evacuation Pause)
[2023-03-13T15:50:51.014+0530][gc,task     ] GC(30) Using 8 workers of 8 for evacuation
[2023-03-13T15:50:51.029+0530][gc,phases   ] GC(30)   Pre Evacuate Collection Set: 1.3ms
[2023-03-13T15:50:51.029+0530][gc,phases   ] GC(30)   Merge Heap Roots: 0.2ms
[2023-03-13T15:50:51.030+0530][gc,phases   ] GC(30)   Evacuate Collection Set: 13.3ms
[2023-03-13T15:50:51.030+0530][gc,phases   ] GC(30)   Post Evacuate Collection Set: 0.7ms
[2023-03-13T15:50:51.030+0530][gc,phases   ] GC(30)   Other: 0.3ms
[2023-03-13T15:50:51.030+0530][gc,heap     ] GC(30) Eden regions: 65->0(44)
[2023-03-13T15:50:51.030+0530][gc,heap     ] GC(30) Survivor regions: 4->7(9)
[2023-03-13T15:50:51.030+0530][gc,heap     ] GC(30) Old regions: 89->89
[2023-03-13T15:50:51.030+0530][gc,heap     ] GC(30) Archive regions: 2->2
[2023-03-13T15:50:51.030+0530][gc,heap     ] GC(30) Humongous regions: 129->129
[2023-03-13T15:50:51.030+0530][gc,metaspace] GC(30) Metaspace: 44825K(45440K)->44825K(45440K) NonClass: 39729K(40064K)->39729K(40064K) Class: 5095K(5376K)->5095K(5376K)
[2023-03-13T15:50:51.030+0530][gc          ] GC(30) Pause Young (Normal) (G1 Evacuation Pause) 286M->225M(1024M) 17.717ms
[2023-03-13T15:50:51.030+0530][gc,cpu      ] GC(30) User=0.04s Sys=0.02s Real=0.02s
[2023-03-13T16:07:25.159+0530][gc,start    ] GC(31) Pause Young (Normal) (G1 Evacuation Pause)
[2023-03-13T16:07:25.160+0530][gc,task     ] GC(31) Using 8 workers of 8 for evacuation
[2023-03-13T16:07:25.178+0530][gc,phases   ] GC(31)   Pre Evacuate Collection Set: 1.4ms
[2023-03-13T16:07:25.178+0530][gc,phases   ] GC(31)   Merge Heap Roots: 0.2ms
[2023-03-13T16:07:25.178+0530][gc,phases   ] GC(31)   Evacuate Collection Set: 14.7ms
[2023-03-13T16:07:25.178+0530][gc,phases   ] GC(31)   Post Evacuate Collection Set: 1.1ms
[2023-03-13T16:07:25.178+0530][gc,phases   ] GC(31)   Other: 0.3ms
[2023-03-13T16:07:25.178+0530][gc,heap     ] GC(31) Eden regions: 44->0(82)
[2023-03-13T16:07:25.178+0530][gc,heap     ] GC(31) Survivor regions: 7->4(7)
[2023-03-13T16:07:25.178+0530][gc,heap     ] GC(31) Old regions: 89->95
[2023-03-13T16:07:25.178+0530][gc,heap     ] GC(31) Archive regions: 2->2
[2023-03-13T16:07:25.178+0530][gc,heap     ] GC(31) Humongous regions: 129->129
[2023-03-13T16:07:25.178+0530][gc,metaspace] GC(31) Metaspace: 44842K(45440K)->44842K(45440K) NonClass: 39746K(40064K)->39746K(40064K) Class: 5095K(5376K)->5095K(5376K)
[2023-03-13T16:07:25.179+0530][gc          ] GC(31) Pause Young (Normal) (G1 Evacuation Pause) 269M->228M(1024M) 19.739ms
[2023-03-13T16:07:25.179+0530][gc,cpu      ] GC(31) User=0.05s Sys=0.02s Real=0.02s
[2023-03-13T16:31:23.965+0530][gc,start    ] GC(32) Pause Young (Normal) (G1 Evacuation Pause)
[2023-03-13T16:31:23.967+0530][gc,task     ] GC(32) Using 8 workers of 8 for evacuation
[2023-03-13T16:31:23.988+0530][gc,mmu      ] GC(32) MMU target violated: 21.0ms (20.0ms/21.0ms)
[2023-03-13T16:31:23.988+0530][gc,phases   ] GC(32)   Pre Evacuate Collection Set: 0.6ms
[2023-03-13T16:31:23.988+0530][gc,phases   ] GC(32)   Merge Heap Roots: 0.1ms
[2023-03-13T16:31:23.988+0530][gc,phases   ] GC(32)   Evacuate Collection Set: 18.4ms
[2023-03-13T16:31:23.988+0530][gc,phases   ] GC(32)   Post Evacuate Collection Set: 1.5ms
[2023-03-13T16:31:23.988+0530][gc,phases   ] GC(32)   Other: 0.7ms
[2023-03-13T16:31:23.988+0530][gc,heap     ] GC(32) Eden regions: 82->0(41)
[2023-03-13T16:31:23.988+0530][gc,heap     ] GC(32) Survivor regions: 4->10(11)
[2023-03-13T16:31:23.988+0530][gc,heap     ] GC(32) Old regions: 95->95
[2023-03-13T16:31:23.988+0530][gc,heap     ] GC(32) Archive regions: 2->2
[2023-03-13T16:31:23.988+0530][gc,heap     ] GC(32) Humongous regions: 129->129
[2023-03-13T16:31:23.988+0530][gc,metaspace] GC(32) Metaspace: 44855K(45440K)->44855K(45440K) NonClass: 39759K(40064K)->39759K(40064K) Class: 5095K(5376K)->5095K(5376K)
[2023-03-13T16:31:23.988+0530][gc          ] GC(32) Pause Young (Normal) (G1 Evacuation Pause) 310M->233M(1024M) 23.921ms
[2023-03-13T16:31:23.988+0530][gc,cpu      ] GC(32) User=0.05s Sys=0.03s Real=0.02s
[2023-03-13T16:38:51.482+0530][gc,start    ] GC(33) Pause Young (Normal) (G1 Evacuation Pause)
[2023-03-13T16:38:51.484+0530][gc,task     ] GC(33) Using 8 workers of 8 for evacuation
[2023-03-13T16:38:51.507+0530][gc,mmu      ] GC(33) MMU target violated: 21.0ms (20.0ms/21.0ms)
[2023-03-13T16:38:51.507+0530][gc,phases   ] GC(33)   Pre Evacuate Collection Set: 1.2ms
[2023-03-13T16:38:51.507+0530][gc,phases   ] GC(33)   Merge Heap Roots: 0.3ms
[2023-03-13T16:38:51.507+0530][gc,phases   ] GC(33)   Evacuate Collection Set: 19.0ms
[2023-03-13T16:38:51.507+0530][gc,phases   ] GC(33)   Post Evacuate Collection Set: 2.1ms
[2023-03-13T16:38:51.507+0530][gc,phases   ] GC(33)   Other: 0.4ms
[2023-03-13T16:38:51.507+0530][gc,heap     ] GC(33) Eden regions: 41->0(80)
[2023-03-13T16:38:51.507+0530][gc,heap     ] GC(33) Survivor regions: 10->4(7)
[2023-03-13T16:38:51.507+0530][gc,heap     ] GC(33) Old regions: 95->103
[2023-03-13T16:38:51.507+0530][gc,heap     ] GC(33) Archive regions: 2->2
[2023-03-13T16:38:51.507+0530][gc,heap     ] GC(33) Humongous regions: 129->129
[2023-03-13T16:38:51.507+0530][gc,metaspace] GC(33) Metaspace: 44856K(45440K)->44856K(45440K) NonClass: 39760K(40064K)->39760K(40064K) Class: 5095K(5376K)->5095K(5376K)
[2023-03-13T16:38:51.507+0530][gc          ] GC(33) Pause Young (Normal) (G1 Evacuation Pause) 274M->236M(1024M) 24.857ms
[2023-03-13T16:38:51.507+0530][gc,cpu      ] GC(33) User=0.05s Sys=0.02s Real=0.02s
[2023-03-13T16:52:35.915+0530][gc,start    ] GC(34) Pause Young (Normal) (G1 Evacuation Pause)
[2023-03-13T16:52:35.917+0530][gc,task     ] GC(34) Using 8 workers of 8 for evacuation
[2023-03-13T16:52:35.940+0530][gc,mmu      ] GC(34) MMU target violated: 21.0ms (20.0ms/21.0ms)
[2023-03-13T16:52:35.940+0530][gc,phases   ] GC(34)   Pre Evacuate Collection Set: 1.5ms
[2023-03-13T16:52:35.940+0530][gc,phases   ] GC(34)   Merge Heap Roots: 0.3ms
[2023-03-13T16:52:35.940+0530][gc,phases   ] GC(34)   Evacuate Collection Set: 20.4ms
[2023-03-13T16:52:35.940+0530][gc,phases   ] GC(34)   Post Evacuate Collection Set: 1.0ms
[2023-03-13T16:52:35.940+0530][gc,phases   ] GC(34)   Other: 0.4ms
[2023-03-13T16:52:35.940+0530][gc,heap     ] GC(34) Eden regions: 80->0(40)
[2023-03-13T16:52:35.940+0530][gc,heap     ] GC(34) Survivor regions: 4->11(11)
[2023-03-13T16:52:35.940+0530][gc,heap     ] GC(34) Old regions: 103->103
[2023-03-13T16:52:35.940+0530][gc,heap     ] GC(34) Archive regions: 2->2
[2023-03-13T16:52:35.940+0530][gc,heap     ] GC(34) Humongous regions: 129->129
[2023-03-13T16:52:35.940+0530][gc,metaspace] GC(34) Metaspace: 44858K(45440K)->44858K(45440K) NonClass: 39763K(40064K)->39763K(40064K) Class: 5095K(5376K)->5095K(5376K)
[2023-03-13T16:52:35.940+0530][gc          ] GC(34) Pause Young (Normal) (G1 Evacuation Pause) 316M->243M(1024M) 25.379ms
[2023-03-13T16:52:35.940+0530][gc,cpu      ] GC(34) User=0.05s Sys=0.05s Real=0.03s
[2023-03-13T16:59:48.857+0530][gc,start    ] GC(35) Pause Young (Normal) (G1 Evacuation Pause)
[2023-03-13T16:59:48.859+0530][gc,task     ] GC(35) Using 8 workers of 8 for evacuation
[2023-03-13T16:59:48.877+0530][gc,phases   ] GC(35)   Pre Evacuate Collection Set: 1.3ms
[2023-03-13T16:59:48.877+0530][gc,phases   ] GC(35)   Merge Heap Roots: 0.4ms
[2023-03-13T16:59:48.877+0530][gc,phases   ] GC(35)   Evacuate Collection Set: 15.7ms
[2023-03-13T16:59:48.877+0530][gc,phases   ] GC(35)   Post Evacuate Collection Set: 0.9ms
[2023-03-13T16:59:48.878+0530][gc,phases   ] GC(35)   Other: 0.4ms
[2023-03-13T16:59:48.878+0530][gc,heap     ] GC(35) Eden regions: 40->0(107)
[2023-03-13T16:59:48.878+0530][gc,heap     ] GC(35) Survivor regions: 11->3(7)
[2023-03-13T16:59:48.878+0530][gc,heap     ] GC(35) Old regions: 103->111
[2023-03-13T16:59:48.878+0530][gc,heap     ] GC(35) Archive regions: 2->2
[2023-03-13T16:59:48.878+0530][gc,heap     ] GC(35) Humongous regions: 129->129
[2023-03-13T16:59:48.878+0530][gc,metaspace] GC(35) Metaspace: 44860K(45440K)->44860K(45440K) NonClass: 39764K(40064K)->39764K(40064K) Class: 5095K(5376K)->5095K(5376K)
[2023-03-13T16:59:48.878+0530][gc          ] GC(35) Pause Young (Normal) (G1 Evacuation Pause) 283M->243M(1024M) 20.459ms
[2023-03-13T16:59:48.878+0530][gc,cpu      ] GC(35) User=0.04s Sys=0.03s Real=0.02s
[2023-03-13T17:19:19.024+0530][gc,start    ] GC(36) Pause Young (Normal) (G1 Evacuation Pause)
[2023-03-13T17:19:19.025+0530][gc,task     ] GC(36) Using 8 workers of 8 for evacuation
[2023-03-13T17:19:19.050+0530][gc,mmu      ] GC(36) MMU target violated: 21.0ms (20.0ms/21.0ms)
[2023-03-13T17:19:19.051+0530][gc,phases   ] GC(36)   Pre Evacuate Collection Set: 1.2ms
[2023-03-13T17:19:19.051+0530][gc,phases   ] GC(36)   Merge Heap Roots: 0.3ms
[2023-03-13T17:19:19.051+0530][gc,phases   ] GC(36)   Evacuate Collection Set: 21.9ms
[2023-03-13T17:19:19.051+0530][gc,phases   ] GC(36)   Post Evacuate Collection Set: 1.2ms
[2023-03-13T17:19:19.051+0530][gc,phases   ] GC(36)   Other: 0.6ms
[2023-03-13T17:19:19.051+0530][gc,heap     ] GC(36) Eden regions: 107->0(40)
[2023-03-13T17:19:19.051+0530][gc,heap     ] GC(36) Survivor regions: 3->11(14)
[2023-03-13T17:19:19.051+0530][gc,heap     ] GC(36) Old regions: 111->111
[2023-03-13T17:19:19.051+0530][gc,heap     ] GC(36) Archive regions: 2->2
[2023-03-13T17:19:19.051+0530][gc,heap     ] GC(36) Humongous regions: 129->129
[2023-03-13T17:19:19.051+0530][gc,metaspace] GC(36) Metaspace: 44863K(45504K)->44863K(45504K) NonClass: 39767K(40128K)->39767K(40128K) Class: 5095K(5376K)->5095K(5376K)
[2023-03-13T17:19:19.051+0530][gc          ] GC(36) Pause Young (Normal) (G1 Evacuation Pause) 350M->250M(1024M) 27.056ms
[2023-03-13T17:19:19.052+0530][gc,cpu      ] GC(36) User=0.06s Sys=0.04s Real=0.03s
[2023-03-13T17:52:35.996+0530][gc,start    ] GC(37) Pause Young (Normal) (G1 Evacuation Pause)
[2023-03-13T17:52:35.998+0530][gc,task     ] GC(37) Using 8 workers of 8 for evacuation
[2023-03-13T17:52:36.039+0530][gc,mmu      ] GC(37) MMU target violated: 21.0ms (20.0ms/21.0ms)
[2023-03-13T17:52:36.039+0530][gc,phases   ] GC(37)   Pre Evacuate Collection Set: 1.2ms
[2023-03-13T17:52:36.039+0530][gc,phases   ] GC(37)   Merge Heap Roots: 0.3ms
[2023-03-13T17:52:36.039+0530][gc,phases   ] GC(37)   Evacuate Collection Set: 38.7ms
[2023-03-13T17:52:36.039+0530][gc,phases   ] GC(37)   Post Evacuate Collection Set: 0.8ms
[2023-03-13T17:52:36.039+0530][gc,phases   ] GC(37)   Other: 0.4ms
[2023-03-13T17:52:36.039+0530][gc,heap     ] GC(37) Eden regions: 40->0(50)
[2023-03-13T17:52:36.039+0530][gc,heap     ] GC(37) Survivor regions: 11->5(7)
[2023-03-13T17:52:36.039+0530][gc,heap     ] GC(37) Old regions: 111->119
[2023-03-13T17:52:36.039+0530][gc,heap     ] GC(37) Archive regions: 2->2
[2023-03-13T17:52:36.039+0530][gc,heap     ] GC(37) Humongous regions: 129->129
[2023-03-13T17:52:36.039+0530][gc,metaspace] GC(37) Metaspace: 44865K(45504K)->44865K(45504K) NonClass: 39770K(40128K)->39770K(40128K) Class: 5095K(5376K)->5095K(5376K)
[2023-03-13T17:52:36.039+0530][gc          ] GC(37) Pause Young (Normal) (G1 Evacuation Pause) 290M->253M(1024M) 43.288ms
[2023-03-13T17:52:36.039+0530][gc,cpu      ] GC(37) User=0.06s Sys=0.05s Real=0.04s
[2023-03-13T20:18:54.991+0530][gc,start    ] GC(38) Pause Young (Normal) (G1 Evacuation Pause)
[2023-03-13T20:18:54.992+0530][gc,task     ] GC(38) Using 8 workers of 8 for evacuation
[2023-03-13T20:18:55.030+0530][gc,mmu      ] GC(38) MMU target violated: 21.0ms (20.0ms/21.0ms)
[2023-03-13T20:18:55.030+0530][gc,phases   ] GC(38)   Pre Evacuate Collection Set: 1.4ms
[2023-03-13T20:18:55.030+0530][gc,phases   ] GC(38)   Merge Heap Roots: 0.3ms
[2023-03-13T20:18:55.030+0530][gc,phases   ] GC(38)   Evacuate Collection Set: 32.5ms
[2023-03-13T20:18:55.030+0530][gc,phases   ] GC(38)   Post Evacuate Collection Set: 3.1ms
[2023-03-13T20:18:55.030+0530][gc,phases   ] GC(38)   Other: 0.4ms
[2023-03-13T20:18:55.030+0530][gc,heap     ] GC(38) Eden regions: 50->0(46)
[2023-03-13T20:18:55.030+0530][gc,heap     ] GC(38) Survivor regions: 5->5(7)
[2023-03-13T20:18:55.030+0530][gc,heap     ] GC(38) Old regions: 119->122
[2023-03-13T20:18:55.030+0530][gc,heap     ] GC(38) Archive regions: 2->2
[2023-03-13T20:18:55.030+0530][gc,heap     ] GC(38) Humongous regions: 129->129
[2023-03-13T20:18:55.030+0530][gc,metaspace] GC(38) Metaspace: 44872K(45504K)->44872K(45504K) NonClass: 39776K(40128K)->39776K(40128K) Class: 5095K(5376K)->5095K(5376K)
[2023-03-13T20:18:55.030+0530][gc          ] GC(38) Pause Young (Normal) (G1 Evacuation Pause) 303M->256M(1024M) 39.201ms
[2023-03-13T20:18:55.030+0530][gc,cpu      ] GC(38) User=0.05s Sys=0.06s Real=0.04s
[2023-03-13T22:36:24.442+0530][gc,start    ] GC(39) Pause Young (Normal) (G1 Evacuation Pause)
[2023-03-13T22:36:24.444+0530][gc,task     ] GC(39) Using 8 workers of 8 for evacuation
[2023-03-13T22:36:24.470+0530][gc,mmu      ] GC(39) MMU target violated: 21.0ms (20.0ms/21.0ms)
[2023-03-13T22:36:24.470+0530][gc,phases   ] GC(39)   Pre Evacuate Collection Set: 1.0ms
[2023-03-13T22:36:24.470+0530][gc,phases   ] GC(39)   Merge Heap Roots: 0.6ms
[2023-03-13T22:36:24.470+0530][gc,phases   ] GC(39)   Evacuate Collection Set: 22.0ms
[2023-03-13T22:36:24.470+0530][gc,phases   ] GC(39)   Post Evacuate Collection Set: 0.8ms
[2023-03-13T22:36:24.470+0530][gc,phases   ] GC(39)   Other: 1.0ms
[2023-03-13T22:36:24.470+0530][gc,heap     ] GC(39) Eden regions: 46->0(47)
[2023-03-13T22:36:24.470+0530][gc,heap     ] GC(39) Survivor regions: 5->4(7)
[2023-03-13T22:36:24.470+0530][gc,heap     ] GC(39) Old regions: 122->126
[2023-03-13T22:36:24.470+0530][gc,heap     ] GC(39) Archive regions: 2->2
[2023-03-13T22:36:24.470+0530][gc,heap     ] GC(39) Humongous regions: 129->129
[2023-03-13T22:36:24.470+0530][gc,metaspace] GC(39) Metaspace: 45568K(46144K)->45568K(46144K) NonClass: 40340K(40640K)->40340K(40640K) Class: 5228K(5504K)->5228K(5504K)
[2023-03-13T22:36:24.470+0530][gc          ] GC(39) Pause Young (Normal) (G1 Evacuation Pause) 302M->258M(1024M) 27.457ms
[2023-03-13T22:36:24.470+0530][gc,cpu      ] GC(39) User=0.03s Sys=0.06s Real=0.03s
[2023-03-13T23:07:08.655+0530][gc,start    ] GC(40) Pause Young (Normal) (G1 Evacuation Pause)
[2023-03-13T23:07:08.658+0530][gc,task     ] GC(40) Using 8 workers of 8 for evacuation
[2023-03-13T23:07:08.670+0530][gc,phases   ] GC(40)   Pre Evacuate Collection Set: 1.0ms
[2023-03-13T23:07:08.671+0530][gc,phases   ] GC(40)   Merge Heap Roots: 0.3ms
[2023-03-13T23:07:08.671+0530][gc,phases   ] GC(40)   Evacuate Collection Set: 9.1ms
[2023-03-13T23:07:08.671+0530][gc,phases   ] GC(40)   Post Evacuate Collection Set: 1.5ms
[2023-03-13T23:07:08.671+0530][gc,phases   ] GC(40)   Other: 0.9ms
[2023-03-13T23:07:08.671+0530][gc,heap     ] GC(40) Eden regions: 47->0(79)
[2023-03-13T23:07:08.671+0530][gc,heap     ] GC(40) Survivor regions: 4->3(7)
[2023-03-13T23:07:08.671+0530][gc,heap     ] GC(40) Old regions: 126->126
[2023-03-13T23:07:08.671+0530][gc,heap     ] GC(40) Archive regions: 2->2
[2023-03-13T23:07:08.671+0530][gc,heap     ] GC(40) Humongous regions: 129->129
[2023-03-13T23:07:08.671+0530][gc,metaspace] GC(40) Metaspace: 45588K(46144K)->45588K(46144K) NonClass: 40360K(40640K)->40360K(40640K) Class: 5228K(5504K)->5228K(5504K)
[2023-03-13T23:07:08.671+0530][gc          ] GC(40) Pause Young (Normal) (G1 Evacuation Pause) 305M->258M(1024M) 16.696ms
[2023-03-13T23:07:08.671+0530][gc,cpu      ] GC(40) User=0.01s Sys=0.02s Real=0.02s
[2023-03-14T11:13:03.810+0530][gc,start    ] GC(41) Pause Young (Normal) (G1 Evacuation Pause)
[2023-03-14T11:13:03.813+0530][gc,task     ] GC(41) Using 8 workers of 8 for evacuation
[2023-03-14T11:13:03.825+0530][gc,phases   ] GC(41)   Pre Evacuate Collection Set: 0.8ms
[2023-03-14T11:13:03.825+0530][gc,phases   ] GC(41)   Merge Heap Roots: 0.3ms
[2023-03-14T11:13:03.825+0530][gc,phases   ] GC(41)   Evacuate Collection Set: 9.0ms
[2023-03-14T11:13:03.825+0530][gc,phases   ] GC(41)   Post Evacuate Collection Set: 1.2ms
[2023-03-14T11:13:03.825+0530][gc,phases   ] GC(41)   Other: 1.4ms
[2023-03-14T11:13:03.825+0530][gc,heap     ] GC(41) Eden regions: 79->0(107)
[2023-03-14T11:13:03.825+0530][gc,heap     ] GC(41) Survivor regions: 3->3(11)
[2023-03-14T11:13:03.825+0530][gc,heap     ] GC(41) Old regions: 126->126
[2023-03-14T11:13:03.825+0530][gc,heap     ] GC(41) Archive regions: 2->2
[2023-03-14T11:13:03.825+0530][gc,heap     ] GC(41) Humongous regions: 129->129
[2023-03-14T11:13:03.825+0530][gc,metaspace] GC(41) Metaspace: 45589K(46144K)->45589K(46144K) NonClass: 40361K(40640K)->40361K(40640K) Class: 5228K(5504K)->5228K(5504K)
[2023-03-14T11:13:03.826+0530][gc          ] GC(41) Pause Young (Normal) (G1 Evacuation Pause) 337M->258M(1024M) 16.250ms
[2023-03-14T11:13:03.826+0530][gc,cpu      ] GC(41) User=0.02s Sys=0.03s Real=0.02s
[2023-03-14T12:26:52.657+0530][gc,start    ] GC(42) Pause Young (Normal) (G1 Evacuation Pause)
[2023-03-14T12:26:52.658+0530][gc,task     ] GC(42) Using 8 workers of 8 for evacuation
[2023-03-14T12:26:52.673+0530][gc,phases   ] GC(42)   Pre Evacuate Collection Set: 1.0ms
[2023-03-14T12:26:52.673+0530][gc,phases   ] GC(42)   Merge Heap Roots: 0.4ms
[2023-03-14T12:26:52.673+0530][gc,phases   ] GC(42)   Evacuate Collection Set: 12.4ms
[2023-03-14T12:26:52.673+0530][gc,phases   ] GC(42)   Post Evacuate Collection Set: 1.1ms
[2023-03-14T12:26:52.674+0530][gc,phases   ] GC(42)   Other: 0.5ms
[2023-03-14T12:26:52.674+0530][gc,heap     ] GC(42) Eden regions: 107->0(131)
[2023-03-14T12:26:52.674+0530][gc,heap     ] GC(42) Survivor regions: 3->3(14)
[2023-03-14T12:26:52.674+0530][gc,heap     ] GC(42) Old regions: 126->126
[2023-03-14T12:26:52.674+0530][gc,heap     ] GC(42) Archive regions: 2->2
[2023-03-14T12:26:52.674+0530][gc,heap     ] GC(42) Humongous regions: 129->129
[2023-03-14T12:26:52.674+0530][gc,metaspace] GC(42) Metaspace: 45606K(46208K)->45606K(46208K) NonClass: 40378K(40704K)->40378K(40704K) Class: 5228K(5504K)->5228K(5504K)
[2023-03-14T12:26:52.674+0530][gc          ] GC(42) Pause Young (Normal) (G1 Evacuation Pause) 365M->258M(1024M) 17.188ms
[2023-03-14T12:26:52.674+0530][gc,cpu      ] GC(42) User=0.02s Sys=0.03s Real=0.02s
[2023-03-14T13:57:14.749+0530][gc,start    ] GC(43) Pause Young (Normal) (G1 Evacuation Pause)
[2023-03-14T13:57:14.752+0530][gc,task     ] GC(43) Using 8 workers of 8 for evacuation
[2023-03-14T13:57:14.769+0530][gc,phases   ] GC(43)   Pre Evacuate Collection Set: 1.2ms
[2023-03-14T13:57:14.769+0530][gc,phases   ] GC(43)   Merge Heap Roots: 1.1ms
[2023-03-14T13:57:14.769+0530][gc,phases   ] GC(43)   Evacuate Collection Set: 10.9ms
[2023-03-14T13:57:14.769+0530][gc,phases   ] GC(43)   Post Evacuate Collection Set: 1.4ms
[2023-03-14T13:57:14.769+0530][gc,phases   ] GC(43)   Other: 2.7ms
[2023-03-14T13:57:14.769+0530][gc,heap     ] GC(43) Eden regions: 131->0(611)
[2023-03-14T13:57:14.769+0530][gc,heap     ] GC(43) Survivor regions: 3->3(17)
[2023-03-14T13:57:14.769+0530][gc,heap     ] GC(43) Old regions: 126->126
[2023-03-14T13:57:14.769+0530][gc,heap     ] GC(43) Archive regions: 2->2
[2023-03-14T13:57:14.769+0530][gc,heap     ] GC(43) Humongous regions: 129->129
[2023-03-14T13:57:14.769+0530][gc,metaspace] GC(43) Metaspace: 45610K(46208K)->45610K(46208K) NonClass: 40382K(40704K)->40382K(40704K) Class: 5228K(5504K)->5228K(5504K)
[2023-03-14T13:57:14.769+0530][gc          ] GC(43) Pause Young (Normal) (G1 Evacuation Pause) 389M->258M(1024M) 20.572ms
[2023-03-14T13:57:14.769+0530][gc,cpu      ] GC(43) User=0.02s Sys=0.05s Real=0.02s
[2023-03-15T11:11:34.421+0530][gc,start    ] GC(44) Pause Young (Normal) (G1 Evacuation Pause)
[2023-03-15T11:11:34.423+0530][gc,task     ] GC(44) Using 8 workers of 8 for evacuation
[2023-03-15T11:11:34.445+0530][gc,mmu      ] GC(44) MMU target violated: 21.0ms (20.0ms/21.0ms)
[2023-03-15T11:11:34.445+0530][gc,phases   ] GC(44)   Pre Evacuate Collection Set: 0.8ms
[2023-03-15T11:11:34.445+0530][gc,phases   ] GC(44)   Merge Heap Roots: 0.3ms
[2023-03-15T11:11:34.445+0530][gc,phases   ] GC(44)   Evacuate Collection Set: 11.1ms
[2023-03-15T11:11:34.445+0530][gc,phases   ] GC(44)   Post Evacuate Collection Set: 3.3ms
[2023-03-15T11:11:34.445+0530][gc,phases   ] GC(44)   Other: 6.9ms
[2023-03-15T11:11:34.445+0530][gc,heap     ] GC(44) Eden regions: 611->0(611)
[2023-03-15T11:11:34.445+0530][gc,heap     ] GC(44) Survivor regions: 3->3(77)
[2023-03-15T11:11:34.445+0530][gc,heap     ] GC(44) Old regions: 126->126
[2023-03-15T11:11:34.445+0530][gc,heap     ] GC(44) Archive regions: 2->2
[2023-03-15T11:11:34.445+0530][gc,heap     ] GC(44) Humongous regions: 129->129
[2023-03-15T11:11:34.445+0530][gc,metaspace] GC(44) Metaspace: 45637K(46208K)->45637K(46208K) NonClass: 40409K(40704K)->40409K(40704K) Class: 5228K(5504K)->5228K(5504K)
[2023-03-15T11:11:34.446+0530][gc          ] GC(44) Pause Young (Normal) (G1 Evacuation Pause) 869M->258M(1024M) 24.634ms
[2023-03-15T11:11:34.446+0530][gc,cpu      ] GC(44) User=0.02s Sys=0.03s Real=0.02s
[2023-03-15T23:32:55.727+0530][gc,start    ] GC(45) Pause Young (Normal) (G1 Evacuation Pause)
[2023-03-15T23:32:55.730+0530][gc,task     ] GC(45) Using 8 workers of 8 for evacuation
[2023-03-15T23:32:55.760+0530][gc,mmu      ] GC(45) MMU target violated: 21.0ms (20.0ms/21.0ms)
[2023-03-15T23:32:55.760+0530][gc,phases   ] GC(45)   Pre Evacuate Collection Set: 1.6ms
[2023-03-15T23:32:55.760+0530][gc,phases   ] GC(45)   Merge Heap Roots: 1.1ms
[2023-03-15T23:32:55.760+0530][gc,phases   ] GC(45)   Evacuate Collection Set: 20.1ms
[2023-03-15T23:32:55.760+0530][gc,phases   ] GC(45)   Post Evacuate Collection Set: 4.1ms
[2023-03-15T23:32:55.760+0530][gc,phases   ] GC(45)   Other: 3.5ms
[2023-03-15T23:32:55.760+0530][gc,heap     ] GC(45) Eden regions: 611->0(611)
[2023-03-15T23:32:55.760+0530][gc,heap     ] GC(45) Survivor regions: 3->3(77)
[2023-03-15T23:32:55.760+0530][gc,heap     ] GC(45) Old regions: 126->126
[2023-03-15T23:32:55.760+0530][gc,heap     ] GC(45) Archive regions: 2->2
[2023-03-15T23:32:55.760+0530][gc,heap     ] GC(45) Humongous regions: 129->129
[2023-03-15T23:32:55.760+0530][gc,metaspace] GC(45) Metaspace: 45639K(46208K)->45639K(46208K) NonClass: 40411K(40704K)->40411K(40704K) Class: 5228K(5504K)->5228K(5504K)
[2023-03-15T23:32:55.761+0530][gc          ] GC(45) Pause Young (Normal) (G1 Evacuation Pause) 869M->258M(1024M) 34.432ms
[2023-03-15T23:32:55.761+0530][gc,cpu      ] GC(45) User=0.02s Sys=0.05s Real=0.04s
