[2023-03-19T12:47:15.180+0530][gc,init] CardTable entry size: 512
[2023-03-19T12:47:15.180+0530][gc     ] Using G1
[2023-03-19T12:47:15.181+0530][gc,init] Version: 19.0.1+10-21 (release)
[2023-03-19T12:47:15.181+0530][gc,init] CPUs: 8 total, 8 available
[2023-03-19T12:47:15.181+0530][gc,init] Memory: 8192M
[2023-03-19T12:47:15.181+0530][gc,init] Large Page Support: Disabled
[2023-03-19T12:47:15.181+0530][gc,init] NUMA Support: Disabled
[2023-03-19T12:47:15.181+0530][gc,init] Compressed Oops: Enabled (Zero based)
[2023-03-19T12:47:15.181+0530][gc,init] Heap Region Size: 1M
[2023-03-19T12:47:15.181+0530][gc,init] Heap Min Capacity: 1G
[2023-03-19T12:47:15.181+0530][gc,init] Heap Initial Capacity: 1G
[2023-03-19T12:47:15.181+0530][gc,init] Heap Max Capacity: 1G
[2023-03-19T12:47:15.181+0530][gc,init] Pre-touch: Disabled
[2023-03-19T12:47:15.181+0530][gc,init] Parallel Workers: 8
[2023-03-19T12:47:15.181+0530][gc,init] Concurrent Workers: 2
[2023-03-19T12:47:15.181+0530][gc,init] Concurrent Refinement Workers: 8
[2023-03-19T12:47:15.181+0530][gc,init] Periodic GC: Disabled
[2023-03-19T12:47:15.181+0530][gc,metaspace] CDS archive(s) mapped at: [0x0000000800000000-0x0000000800c44000-0x0000000800c44000), size 12861440, SharedBaseAddress: 0x0000000800000000, ArchiveRelocationMode: 0.
[2023-03-19T12:47:15.181+0530][gc,metaspace] Compressed class space mapped at: 0x0000000801000000-0x0000000841000000, reserved size: 1073741824
[2023-03-19T12:47:15.181+0530][gc,metaspace] Narrow klass base: 0x0000000800000000, Narrow klass shift: 0, Narrow klass range: 0x100000000
[2023-03-19T12:47:20.842+0530][gc,start    ] GC(0) Pause Young (Normal) (G1 Evacuation Pause)
[2023-03-19T12:47:20.842+0530][gc,task     ] GC(0) Using 8 workers of 8 for evacuation
[2023-03-19T12:47:20.844+0530][gc,phases   ] GC(0)   Pre Evacuate Collection Set: 0.1ms
[2023-03-19T12:47:20.844+0530][gc,phases   ] GC(0)   Merge Heap Roots: 0.0ms
[2023-03-19T12:47:20.844+0530][gc,phases   ] GC(0)   Evacuate Collection Set: 1.9ms
[2023-03-19T12:47:20.844+0530][gc,phases   ] GC(0)   Post Evacuate Collection Set: 0.3ms
[2023-03-19T12:47:20.844+0530][gc,phases   ] GC(0)   Other: 0.2ms
[2023-03-19T12:47:20.844+0530][gc,heap     ] GC(0) Eden regions: 51->0(44)
[2023-03-19T12:47:20.844+0530][gc,heap     ] GC(0) Survivor regions: 0->7(7)
[2023-03-19T12:47:20.844+0530][gc,heap     ] GC(0) Old regions: 0->1
[2023-03-19T12:47:20.844+0530][gc,heap     ] GC(0) Archive regions: 2->2
[2023-03-19T12:47:20.844+0530][gc,heap     ] GC(0) Humongous regions: 0->0
[2023-03-19T12:47:20.844+0530][gc,metaspace] GC(0) Metaspace: 18382K(18624K)->18382K(18624K) NonClass: 16312K(16448K)->16312K(16448K) Class: 2069K(2176K)->2069K(2176K)
[2023-03-19T12:47:20.844+0530][gc          ] GC(0) Pause Young (Normal) (G1 Evacuation Pause) 51M->8M(1024M) 2.653ms
[2023-03-19T12:47:20.844+0530][gc,cpu      ] GC(0) User=0.01s Sys=0.00s Real=0.00s
[2023-03-19T12:47:20.956+0530][gc,start    ] GC(1) Pause Young (Concurrent Start) (Metadata GC Threshold)
[2023-03-19T12:47:20.956+0530][gc,task     ] GC(1) Using 8 workers of 8 for evacuation
[2023-03-19T12:47:20.959+0530][gc,phases   ] GC(1)   Pre Evacuate Collection Set: 0.2ms
[2023-03-19T12:47:20.960+0530][gc,phases   ] GC(1)   Merge Heap Roots: 0.0ms
[2023-03-19T12:47:20.960+0530][gc,phases   ] GC(1)   Evacuate Collection Set: 2.6ms
[2023-03-19T12:47:20.960+0530][gc,phases   ] GC(1)   Post Evacuate Collection Set: 0.2ms
[2023-03-19T12:47:20.960+0530][gc,phases   ] GC(1)   Other: 0.0ms
[2023-03-19T12:47:20.960+0530][gc,heap     ] GC(1) Eden regions: 12->0(50)
[2023-03-19T12:47:20.960+0530][gc,heap     ] GC(1) Survivor regions: 7->1(7)
[2023-03-19T12:47:20.960+0530][gc,heap     ] GC(1) Old regions: 1->8
[2023-03-19T12:47:20.960+0530][gc,heap     ] GC(1) Archive regions: 2->2
[2023-03-19T12:47:20.960+0530][gc,heap     ] GC(1) Humongous regions: 0->0
[2023-03-19T12:47:20.960+0530][gc,metaspace] GC(1) Metaspace: 21313K(21504K)->21313K(21504K) NonClass: 18870K(18944K)->18870K(18944K) Class: 2442K(2560K)->2442K(2560K)
[2023-03-19T12:47:20.960+0530][gc          ] GC(1) Pause Young (Concurrent Start) (Metadata GC Threshold) 19M->9M(1024M) 3.148ms
[2023-03-19T12:47:20.960+0530][gc          ] GC(2) Concurrent Mark Cycle
[2023-03-19T12:47:20.960+0530][gc,cpu      ] GC(1) User=0.01s Sys=0.01s Real=0.01s
[2023-03-19T12:47:20.960+0530][gc,marking  ] GC(2) Concurrent Clear Claimed Marks
[2023-03-19T12:47:20.960+0530][gc,marking  ] GC(2) Concurrent Clear Claimed Marks 0.020ms
[2023-03-19T12:47:20.960+0530][gc,marking  ] GC(2) Concurrent Scan Root Regions
[2023-03-19T12:47:20.961+0530][gc,marking  ] GC(2) Concurrent Scan Root Regions 1.201ms
[2023-03-19T12:47:20.961+0530][gc,marking  ] GC(2) Concurrent Mark
[2023-03-19T12:47:20.961+0530][gc,marking  ] GC(2) Concurrent Mark From Roots
[2023-03-19T12:47:20.961+0530][gc,task     ] GC(2) Using 2 workers of 2 for marking
[2023-03-19T12:47:20.962+0530][gc,marking  ] GC(2) Concurrent Mark From Roots 1.150ms
[2023-03-19T12:47:20.962+0530][gc,marking  ] GC(2) Concurrent Preclean
[2023-03-19T12:47:20.962+0530][gc,marking  ] GC(2) Concurrent Preclean 0.006ms
[2023-03-19T12:47:20.984+0530][gc,start    ] GC(2) Pause Remark
[2023-03-19T12:47:20.986+0530][gc          ] GC(2) Pause Remark 138M->138M(1024M) 1.183ms
[2023-03-19T12:47:20.986+0530][gc,cpu      ] GC(2) User=0.00s Sys=0.00s Real=0.00s
[2023-03-19T12:47:20.986+0530][gc,marking  ] GC(2) Concurrent Mark 24.869ms
[2023-03-19T12:47:20.986+0530][gc,marking  ] GC(2) Concurrent Rebuild Remembered Sets
[2023-03-19T12:47:20.987+0530][gc,marking  ] GC(2) Concurrent Rebuild Remembered Sets 1.570ms
[2023-03-19T12:47:20.987+0530][gc,start    ] GC(2) Pause Cleanup
[2023-03-19T12:47:20.988+0530][gc          ] GC(2) Pause Cleanup 139M->139M(1024M) 0.080ms
[2023-03-19T12:47:20.988+0530][gc,cpu      ] GC(2) User=0.00s Sys=0.00s Real=0.00s
[2023-03-19T12:47:20.988+0530][gc,marking  ] GC(2) Concurrent Cleanup for Next Mark
[2023-03-19T12:47:20.989+0530][gc,marking  ] GC(2) Concurrent Cleanup for Next Mark 1.759ms
[2023-03-19T12:47:20.989+0530][gc          ] GC(2) Concurrent Mark Cycle 29.756ms
[2023-03-19T12:47:21.294+0530][gc,start    ] GC(3) Pause Young (Normal) (G1 Evacuation Pause)
[2023-03-19T12:47:21.294+0530][gc,task     ] GC(3) Using 8 workers of 8 for evacuation
[2023-03-19T12:47:21.296+0530][gc,phases   ] GC(3)   Pre Evacuate Collection Set: 0.1ms
[2023-03-19T12:47:21.296+0530][gc,phases   ] GC(3)   Merge Heap Roots: 0.1ms
[2023-03-19T12:47:21.296+0530][gc,phases   ] GC(3)   Evacuate Collection Set: 2.0ms
[2023-03-19T12:47:21.296+0530][gc,phases   ] GC(3)   Post Evacuate Collection Set: 0.4ms
[2023-03-19T12:47:21.296+0530][gc,phases   ] GC(3)   Other: 0.0ms
[2023-03-19T12:47:21.296+0530][gc,heap     ] GC(3) Eden regions: 50->0(45)
[2023-03-19T12:47:21.296+0530][gc,heap     ] GC(3) Survivor regions: 1->6(7)
[2023-03-19T12:47:21.296+0530][gc,heap     ] GC(3) Old regions: 8->8
[2023-03-19T12:47:21.296+0530][gc,heap     ] GC(3) Archive regions: 2->2
[2023-03-19T12:47:21.296+0530][gc,heap     ] GC(3) Humongous regions: 129->129
[2023-03-19T12:47:21.296+0530][gc,metaspace] GC(3) Metaspace: 33380K(33664K)->33380K(33664K) NonClass: 29804K(29952K)->29804K(29952K) Class: 3575K(3712K)->3575K(3712K)
[2023-03-19T12:47:21.296+0530][gc          ] GC(3) Pause Young (Normal) (G1 Evacuation Pause) 188M->142M(1024M) 2.724ms
[2023-03-19T12:47:21.296+0530][gc,cpu      ] GC(3) User=0.01s Sys=0.01s Real=0.00s
[2023-03-19T12:48:10.859+0530][gc,start    ] GC(4) Pause Young (Concurrent Start) (Metadata GC Threshold)
[2023-03-19T12:48:10.860+0530][gc,task     ] GC(4) Using 8 workers of 8 for evacuation
[2023-03-19T12:48:10.863+0530][gc,phases   ] GC(4)   Pre Evacuate Collection Set: 0.2ms
[2023-03-19T12:48:10.863+0530][gc,phases   ] GC(4)   Merge Heap Roots: 0.0ms
[2023-03-19T12:48:10.863+0530][gc,phases   ] GC(4)   Evacuate Collection Set: 2.1ms
[2023-03-19T12:48:10.863+0530][gc,phases   ] GC(4)   Post Evacuate Collection Set: 0.3ms
[2023-03-19T12:48:10.863+0530][gc,phases   ] GC(4)   Other: 0.1ms
[2023-03-19T12:48:10.863+0530][gc,heap     ] GC(4) Eden regions: 12->0(49)
[2023-03-19T12:48:10.863+0530][gc,heap     ] GC(4) Survivor regions: 6->2(7)
[2023-03-19T12:48:10.863+0530][gc,heap     ] GC(4) Old regions: 8->13
[2023-03-19T12:48:10.863+0530][gc,heap     ] GC(4) Archive regions: 2->2
[2023-03-19T12:48:10.863+0530][gc,heap     ] GC(4) Humongous regions: 129->129
[2023-03-19T12:48:10.863+0530][gc,metaspace] GC(4) Metaspace: 35622K(35968K)->35622K(35968K) NonClass: 31710K(31936K)->31710K(31936K) Class: 3912K(4032K)->3912K(4032K)
[2023-03-19T12:48:10.863+0530][gc          ] GC(4) Pause Young (Concurrent Start) (Metadata GC Threshold) 154M->143M(1024M) 3.580ms
[2023-03-19T12:48:10.863+0530][gc,cpu      ] GC(4) User=0.02s Sys=0.01s Real=0.01s
[2023-03-19T12:48:10.863+0530][gc          ] GC(5) Concurrent Mark Cycle
[2023-03-19T12:48:10.863+0530][gc,marking  ] GC(5) Concurrent Clear Claimed Marks
[2023-03-19T12:48:10.863+0530][gc,marking  ] GC(5) Concurrent Clear Claimed Marks 0.017ms
[2023-03-19T12:48:10.863+0530][gc,marking  ] GC(5) Concurrent Scan Root Regions
[2023-03-19T12:48:10.865+0530][gc,marking  ] GC(5) Concurrent Scan Root Regions 1.923ms
[2023-03-19T12:48:10.865+0530][gc,marking  ] GC(5) Concurrent Mark
[2023-03-19T12:48:10.865+0530][gc,marking  ] GC(5) Concurrent Mark From Roots
[2023-03-19T12:48:10.865+0530][gc,task     ] GC(5) Using 2 workers of 2 for marking
[2023-03-19T12:48:10.867+0530][gc,marking  ] GC(5) Concurrent Mark From Roots 2.803ms
[2023-03-19T12:48:10.867+0530][gc,marking  ] GC(5) Concurrent Preclean
[2023-03-19T12:48:10.867+0530][gc,marking  ] GC(5) Concurrent Preclean 0.019ms
[2023-03-19T12:48:10.868+0530][gc,start    ] GC(5) Pause Remark
[2023-03-19T12:48:10.869+0530][gc          ] GC(5) Pause Remark 144M->144M(1024M) 0.994ms
[2023-03-19T12:48:10.869+0530][gc,cpu      ] GC(5) User=0.00s Sys=0.00s Real=0.00s
[2023-03-19T12:48:10.869+0530][gc,marking  ] GC(5) Concurrent Mark 3.937ms
[2023-03-19T12:48:10.869+0530][gc,marking  ] GC(5) Concurrent Rebuild Remembered Sets
[2023-03-19T12:48:10.872+0530][gc,marking  ] GC(5) Concurrent Rebuild Remembered Sets 3.305ms
[2023-03-19T12:48:10.872+0530][gc,start    ] GC(5) Pause Cleanup
[2023-03-19T12:48:10.872+0530][gc          ] GC(5) Pause Cleanup 144M->144M(1024M) 0.112ms
[2023-03-19T12:48:10.872+0530][gc,cpu      ] GC(5) User=0.00s Sys=0.00s Real=0.00s
[2023-03-19T12:48:10.872+0530][gc,marking  ] GC(5) Concurrent Cleanup for Next Mark
[2023-03-19T12:48:10.875+0530][gc,marking  ] GC(5) Concurrent Cleanup for Next Mark 2.726ms
[2023-03-19T12:48:10.875+0530][gc          ] GC(5) Concurrent Mark Cycle 12.363ms
[2023-03-19T12:51:32.333+0530][gc,start    ] GC(6) Pause Young (Prepare Mixed) (G1 Evacuation Pause)
[2023-03-19T12:51:32.333+0530][gc,task     ] GC(6) Using 8 workers of 8 for evacuation
[2023-03-19T12:51:32.335+0530][gc,phases   ] GC(6)   Pre Evacuate Collection Set: 0.1ms
[2023-03-19T12:51:32.335+0530][gc,phases   ] GC(6)   Merge Heap Roots: 0.0ms
[2023-03-19T12:51:32.335+0530][gc,phases   ] GC(6)   Evacuate Collection Set: 1.5ms
[2023-03-19T12:51:32.335+0530][gc,phases   ] GC(6)   Post Evacuate Collection Set: 0.2ms
[2023-03-19T12:51:32.335+0530][gc,phases   ] GC(6)   Other: 0.0ms
[2023-03-19T12:51:32.335+0530][gc,heap     ] GC(6) Eden regions: 49->0(47)
[2023-03-19T12:51:32.335+0530][gc,heap     ] GC(6) Survivor regions: 2->4(7)
[2023-03-19T12:51:32.335+0530][gc,heap     ] GC(6) Old regions: 13->13
[2023-03-19T12:51:32.335+0530][gc,heap     ] GC(6) Archive regions: 2->2
[2023-03-19T12:51:32.335+0530][gc,heap     ] GC(6) Humongous regions: 129->129
[2023-03-19T12:51:32.335+0530][gc,metaspace] GC(6) Metaspace: 41862K(42432K)->41862K(42432K) NonClass: 37018K(37312K)->37018K(37312K) Class: 4844K(5120K)->4844K(5120K)
[2023-03-19T12:51:32.335+0530][gc          ] GC(6) Pause Young (Prepare Mixed) (G1 Evacuation Pause) 192M->146M(1024M) 2.288ms
[2023-03-19T12:51:32.335+0530][gc,cpu      ] GC(6) User=0.01s Sys=0.00s Real=0.00s
[2023-03-19T12:58:31.402+0530][gc,start    ] GC(7) Pause Young (Mixed) (G1 Evacuation Pause)
[2023-03-19T12:58:31.404+0530][gc,task     ] GC(7) Using 8 workers of 8 for evacuation
[2023-03-19T12:58:31.421+0530][gc,phases   ] GC(7)   Pre Evacuate Collection Set: 0.9ms
[2023-03-19T12:58:31.421+0530][gc,phases   ] GC(7)   Merge Heap Roots: 0.3ms
[2023-03-19T12:58:31.421+0530][gc,phases   ] GC(7)   Evacuate Collection Set: 14.7ms
[2023-03-19T12:58:31.421+0530][gc,phases   ] GC(7)   Post Evacuate Collection Set: 1.5ms
[2023-03-19T12:58:31.421+0530][gc,phases   ] GC(7)   Other: 0.2ms
[2023-03-19T12:58:31.421+0530][gc,heap     ] GC(7) Eden regions: 47->0(46)
[2023-03-19T12:58:31.421+0530][gc,heap     ] GC(7) Survivor regions: 4->5(7)
[2023-03-19T12:58:31.421+0530][gc,heap     ] GC(7) Old regions: 13->14
[2023-03-19T12:58:31.421+0530][gc,heap     ] GC(7) Archive regions: 2->2
[2023-03-19T12:58:31.421+0530][gc,heap     ] GC(7) Humongous regions: 129->129
[2023-03-19T12:58:31.421+0530][gc,metaspace] GC(7) Metaspace: 42593K(43200K)->42593K(43200K) NonClass: 37709K(38016K)->37709K(38016K) Class: 4884K(5184K)->4884K(5184K)
[2023-03-19T12:58:31.421+0530][gc          ] GC(7) Pause Young (Mixed) (G1 Evacuation Pause) 193M->147M(1024M) 19.101ms
[2023-03-19T12:58:31.421+0530][gc,cpu      ] GC(7) User=0.06s Sys=0.01s Real=0.02s
[2023-03-19T13:05:28.357+0530][gc,start    ] GC(8) Pause Young (Normal) (G1 Evacuation Pause)
[2023-03-19T13:05:28.360+0530][gc,task     ] GC(8) Using 8 workers of 8 for evacuation
[2023-03-19T13:05:28.373+0530][gc,phases   ] GC(8)   Pre Evacuate Collection Set: 1.5ms
[2023-03-19T13:05:28.374+0530][gc,phases   ] GC(8)   Merge Heap Roots: 0.2ms
[2023-03-19T13:05:28.374+0530][gc,phases   ] GC(8)   Evacuate Collection Set: 11.1ms
[2023-03-19T13:05:28.374+0530][gc,phases   ] GC(8)   Post Evacuate Collection Set: 0.7ms
[2023-03-19T13:05:28.374+0530][gc,phases   ] GC(8)   Other: 0.3ms
[2023-03-19T13:05:28.374+0530][gc,heap     ] GC(8) Eden regions: 46->0(48)
[2023-03-19T13:05:28.374+0530][gc,heap     ] GC(8) Survivor regions: 5->3(7)
[2023-03-19T13:05:28.374+0530][gc,heap     ] GC(8) Old regions: 14->16
[2023-03-19T13:05:28.374+0530][gc,heap     ] GC(8) Archive regions: 2->2
[2023-03-19T13:05:28.374+0530][gc,heap     ] GC(8) Humongous regions: 129->129
[2023-03-19T13:05:28.374+0530][gc,metaspace] GC(8) Metaspace: 42658K(43328K)->42658K(43328K) NonClass: 37774K(38144K)->37774K(38144K) Class: 4884K(5184K)->4884K(5184K)
[2023-03-19T13:05:28.374+0530][gc          ] GC(8) Pause Young (Normal) (G1 Evacuation Pause) 193M->148M(1024M) 16.430ms
[2023-03-19T13:05:28.374+0530][gc,cpu      ] GC(8) User=0.04s Sys=0.01s Real=0.02s
[2023-03-19T13:15:50.399+0530][gc,start    ] GC(9) Pause Young (Normal) (G1 Evacuation Pause)
[2023-03-19T13:15:50.402+0530][gc,task     ] GC(9) Using 8 workers of 8 for evacuation
[2023-03-19T13:15:50.407+0530][gc,phases   ] GC(9)   Pre Evacuate Collection Set: 0.8ms
[2023-03-19T13:15:50.407+0530][gc,phases   ] GC(9)   Merge Heap Roots: 0.1ms
[2023-03-19T13:15:50.407+0530][gc,phases   ] GC(9)   Evacuate Collection Set: 3.9ms
[2023-03-19T13:15:50.407+0530][gc,phases   ] GC(9)   Post Evacuate Collection Set: 0.6ms
[2023-03-19T13:15:50.407+0530][gc,phases   ] GC(9)   Other: 0.2ms
[2023-03-19T13:15:50.407+0530][gc,heap     ] GC(9) Eden regions: 48->0(59)
[2023-03-19T13:15:50.407+0530][gc,heap     ] GC(9) Survivor regions: 3->3(7)
[2023-03-19T13:15:50.407+0530][gc,heap     ] GC(9) Old regions: 16->16
[2023-03-19T13:15:50.407+0530][gc,heap     ] GC(9) Archive regions: 2->2
[2023-03-19T13:15:50.407+0530][gc,heap     ] GC(9) Humongous regions: 129->129
[2023-03-19T13:15:50.407+0530][gc,metaspace] GC(9) Metaspace: 42725K(43392K)->42725K(43392K) NonClass: 37841K(38208K)->37841K(38208K) Class: 4884K(5184K)->4884K(5184K)
[2023-03-19T13:15:50.407+0530][gc          ] GC(9) Pause Young (Normal) (G1 Evacuation Pause) 196M->148M(1024M) 7.911ms
[2023-03-19T13:15:50.407+0530][gc,cpu      ] GC(9) User=0.02s Sys=0.01s Real=0.01s
[2023-03-19T13:28:37.835+0530][gc,start    ] GC(10) Pause Young (Normal) (G1 Evacuation Pause)
[2023-03-19T13:28:37.838+0530][gc,task     ] GC(10) Using 8 workers of 8 for evacuation
[2023-03-19T13:28:37.849+0530][gc,phases   ] GC(10)   Pre Evacuate Collection Set: 1.2ms
[2023-03-19T13:28:37.850+0530][gc,phases   ] GC(10)   Merge Heap Roots: 0.2ms
[2023-03-19T13:28:37.850+0530][gc,phases   ] GC(10)   Evacuate Collection Set: 9.7ms
[2023-03-19T13:28:37.850+0530][gc,phases   ] GC(10)   Post Evacuate Collection Set: 0.6ms
[2023-03-19T13:28:37.850+0530][gc,phases   ] GC(10)   Other: 0.3ms
[2023-03-19T13:28:37.850+0530][gc,heap     ] GC(10) Eden regions: 59->0(212)
[2023-03-19T13:28:37.850+0530][gc,heap     ] GC(10) Survivor regions: 3->3(8)
[2023-03-19T13:28:37.850+0530][gc,heap     ] GC(10) Old regions: 16->16
[2023-03-19T13:28:37.850+0530][gc,heap     ] GC(10) Archive regions: 2->2
[2023-03-19T13:28:37.850+0530][gc,heap     ] GC(10) Humongous regions: 129->129
[2023-03-19T13:28:37.850+0530][gc,metaspace] GC(10) Metaspace: 42789K(43392K)->42789K(43392K) NonClass: 37905K(38208K)->37905K(38208K) Class: 4884K(5184K)->4884K(5184K)
[2023-03-19T13:28:37.850+0530][gc          ] GC(10) Pause Young (Normal) (G1 Evacuation Pause) 207M->148M(1024M) 14.523ms
[2023-03-19T13:28:37.850+0530][gc,cpu      ] GC(10) User=0.03s Sys=0.01s Real=0.02s
[2023-03-19T14:01:15.134+0530][gc,start    ] GC(11) Pause Young (Normal) (G1 Evacuation Pause)
[2023-03-19T14:01:15.135+0530][gc,task     ] GC(11) Using 8 workers of 8 for evacuation
[2023-03-19T14:01:15.158+0530][gc,mmu      ] GC(11) MMU target violated: 21.0ms (20.0ms/21.0ms)
[2023-03-19T14:01:15.158+0530][gc,phases   ] GC(11)   Pre Evacuate Collection Set: 1.2ms
[2023-03-19T14:01:15.158+0530][gc,phases   ] GC(11)   Merge Heap Roots: 0.2ms
[2023-03-19T14:01:15.158+0530][gc,phases   ] GC(11)   Evacuate Collection Set: 19.4ms
[2023-03-19T14:01:15.158+0530][gc,phases   ] GC(11)   Post Evacuate Collection Set: 1.2ms
[2023-03-19T14:01:15.158+0530][gc,phases   ] GC(11)   Other: 0.6ms
[2023-03-19T14:01:15.158+0530][gc,heap     ] GC(11) Eden regions: 212->0(45)
[2023-03-19T14:01:15.158+0530][gc,heap     ] GC(11) Survivor regions: 3->6(27)
[2023-03-19T14:01:15.158+0530][gc,heap     ] GC(11) Old regions: 16->16
[2023-03-19T14:01:15.158+0530][gc,heap     ] GC(11) Archive regions: 2->2
[2023-03-19T14:01:15.158+0530][gc,heap     ] GC(11) Humongous regions: 129->129
[2023-03-19T14:01:15.158+0530][gc,metaspace] GC(11) Metaspace: 43325K(43968K)->43325K(43968K) NonClass: 38378K(38720K)->38378K(38720K) Class: 4946K(5248K)->4946K(5248K)
[2023-03-19T14:01:15.159+0530][gc          ] GC(11) Pause Young (Normal) (G1 Evacuation Pause) 360M->151M(1024M) 24.236ms
[2023-03-19T14:01:15.159+0530][gc,cpu      ] GC(11) User=0.03s Sys=0.05s Real=0.02s
[2023-03-19T15:10:50.912+0530][gc,start    ] GC(12) Pause Young (Normal) (G1 Evacuation Pause)
[2023-03-19T15:10:50.913+0530][gc,task     ] GC(12) Using 8 workers of 8 for evacuation
[2023-03-19T15:10:50.923+0530][gc,phases   ] GC(12)   Pre Evacuate Collection Set: 0.5ms
[2023-03-19T15:10:50.923+0530][gc,phases   ] GC(12)   Merge Heap Roots: 0.1ms
[2023-03-19T15:10:50.923+0530][gc,phases   ] GC(12)   Evacuate Collection Set: 7.3ms
[2023-03-19T15:10:50.923+0530][gc,phases   ] GC(12)   Post Evacuate Collection Set: 1.6ms
[2023-03-19T15:10:50.923+0530][gc,phases   ] GC(12)   Other: 0.7ms
[2023-03-19T15:10:50.923+0530][gc,heap     ] GC(12) Eden regions: 45->0(196)
[2023-03-19T15:10:50.923+0530][gc,heap     ] GC(12) Survivor regions: 6->2(7)
[2023-03-19T15:10:50.923+0530][gc,heap     ] GC(12) Old regions: 16->19
[2023-03-19T15:10:50.924+0530][gc,heap     ] GC(12) Archive regions: 2->2
[2023-03-19T15:10:50.924+0530][gc,heap     ] GC(12) Humongous regions: 129->129
[2023-03-19T15:10:50.924+0530][gc,metaspace] GC(12) Metaspace: 43351K(44032K)->43351K(44032K) NonClass: 38404K(38784K)->38404K(38784K) Class: 4947K(5248K)->4947K(5248K)
[2023-03-19T15:10:50.924+0530][gc          ] GC(12) Pause Young (Normal) (G1 Evacuation Pause) 196M->150M(1024M) 12.019ms
[2023-03-19T15:10:50.924+0530][gc,cpu      ] GC(12) User=0.02s Sys=0.01s Real=0.01s
[2023-03-19T15:11:36.712+0530][gc,heap,exit] Heap
[2023-03-19T15:11:36.712+0530][gc,heap,exit]  garbage-first heap   total 1048576K, used 169554K [0x00000007c0000000, 0x0000000800000000)
[2023-03-19T15:11:36.712+0530][gc,heap,exit]   region size 1024K, 17 young (17408K), 2 survivors (2048K)
[2023-03-19T15:11:36.712+0530][gc,heap,exit]  Metaspace       used 44042K, committed 44672K, reserved 1114112K
[2023-03-19T15:11:36.712+0530][gc,heap,exit]   class space    used 5108K, committed 5440K, reserved 1048576K
