[2023-03-13T11:21:48.401+0530][gc,init] CardTable entry size: 512
[2023-03-13T11:21:48.401+0530][gc     ] Using G1
[2023-03-13T11:21:48.402+0530][gc,init] Version: 19.0.1+10-21 (release)
[2023-03-13T11:21:48.402+0530][gc,init] CPUs: 8 total, 8 available
[2023-03-13T11:21:48.402+0530][gc,init] Memory: 8192M
[2023-03-13T11:21:48.402+0530][gc,init] Large Page Support: Disabled
[2023-03-13T11:21:48.402+0530][gc,init] NUMA Support: Disabled
[2023-03-13T11:21:48.402+0530][gc,init] Compressed Oops: Enabled (Zero based)
[2023-03-13T11:21:48.402+0530][gc,init] Heap Region Size: 1M
[2023-03-13T11:21:48.402+0530][gc,init] Heap Min Capacity: 1G
[2023-03-13T11:21:48.402+0530][gc,init] Heap Initial Capacity: 1G
[2023-03-13T11:21:48.402+0530][gc,init] Heap Max Capacity: 1G
[2023-03-13T11:21:48.402+0530][gc,init] Pre-touch: Disabled
[2023-03-13T11:21:48.402+0530][gc,init] Parallel Workers: 8
[2023-03-13T11:21:48.402+0530][gc,init] Concurrent Workers: 2
[2023-03-13T11:21:48.402+0530][gc,init] Concurrent Refinement Workers: 8
[2023-03-13T11:21:48.402+0530][gc,init] Periodic GC: Disabled
[2023-03-13T11:21:48.403+0530][gc,metaspace] CDS archive(s) mapped at: [0x0000000800000000-0x0000000800c44000-0x0000000800c44000), size 12861440, SharedBaseAddress: 0x0000000800000000, ArchiveRelocationMode: 0.
[2023-03-13T11:21:48.403+0530][gc,metaspace] Compressed class space mapped at: 0x0000000801000000-0x0000000841000000, reserved size: 1073741824
[2023-03-13T11:21:48.403+0530][gc,metaspace] Narrow klass base: 0x0000000800000000, Narrow klass shift: 0, Narrow klass range: 0x100000000
[2023-03-13T11:21:53.971+0530][gc,start    ] GC(0) Pause Young (Normal) (G1 Evacuation Pause)
[2023-03-13T11:21:53.971+0530][gc,task     ] GC(0) Using 8 workers of 8 for evacuation
[2023-03-13T11:21:53.974+0530][gc,phases   ] GC(0)   Pre Evacuate Collection Set: 0.2ms
[2023-03-13T11:21:53.974+0530][gc,phases   ] GC(0)   Merge Heap Roots: 0.0ms
[2023-03-13T11:21:53.974+0530][gc,phases   ] GC(0)   Evacuate Collection Set: 2.1ms
[2023-03-13T11:21:53.974+0530][gc,phases   ] GC(0)   Post Evacuate Collection Set: 0.3ms
[2023-03-13T11:21:53.974+0530][gc,phases   ] GC(0)   Other: 0.2ms
[2023-03-13T11:21:53.974+0530][gc,heap     ] GC(0) Eden regions: 51->0(44)
[2023-03-13T11:21:53.974+0530][gc,heap     ] GC(0) Survivor regions: 0->7(7)
[2023-03-13T11:21:53.974+0530][gc,heap     ] GC(0) Old regions: 0->1
[2023-03-13T11:21:53.974+0530][gc,heap     ] GC(0) Archive regions: 2->2
[2023-03-13T11:21:53.974+0530][gc,heap     ] GC(0) Humongous regions: 0->0
[2023-03-13T11:21:53.974+0530][gc,metaspace] GC(0) Metaspace: 18372K(18560K)->18372K(18560K) NonClass: 16304K(16384K)->16304K(16384K) Class: 2068K(2176K)->2068K(2176K)
[2023-03-13T11:21:53.974+0530][gc          ] GC(0) Pause Young (Normal) (G1 Evacuation Pause) 51M->8M(1024M) 2.960ms
[2023-03-13T11:21:53.974+0530][gc,cpu      ] GC(0) User=0.01s Sys=0.01s Real=0.00s
[2023-03-13T11:21:54.091+0530][gc,start    ] GC(1) Pause Young (Concurrent Start) (Metadata GC Threshold)
[2023-03-13T11:21:54.091+0530][gc,task     ] GC(1) Using 8 workers of 8 for evacuation
[2023-03-13T11:21:54.094+0530][gc,phases   ] GC(1)   Pre Evacuate Collection Set: 0.3ms
[2023-03-13T11:21:54.094+0530][gc,phases   ] GC(1)   Merge Heap Roots: 0.0ms
[2023-03-13T11:21:54.094+0530][gc,phases   ] GC(1)   Evacuate Collection Set: 2.9ms
[2023-03-13T11:21:54.094+0530][gc,phases   ] GC(1)   Post Evacuate Collection Set: 0.3ms
[2023-03-13T11:21:54.094+0530][gc,phases   ] GC(1)   Other: 0.0ms
[2023-03-13T11:21:54.094+0530][gc,heap     ] GC(1) Eden regions: 13->0(49)
[2023-03-13T11:21:54.094+0530][gc,heap     ] GC(1) Survivor regions: 7->2(7)
[2023-03-13T11:21:54.094+0530][gc,heap     ] GC(1) Old regions: 1->8
[2023-03-13T11:21:54.094+0530][gc,heap     ] GC(1) Archive regions: 2->2
[2023-03-13T11:21:54.094+0530][gc,heap     ] GC(1) Humongous regions: 129->129
[2023-03-13T11:21:54.094+0530][gc,metaspace] GC(1) Metaspace: 21289K(21504K)->21289K(21504K) NonClass: 18858K(18944K)->18858K(18944K) Class: 2431K(2560K)->2431K(2560K)
[2023-03-13T11:21:54.094+0530][gc          ] GC(1) Pause Young (Concurrent Start) (Metadata GC Threshold) 149M->138M(1024M) 3.708ms
[2023-03-13T11:21:54.094+0530][gc          ] GC(2) Concurrent Mark Cycle
[2023-03-13T11:21:54.094+0530][gc,cpu      ] GC(1) User=0.01s Sys=0.00s Real=0.00s
[2023-03-13T11:21:54.094+0530][gc,marking  ] GC(2) Concurrent Clear Claimed Marks
[2023-03-13T11:21:54.094+0530][gc,marking  ] GC(2) Concurrent Clear Claimed Marks 0.060ms
[2023-03-13T11:21:54.094+0530][gc,marking  ] GC(2) Concurrent Scan Root Regions
[2023-03-13T11:21:54.096+0530][gc,marking  ] GC(2) Concurrent Scan Root Regions 1.889ms
[2023-03-13T11:21:54.096+0530][gc,marking  ] GC(2) Concurrent Mark
[2023-03-13T11:21:54.096+0530][gc,marking  ] GC(2) Concurrent Mark From Roots
[2023-03-13T11:21:54.096+0530][gc,task     ] GC(2) Using 2 workers of 2 for marking
[2023-03-13T11:21:54.097+0530][gc,marking  ] GC(2) Concurrent Mark From Roots 0.936ms
[2023-03-13T11:21:54.097+0530][gc,marking  ] GC(2) Concurrent Preclean
[2023-03-13T11:21:54.097+0530][gc,marking  ] GC(2) Concurrent Preclean 0.007ms
[2023-03-13T11:21:54.097+0530][gc,start    ] GC(2) Pause Remark
[2023-03-13T11:21:54.099+0530][gc          ] GC(2) Pause Remark 139M->139M(1024M) 1.079ms
[2023-03-13T11:21:54.099+0530][gc,cpu      ] GC(2) User=0.01s Sys=0.00s Real=0.00s
[2023-03-13T11:21:54.099+0530][gc,marking  ] GC(2) Concurrent Mark 2.341ms
[2023-03-13T11:21:54.099+0530][gc,marking  ] GC(2) Concurrent Rebuild Remembered Sets
[2023-03-13T11:21:54.100+0530][gc,marking  ] GC(2) Concurrent Rebuild Remembered Sets 1.644ms
[2023-03-13T11:21:54.101+0530][gc,start    ] GC(2) Pause Cleanup
[2023-03-13T11:21:54.101+0530][gc          ] GC(2) Pause Cleanup 139M->139M(1024M) 0.096ms
[2023-03-13T11:21:54.101+0530][gc,cpu      ] GC(2) User=0.00s Sys=0.00s Real=0.00s
[2023-03-13T11:21:54.101+0530][gc,marking  ] GC(2) Concurrent Cleanup for Next Mark
[2023-03-13T11:21:54.103+0530][gc,marking  ] GC(2) Concurrent Cleanup for Next Mark 1.643ms
[2023-03-13T11:21:54.103+0530][gc          ] GC(2) Concurrent Mark Cycle 8.569ms
[2023-03-13T11:21:54.396+0530][gc,start    ] GC(3) Pause Young (Normal) (G1 Evacuation Pause)
[2023-03-13T11:21:54.396+0530][gc,task     ] GC(3) Using 8 workers of 8 for evacuation
[2023-03-13T11:21:54.399+0530][gc,phases   ] GC(3)   Pre Evacuate Collection Set: 0.1ms
[2023-03-13T11:21:54.399+0530][gc,phases   ] GC(3)   Merge Heap Roots: 0.0ms
[2023-03-13T11:21:54.399+0530][gc,phases   ] GC(3)   Evacuate Collection Set: 1.9ms
[2023-03-13T11:21:54.399+0530][gc,phases   ] GC(3)   Post Evacuate Collection Set: 0.2ms
[2023-03-13T11:21:54.399+0530][gc,phases   ] GC(3)   Other: 0.0ms
[2023-03-13T11:21:54.399+0530][gc,heap     ] GC(3) Eden regions: 49->0(45)
[2023-03-13T11:21:54.399+0530][gc,heap     ] GC(3) Survivor regions: 2->6(7)
[2023-03-13T11:21:54.399+0530][gc,heap     ] GC(3) Old regions: 8->8
[2023-03-13T11:21:54.399+0530][gc,heap     ] GC(3) Archive regions: 2->2
[2023-03-13T11:21:54.399+0530][gc,heap     ] GC(3) Humongous regions: 129->129
[2023-03-13T11:21:54.399+0530][gc,metaspace] GC(3) Metaspace: 33156K(33472K)->33156K(33472K) NonClass: 29639K(29824K)->29639K(29824K) Class: 3517K(3648K)->3517K(3648K)
[2023-03-13T11:21:54.399+0530][gc          ] GC(3) Pause Young (Normal) (G1 Evacuation Pause) 187M->142M(1024M) 2.430ms
[2023-03-13T11:21:54.399+0530][gc,cpu      ] GC(3) User=0.02s Sys=0.00s Real=0.00s
[2023-03-13T11:40:07.992+0530][gc,start    ] GC(4) Pause Young (Concurrent Start) (Metadata GC Threshold)
[2023-03-13T11:40:07.993+0530][gc,task     ] GC(4) Using 8 workers of 8 for evacuation
[2023-03-13T11:40:07.998+0530][gc,phases   ] GC(4)   Pre Evacuate Collection Set: 0.6ms
[2023-03-13T11:40:07.998+0530][gc,phases   ] GC(4)   Merge Heap Roots: 0.1ms
[2023-03-13T11:40:07.998+0530][gc,phases   ] GC(4)   Evacuate Collection Set: 4.0ms
[2023-03-13T11:40:07.998+0530][gc,phases   ] GC(4)   Post Evacuate Collection Set: 0.3ms
[2023-03-13T11:40:07.998+0530][gc,phases   ] GC(4)   Other: -0.0ms
[2023-03-13T11:40:07.998+0530][gc,heap     ] GC(4) Eden regions: 18->0(50)
[2023-03-13T11:40:07.998+0530][gc,heap     ] GC(4) Survivor regions: 6->1(7)
[2023-03-13T11:40:07.998+0530][gc,heap     ] GC(4) Old regions: 8->13
[2023-03-13T11:40:07.998+0530][gc,heap     ] GC(4) Archive regions: 2->2
[2023-03-13T11:40:07.998+0530][gc,heap     ] GC(4) Humongous regions: 129->129
[2023-03-13T11:40:07.998+0530][gc,metaspace] GC(4) Metaspace: 35848K(36160K)->35848K(36160K) NonClass: 32014K(32192K)->32014K(32192K) Class: 3834K(3968K)->3834K(3968K)
[2023-03-13T11:40:07.998+0530][gc          ] GC(4) Pause Young (Concurrent Start) (Metadata GC Threshold) 160M->143M(1024M) 5.295ms
[2023-03-13T11:40:07.998+0530][gc          ] GC(5) Concurrent Mark Cycle
[2023-03-13T11:40:07.998+0530][gc,cpu      ] GC(4) User=0.02s Sys=0.01s Real=0.00s
[2023-03-13T11:40:07.998+0530][gc,marking  ] GC(5) Concurrent Clear Claimed Marks
[2023-03-13T11:40:07.998+0530][gc,marking  ] GC(5) Concurrent Clear Claimed Marks 0.034ms
[2023-03-13T11:40:07.998+0530][gc,marking  ] GC(5) Concurrent Scan Root Regions
[2023-03-13T11:40:07.999+0530][gc,marking  ] GC(5) Concurrent Scan Root Regions 1.600ms
[2023-03-13T11:40:07.999+0530][gc,marking  ] GC(5) Concurrent Mark
[2023-03-13T11:40:07.999+0530][gc,marking  ] GC(5) Concurrent Mark From Roots
[2023-03-13T11:40:07.999+0530][gc,task     ] GC(5) Using 2 workers of 2 for marking
[2023-03-13T11:40:08.003+0530][gc,marking  ] GC(5) Concurrent Mark From Roots 3.186ms
[2023-03-13T11:40:08.005+0530][gc,marking  ] GC(5) Concurrent Preclean
[2023-03-13T11:40:08.005+0530][gc,marking  ] GC(5) Concurrent Preclean 0.134ms
[2023-03-13T11:40:08.005+0530][gc,start    ] GC(5) Pause Remark
[2023-03-13T11:40:08.010+0530][gc          ] GC(5) Pause Remark 144M->144M(1024M) 4.759ms
[2023-03-13T11:40:08.010+0530][gc,cpu      ] GC(5) User=0.01s Sys=0.02s Real=0.01s
[2023-03-13T11:40:08.010+0530][gc,marking  ] GC(5) Concurrent Mark 10.621ms
[2023-03-13T11:40:08.010+0530][gc,marking  ] GC(5) Concurrent Rebuild Remembered Sets
[2023-03-13T11:40:08.013+0530][gc,marking  ] GC(5) Concurrent Rebuild Remembered Sets 3.003ms
[2023-03-13T11:40:08.014+0530][gc,start    ] GC(5) Pause Cleanup
[2023-03-13T11:40:08.014+0530][gc          ] GC(5) Pause Cleanup 144M->144M(1024M) 0.128ms
[2023-03-13T11:40:08.014+0530][gc,cpu      ] GC(5) User=0.00s Sys=0.00s Real=0.00s
[2023-03-13T11:40:08.014+0530][gc,marking  ] GC(5) Concurrent Cleanup for Next Mark
[2023-03-13T11:40:08.018+0530][gc,marking  ] GC(5) Concurrent Cleanup for Next Mark 4.237ms
[2023-03-13T11:40:08.018+0530][gc          ] GC(5) Concurrent Mark Cycle 20.688ms
[2023-03-13T11:50:36.151+0530][gc,start    ] GC(6) Pause Young (Prepare Mixed) (G1 Evacuation Pause)
[2023-03-13T11:50:36.152+0530][gc,task     ] GC(6) Using 8 workers of 8 for evacuation
[2023-03-13T11:50:36.168+0530][gc,phases   ] GC(6)   Pre Evacuate Collection Set: 0.8ms
[2023-03-13T11:50:36.168+0530][gc,phases   ] GC(6)   Merge Heap Roots: 0.2ms
[2023-03-13T11:50:36.168+0530][gc,phases   ] GC(6)   Evacuate Collection Set: 13.6ms
[2023-03-13T11:50:36.168+0530][gc,phases   ] GC(6)   Post Evacuate Collection Set: 0.9ms
[2023-03-13T11:50:36.168+0530][gc,phases   ] GC(6)   Other: 0.1ms
[2023-03-13T11:50:36.168+0530][gc,heap     ] GC(6) Eden regions: 50->0(47)
[2023-03-13T11:50:36.168+0530][gc,heap     ] GC(6) Survivor regions: 1->4(7)
[2023-03-13T11:50:36.168+0530][gc,heap     ] GC(6) Old regions: 13->13
[2023-03-13T11:50:36.168+0530][gc,heap     ] GC(6) Archive regions: 2->2
[2023-03-13T11:50:36.168+0530][gc,heap     ] GC(6) Humongous regions: 129->129
[2023-03-13T11:50:36.168+0530][gc,metaspace] GC(6) Metaspace: 39659K(40128K)->39659K(40128K) NonClass: 35335K(35584K)->35335K(35584K) Class: 4323K(4544K)->4323K(4544K)
[2023-03-13T11:50:36.168+0530][gc          ] GC(6) Pause Young (Prepare Mixed) (G1 Evacuation Pause) 193M->146M(1024M) 16.997ms
[2023-03-13T11:50:36.168+0530][gc,cpu      ] GC(6) User=0.03s Sys=0.04s Real=0.01s
[2023-03-13T11:57:09.839+0530][gc,start    ] GC(7) Pause Young (Mixed) (G1 Evacuation Pause)
[2023-03-13T11:57:09.840+0530][gc,task     ] GC(7) Using 8 workers of 8 for evacuation
[2023-03-13T11:57:09.859+0530][gc,phases   ] GC(7)   Pre Evacuate Collection Set: 1.2ms
[2023-03-13T11:57:09.859+0530][gc,phases   ] GC(7)   Merge Heap Roots: 0.2ms
[2023-03-13T11:57:09.859+0530][gc,phases   ] GC(7)   Evacuate Collection Set: 16.2ms
[2023-03-13T11:57:09.859+0530][gc,phases   ] GC(7)   Post Evacuate Collection Set: 0.9ms
[2023-03-13T11:57:09.859+0530][gc,phases   ] GC(7)   Other: 0.3ms
[2023-03-13T11:57:09.859+0530][gc,heap     ] GC(7) Eden regions: 47->0(45)
[2023-03-13T11:57:09.859+0530][gc,heap     ] GC(7) Survivor regions: 4->6(7)
[2023-03-13T11:57:09.859+0530][gc,heap     ] GC(7) Old regions: 13->13
[2023-03-13T11:57:09.859+0530][gc,heap     ] GC(7) Archive regions: 2->2
[2023-03-13T11:57:09.859+0530][gc,heap     ] GC(7) Humongous regions: 129->129
[2023-03-13T11:57:09.859+0530][gc,metaspace] GC(7) Metaspace: 40881K(41408K)->40881K(41408K) NonClass: 36392K(36672K)->36392K(36672K) Class: 4489K(4736K)->4489K(4736K)
[2023-03-13T11:57:09.859+0530][gc          ] GC(7) Pause Young (Mixed) (G1 Evacuation Pause) 193M->148M(1024M) 20.579ms
[2023-03-13T11:57:09.859+0530][gc,cpu      ] GC(7) User=0.04s Sys=0.03s Real=0.02s
[2023-03-13T12:05:59.878+0530][gc,start    ] GC(8) Pause Young (Normal) (G1 Evacuation Pause)
[2023-03-13T12:05:59.880+0530][gc,task     ] GC(8) Using 8 workers of 8 for evacuation
[2023-03-13T12:05:59.899+0530][gc,phases   ] GC(8)   Pre Evacuate Collection Set: 1.4ms
[2023-03-13T12:05:59.899+0530][gc,phases   ] GC(8)   Merge Heap Roots: 0.2ms
[2023-03-13T12:05:59.899+0530][gc,phases   ] GC(8)   Evacuate Collection Set: 15.9ms
[2023-03-13T12:05:59.899+0530][gc,phases   ] GC(8)   Post Evacuate Collection Set: 1.2ms
[2023-03-13T12:05:59.899+0530][gc,phases   ] GC(8)   Other: 0.3ms
[2023-03-13T12:05:59.899+0530][gc,heap     ] GC(8) Eden regions: 45->0(46)
[2023-03-13T12:05:59.899+0530][gc,heap     ] GC(8) Survivor regions: 6->5(7)
[2023-03-13T12:05:59.899+0530][gc,heap     ] GC(8) Old regions: 13->15
[2023-03-13T12:05:59.899+0530][gc,heap     ] GC(8) Archive regions: 2->2
[2023-03-13T12:05:59.899+0530][gc,heap     ] GC(8) Humongous regions: 129->129
[2023-03-13T12:05:59.899+0530][gc,metaspace] GC(8) Metaspace: 40955K(41536K)->40955K(41536K) NonClass: 36464K(36800K)->36464K(36800K) Class: 4491K(4736K)->4491K(4736K)
[2023-03-13T12:05:59.899+0530][gc          ] GC(8) Pause Young (Normal) (G1 Evacuation Pause) 193M->148M(1024M) 20.884ms
[2023-03-13T12:05:59.899+0530][gc,cpu      ] GC(8) User=0.04s Sys=0.02s Real=0.02s
[2023-03-13T12:15:35.409+0530][gc,start    ] GC(9) Pause Young (Normal) (G1 Evacuation Pause)
[2023-03-13T12:15:35.409+0530][gc,task     ] GC(9) Using 8 workers of 8 for evacuation
[2023-03-13T12:15:35.419+0530][gc,phases   ] GC(9)   Pre Evacuate Collection Set: 1.1ms
[2023-03-13T12:15:35.419+0530][gc,phases   ] GC(9)   Merge Heap Roots: 0.2ms
[2023-03-13T12:15:35.419+0530][gc,phases   ] GC(9)   Evacuate Collection Set: 7.1ms
[2023-03-13T12:15:35.419+0530][gc,phases   ] GC(9)   Post Evacuate Collection Set: 0.7ms
[2023-03-13T12:15:35.419+0530][gc,phases   ] GC(9)   Other: 0.3ms
[2023-03-13T12:15:35.419+0530][gc,heap     ] GC(9) Eden regions: 46->0(49)
[2023-03-13T12:15:35.419+0530][gc,heap     ] GC(9) Survivor regions: 5->3(7)
[2023-03-13T12:15:35.419+0530][gc,heap     ] GC(9) Old regions: 15->16
[2023-03-13T12:15:35.419+0530][gc,heap     ] GC(9) Archive regions: 2->2
[2023-03-13T12:15:35.419+0530][gc,heap     ] GC(9) Humongous regions: 129->129
[2023-03-13T12:15:35.419+0530][gc,metaspace] GC(9) Metaspace: 40981K(41536K)->40981K(41536K) NonClass: 36490K(36800K)->36490K(36800K) Class: 4491K(4736K)->4491K(4736K)
[2023-03-13T12:15:35.419+0530][gc          ] GC(9) Pause Young (Normal) (G1 Evacuation Pause) 194M->147M(1024M) 10.444ms
[2023-03-13T12:15:35.419+0530][gc,cpu      ] GC(9) User=0.02s Sys=0.01s Real=0.01s
[2023-03-13T12:25:24.719+0530][gc,start    ] GC(10) Pause Young (Normal) (G1 Evacuation Pause)
[2023-03-13T12:25:24.721+0530][gc,task     ] GC(10) Using 8 workers of 8 for evacuation
[2023-03-13T12:25:24.734+0530][gc,phases   ] GC(10)   Pre Evacuate Collection Set: 1.2ms
[2023-03-13T12:25:24.734+0530][gc,phases   ] GC(10)   Merge Heap Roots: 0.2ms
[2023-03-13T12:25:24.734+0530][gc,phases   ] GC(10)   Evacuate Collection Set: 11.0ms
[2023-03-13T12:25:24.734+0530][gc,phases   ] GC(10)   Post Evacuate Collection Set: 0.6ms
[2023-03-13T12:25:24.734+0530][gc,phases   ] GC(10)   Other: 0.3ms
[2023-03-13T12:25:24.734+0530][gc,heap     ] GC(10) Eden regions: 49->0(48)
[2023-03-13T12:25:24.734+0530][gc,heap     ] GC(10) Survivor regions: 3->3(7)
[2023-03-13T12:25:24.734+0530][gc,heap     ] GC(10) Old regions: 16->16
[2023-03-13T12:25:24.734+0530][gc,heap     ] GC(10) Archive regions: 2->2
[2023-03-13T12:25:24.734+0530][gc,heap     ] GC(10) Humongous regions: 129->129
[2023-03-13T12:25:24.734+0530][gc,metaspace] GC(10) Metaspace: 41031K(41536K)->41031K(41536K) NonClass: 36536K(36800K)->36536K(36800K) Class: 4494K(4736K)->4494K(4736K)
[2023-03-13T12:25:24.734+0530][gc          ] GC(10) Pause Young (Normal) (G1 Evacuation Pause) 196M->148M(1024M) 14.996ms
[2023-03-13T12:25:24.734+0530][gc,cpu      ] GC(10) User=0.02s Sys=0.02s Real=0.02s
[2023-03-13T12:35:41.414+0530][gc,start    ] GC(11) Pause Young (Normal) (G1 Evacuation Pause)
[2023-03-13T12:35:41.416+0530][gc,task     ] GC(11) Using 8 workers of 8 for evacuation
[2023-03-13T12:35:41.427+0530][gc,phases   ] GC(11)   Pre Evacuate Collection Set: 1.1ms
[2023-03-13T12:35:41.427+0530][gc,phases   ] GC(11)   Merge Heap Roots: 0.2ms
[2023-03-13T12:35:41.427+0530][gc,phases   ] GC(11)   Evacuate Collection Set: 8.8ms
[2023-03-13T12:35:41.427+0530][gc,phases   ] GC(11)   Post Evacuate Collection Set: 0.6ms
[2023-03-13T12:35:41.427+0530][gc,phases   ] GC(11)   Other: 0.3ms
[2023-03-13T12:35:41.427+0530][gc,heap     ] GC(11) Eden regions: 48->0(60)
[2023-03-13T12:35:41.427+0530][gc,heap     ] GC(11) Survivor regions: 3->4(7)
[2023-03-13T12:35:41.427+0530][gc,heap     ] GC(11) Old regions: 16->16
[2023-03-13T12:35:41.427+0530][gc,heap     ] GC(11) Archive regions: 2->2
[2023-03-13T12:35:41.427+0530][gc,heap     ] GC(11) Humongous regions: 129->129
[2023-03-13T12:35:41.427+0530][gc,metaspace] GC(11) Metaspace: 41056K(41600K)->41056K(41600K) NonClass: 36561K(36864K)->36561K(36864K) Class: 4495K(4736K)->4495K(4736K)
[2023-03-13T12:35:41.427+0530][gc          ] GC(11) Pause Young (Normal) (G1 Evacuation Pause) 196M->148M(1024M) 12.572ms
[2023-03-13T12:35:41.427+0530][gc,cpu      ] GC(11) User=0.02s Sys=0.01s Real=0.01s
[2023-03-13T12:48:40.974+0530][gc,start    ] GC(12) Pause Young (Normal) (G1 Evacuation Pause)
[2023-03-13T12:48:40.976+0530][gc,task     ] GC(12) Using 8 workers of 8 for evacuation
[2023-03-13T12:48:40.984+0530][gc,phases   ] GC(12)   Pre Evacuate Collection Set: 1.3ms
[2023-03-13T12:48:40.984+0530][gc,phases   ] GC(12)   Merge Heap Roots: 0.1ms
[2023-03-13T12:48:40.984+0530][gc,phases   ] GC(12)   Evacuate Collection Set: 5.7ms
[2023-03-13T12:48:40.984+0530][gc,phases   ] GC(12)   Post Evacuate Collection Set: 0.8ms
[2023-03-13T12:48:40.984+0530][gc,phases   ] GC(12)   Other: 0.2ms
[2023-03-13T12:48:40.984+0530][gc,heap     ] GC(12) Eden regions: 60->0(508)
[2023-03-13T12:48:40.984+0530][gc,heap     ] GC(12) Survivor regions: 4->4(8)
[2023-03-13T12:48:40.984+0530][gc,heap     ] GC(12) Old regions: 16->16
[2023-03-13T12:48:40.984+0530][gc,heap     ] GC(12) Archive regions: 2->2
[2023-03-13T12:48:40.984+0530][gc,heap     ] GC(12) Humongous regions: 129->129
[2023-03-13T12:48:40.984+0530][gc,metaspace] GC(12) Metaspace: 41072K(41600K)->41072K(41600K) NonClass: 36576K(36864K)->36576K(36864K) Class: 4495K(4736K)->4495K(4736K)
[2023-03-13T12:48:40.984+0530][gc          ] GC(12) Pause Young (Normal) (G1 Evacuation Pause) 208M->149M(1024M) 9.702ms
[2023-03-13T12:48:40.984+0530][gc,cpu      ] GC(12) User=0.02s Sys=0.02s Real=0.01s
[2023-03-13T14:11:27.253+0530][gc,start    ] GC(13) Pause Young (Normal) (G1 Evacuation Pause)
[2023-03-13T14:11:27.254+0530][gc,task     ] GC(13) Using 8 workers of 8 for evacuation
[2023-03-13T14:11:27.266+0530][gc,phases   ] GC(13)   Pre Evacuate Collection Set: 1.3ms
[2023-03-13T14:11:27.267+0530][gc,phases   ] GC(13)   Merge Heap Roots: 0.3ms
[2023-03-13T14:11:27.267+0530][gc,phases   ] GC(13)   Evacuate Collection Set: 8.7ms
[2023-03-13T14:11:27.267+0530][gc,phases   ] GC(13)   Post Evacuate Collection Set: 1.2ms
[2023-03-13T14:11:27.267+0530][gc,phases   ] GC(13)   Other: 0.6ms
[2023-03-13T14:11:27.267+0530][gc,heap     ] GC(13) Eden regions: 508->0(610)
[2023-03-13T14:11:27.267+0530][gc,heap     ] GC(13) Survivor regions: 4->4(64)
[2023-03-13T14:11:27.267+0530][gc,heap     ] GC(13) Old regions: 16->16
[2023-03-13T14:11:27.267+0530][gc,heap     ] GC(13) Archive regions: 2->2
[2023-03-13T14:11:27.267+0530][gc,heap     ] GC(13) Humongous regions: 129->129
[2023-03-13T14:11:27.267+0530][gc,metaspace] GC(13) Metaspace: 41440K(41984K)->41440K(41984K) NonClass: 36889K(37184K)->36889K(37184K) Class: 4551K(4800K)->4551K(4800K)
[2023-03-13T14:11:27.267+0530][gc          ] GC(13) Pause Young (Normal) (G1 Evacuation Pause) 657M->148M(1024M) 13.669ms
[2023-03-13T14:11:27.267+0530][gc,cpu      ] GC(13) User=0.02s Sys=0.01s Real=0.01s
[2023-03-13T15:35:07.368+0530][gc,start    ] GC(14) Pause Young (Normal) (G1 Evacuation Pause)
[2023-03-13T15:35:07.370+0530][gc,task     ] GC(14) Using 8 workers of 8 for evacuation
[2023-03-13T15:35:07.381+0530][gc,phases   ] GC(14)   Pre Evacuate Collection Set: 1.0ms
[2023-03-13T15:35:07.381+0530][gc,phases   ] GC(14)   Merge Heap Roots: 0.3ms
[2023-03-13T15:35:07.381+0530][gc,phases   ] GC(14)   Evacuate Collection Set: 8.2ms
[2023-03-13T15:35:07.381+0530][gc,phases   ] GC(14)   Post Evacuate Collection Set: 1.2ms
[2023-03-13T15:35:07.381+0530][gc,phases   ] GC(14)   Other: 0.3ms
[2023-03-13T15:35:07.381+0530][gc,heap     ] GC(14) Eden regions: 610->0(610)
[2023-03-13T15:35:07.381+0530][gc,heap     ] GC(14) Survivor regions: 4->4(77)
[2023-03-13T15:35:07.381+0530][gc,heap     ] GC(14) Old regions: 16->16
[2023-03-13T15:35:07.381+0530][gc,heap     ] GC(14) Archive regions: 2->2
[2023-03-13T15:35:07.381+0530][gc,heap     ] GC(14) Humongous regions: 129->129
[2023-03-13T15:35:07.381+0530][gc,metaspace] GC(14) Metaspace: 41927K(42432K)->41927K(42432K) NonClass: 37304K(37568K)->37304K(37568K) Class: 4623K(4864K)->4623K(4864K)
[2023-03-13T15:35:07.381+0530][gc          ] GC(14) Pause Young (Normal) (G1 Evacuation Pause) 758M->149M(1024M) 12.728ms
[2023-03-13T15:35:07.381+0530][gc,cpu      ] GC(14) User=0.02s Sys=0.03s Real=0.02s
[2023-03-13T16:53:56.240+0530][gc,start    ] GC(15) Pause Young (Normal) (G1 Evacuation Pause)
[2023-03-13T16:53:56.242+0530][gc,task     ] GC(15) Using 8 workers of 8 for evacuation
[2023-03-13T16:53:56.259+0530][gc,phases   ] GC(15)   Pre Evacuate Collection Set: 1.2ms
[2023-03-13T16:53:56.259+0530][gc,phases   ] GC(15)   Merge Heap Roots: 0.4ms
[2023-03-13T16:53:56.259+0530][gc,phases   ] GC(15)   Evacuate Collection Set: 13.9ms
[2023-03-13T16:53:56.260+0530][gc,phases   ] GC(15)   Post Evacuate Collection Set: 1.3ms
[2023-03-13T16:53:56.260+0530][gc,phases   ] GC(15)   Other: 0.4ms
[2023-03-13T16:53:56.260+0530][gc,heap     ] GC(15) Eden regions: 610->0(530)
[2023-03-13T16:53:56.260+0530][gc,heap     ] GC(15) Survivor regions: 4->6(77)
[2023-03-13T16:53:56.260+0530][gc,heap     ] GC(15) Old regions: 16->16
[2023-03-13T16:53:56.260+0530][gc,heap     ] GC(15) Archive regions: 2->2
[2023-03-13T16:53:56.260+0530][gc,heap     ] GC(15) Humongous regions: 129->129
[2023-03-13T16:53:56.260+0530][gc,metaspace] GC(15) Metaspace: 41960K(42496K)->41960K(42496K) NonClass: 37336K(37632K)->37336K(37632K) Class: 4623K(4864K)->4623K(4864K)
[2023-03-13T16:53:56.260+0530][gc          ] GC(15) Pause Young (Normal) (G1 Evacuation Pause) 759M->150M(1024M) 19.208ms
[2023-03-13T16:53:56.260+0530][gc,cpu      ] GC(15) User=0.04s Sys=0.03s Real=0.02s
[2023-03-13T22:28:58.828+0530][gc,heap,exit] Heap
[2023-03-13T22:28:58.828+0530][gc,heap,exit]  garbage-first heap   total 1048576K, used 626224K [0x00000007c0000000, 0x0000000800000000)
[2023-03-13T22:28:58.828+0530][gc,heap,exit]   region size 1024K, 467 young (478208K), 6 survivors (6144K)
[2023-03-13T22:28:58.828+0530][gc,heap,exit]  Metaspace       used 42693K, committed 43264K, reserved 1114112K
[2023-03-13T22:28:58.828+0530][gc,heap,exit]   class space    used 4769K, committed 5056K, reserved 1048576K
