[2023-03-13T11:18:43.140+0530][gc,init] CardTable entry size: 512
[2023-03-13T11:18:43.140+0530][gc     ] Using G1
[2023-03-13T11:18:43.141+0530][gc,init] Version: 19.0.1+10-21 (release)
[2023-03-13T11:18:43.141+0530][gc,init] CPUs: 8 total, 8 available
[2023-03-13T11:18:43.141+0530][gc,init] Memory: 8192M
[2023-03-13T11:18:43.141+0530][gc,init] Large Page Support: Disabled
[2023-03-13T11:18:43.141+0530][gc,init] NUMA Support: Disabled
[2023-03-13T11:18:43.141+0530][gc,init] Compressed Oops: Enabled (Zero based)
[2023-03-13T11:18:43.141+0530][gc,init] Heap Region Size: 1M
[2023-03-13T11:18:43.141+0530][gc,init] Heap Min Capacity: 1G
[2023-03-13T11:18:43.141+0530][gc,init] Heap Initial Capacity: 1G
[2023-03-13T11:18:43.141+0530][gc,init] Heap Max Capacity: 1G
[2023-03-13T11:18:43.141+0530][gc,init] Pre-touch: Disabled
[2023-03-13T11:18:43.142+0530][gc,init] Parallel Workers: 8
[2023-03-13T11:18:43.142+0530][gc,init] Concurrent Workers: 2
[2023-03-13T11:18:43.142+0530][gc,init] Concurrent Refinement Workers: 8
[2023-03-13T11:18:43.142+0530][gc,init] Periodic GC: Disabled
[2023-03-13T11:18:43.142+0530][gc,metaspace] CDS archive(s) mapped at: [0x0000000800000000-0x0000000800c44000-0x0000000800c44000), size 12861440, SharedBaseAddress: 0x0000000800000000, ArchiveRelocationMode: 0.
[2023-03-13T11:18:43.142+0530][gc,metaspace] Compressed class space mapped at: 0x0000000801000000-0x0000000841000000, reserved size: 1073741824
[2023-03-13T11:18:43.142+0530][gc,metaspace] Narrow klass base: 0x0000000800000000, Narrow klass shift: 0, Narrow klass range: 0x100000000
[2023-03-13T11:18:48.704+0530][gc,start    ] GC(0) Pause Young (Normal) (G1 Evacuation Pause)
[2023-03-13T11:18:48.704+0530][gc,task     ] GC(0) Using 8 workers of 8 for evacuation
[2023-03-13T11:18:48.706+0530][gc,phases   ] GC(0)   Pre Evacuate Collection Set: 0.1ms
[2023-03-13T11:18:48.706+0530][gc,phases   ] GC(0)   Merge Heap Roots: 0.0ms
[2023-03-13T11:18:48.706+0530][gc,phases   ] GC(0)   Evacuate Collection Set: 1.8ms
[2023-03-13T11:18:48.706+0530][gc,phases   ] GC(0)   Post Evacuate Collection Set: 0.2ms
[2023-03-13T11:18:48.706+0530][gc,phases   ] GC(0)   Other: 0.2ms
[2023-03-13T11:18:48.706+0530][gc,heap     ] GC(0) Eden regions: 51->0(44)
[2023-03-13T11:18:48.706+0530][gc,heap     ] GC(0) Survivor regions: 0->7(7)
[2023-03-13T11:18:48.706+0530][gc,heap     ] GC(0) Old regions: 0->1
[2023-03-13T11:18:48.706+0530][gc,heap     ] GC(0) Archive regions: 2->2
[2023-03-13T11:18:48.706+0530][gc,heap     ] GC(0) Humongous regions: 0->0
[2023-03-13T11:18:48.706+0530][gc,metaspace] GC(0) Metaspace: 18356K(18560K)->18356K(18560K) NonClass: 16287K(16384K)->16287K(16384K) Class: 2068K(2176K)->2068K(2176K)
[2023-03-13T11:18:48.706+0530][gc          ] GC(0) Pause Young (Normal) (G1 Evacuation Pause) 51M->8M(1024M) 2.562ms
[2023-03-13T11:18:48.706+0530][gc,cpu      ] GC(0) User=0.02s Sys=0.00s Real=0.00s
[2023-03-13T11:18:48.822+0530][gc,start    ] GC(1) Pause Young (Concurrent Start) (Metadata GC Threshold)
[2023-03-13T11:18:48.822+0530][gc,task     ] GC(1) Using 8 workers of 8 for evacuation
[2023-03-13T11:18:48.825+0530][gc,phases   ] GC(1)   Pre Evacuate Collection Set: 0.2ms
[2023-03-13T11:18:48.825+0530][gc,phases   ] GC(1)   Merge Heap Roots: 0.1ms
[2023-03-13T11:18:48.825+0530][gc,phases   ] GC(1)   Evacuate Collection Set: 2.8ms
[2023-03-13T11:18:48.825+0530][gc,phases   ] GC(1)   Post Evacuate Collection Set: 0.2ms
[2023-03-13T11:18:48.825+0530][gc,phases   ] GC(1)   Other: 0.0ms
[2023-03-13T11:18:48.825+0530][gc,heap     ] GC(1) Eden regions: 13->0(49)
[2023-03-13T11:18:48.825+0530][gc,heap     ] GC(1) Survivor regions: 7->2(7)
[2023-03-13T11:18:48.825+0530][gc,heap     ] GC(1) Old regions: 1->8
[2023-03-13T11:18:48.825+0530][gc,heap     ] GC(1) Archive regions: 2->2
[2023-03-13T11:18:48.825+0530][gc,heap     ] GC(1) Humongous regions: 129->129
[2023-03-13T11:18:48.825+0530][gc,metaspace] GC(1) Metaspace: 21280K(21504K)->21280K(21504K) NonClass: 18846K(18944K)->18846K(18944K) Class: 2433K(2560K)->2433K(2560K)
[2023-03-13T11:18:48.826+0530][gc          ] GC(1) Pause Young (Concurrent Start) (Metadata GC Threshold) 149M->138M(1024M) 3.404ms
[2023-03-13T11:18:48.826+0530][gc          ] GC(2) Concurrent Mark Cycle
[2023-03-13T11:18:48.826+0530][gc,cpu      ] GC(1) User=0.01s Sys=0.00s Real=0.00s
[2023-03-13T11:18:48.826+0530][gc,marking  ] GC(2) Concurrent Clear Claimed Marks
[2023-03-13T11:18:48.826+0530][gc,marking  ] GC(2) Concurrent Clear Claimed Marks 0.022ms
[2023-03-13T11:18:48.826+0530][gc,marking  ] GC(2) Concurrent Scan Root Regions
[2023-03-13T11:18:48.827+0530][gc,marking  ] GC(2) Concurrent Scan Root Regions 1.325ms
[2023-03-13T11:18:48.827+0530][gc,marking  ] GC(2) Concurrent Mark
[2023-03-13T11:18:48.827+0530][gc,marking  ] GC(2) Concurrent Mark From Roots
[2023-03-13T11:18:48.827+0530][gc,task     ] GC(2) Using 2 workers of 2 for marking
[2023-03-13T11:18:48.828+0530][gc,marking  ] GC(2) Concurrent Mark From Roots 1.183ms
[2023-03-13T11:18:48.828+0530][gc,marking  ] GC(2) Concurrent Preclean
[2023-03-13T11:18:48.828+0530][gc,marking  ] GC(2) Concurrent Preclean 0.021ms
[2023-03-13T11:18:48.828+0530][gc,start    ] GC(2) Pause Remark
[2023-03-13T11:18:48.829+0530][gc          ] GC(2) Pause Remark 139M->139M(1024M) 0.851ms
[2023-03-13T11:18:48.829+0530][gc,cpu      ] GC(2) User=0.00s Sys=0.00s Real=0.00s
[2023-03-13T11:18:48.829+0530][gc,marking  ] GC(2) Concurrent Mark 2.337ms
[2023-03-13T11:18:48.829+0530][gc,marking  ] GC(2) Concurrent Rebuild Remembered Sets
[2023-03-13T11:18:48.831+0530][gc,marking  ] GC(2) Concurrent Rebuild Remembered Sets 1.886ms
[2023-03-13T11:18:48.831+0530][gc,start    ] GC(2) Pause Cleanup
[2023-03-13T11:18:48.831+0530][gc          ] GC(2) Pause Cleanup 139M->139M(1024M) 0.078ms
[2023-03-13T11:18:48.831+0530][gc,cpu      ] GC(2) User=0.00s Sys=0.00s Real=0.00s
[2023-03-13T11:18:48.831+0530][gc,marking  ] GC(2) Concurrent Cleanup for Next Mark
[2023-03-13T11:18:48.833+0530][gc,marking  ] GC(2) Concurrent Cleanup for Next Mark 1.230ms
[2023-03-13T11:18:48.833+0530][gc          ] GC(2) Concurrent Mark Cycle 7.066ms
[2023-03-13T11:18:49.101+0530][gc,start    ] GC(3) Pause Young (Normal) (G1 Evacuation Pause)
[2023-03-13T11:18:49.101+0530][gc,task     ] GC(3) Using 8 workers of 8 for evacuation
[2023-03-13T11:18:49.103+0530][gc,phases   ] GC(3)   Pre Evacuate Collection Set: 0.1ms
[2023-03-13T11:18:49.104+0530][gc,phases   ] GC(3)   Merge Heap Roots: 0.0ms
[2023-03-13T11:18:49.104+0530][gc,phases   ] GC(3)   Evacuate Collection Set: 1.8ms
[2023-03-13T11:18:49.104+0530][gc,phases   ] GC(3)   Post Evacuate Collection Set: 0.2ms
[2023-03-13T11:18:49.104+0530][gc,phases   ] GC(3)   Other: 0.0ms
[2023-03-13T11:18:49.104+0530][gc,heap     ] GC(3) Eden regions: 49->0(44)
[2023-03-13T11:18:49.104+0530][gc,heap     ] GC(3) Survivor regions: 2->7(7)
[2023-03-13T11:18:49.104+0530][gc,heap     ] GC(3) Old regions: 8->8
[2023-03-13T11:18:49.104+0530][gc,heap     ] GC(3) Archive regions: 2->2
[2023-03-13T11:18:49.104+0530][gc,heap     ] GC(3) Humongous regions: 129->129
[2023-03-13T11:18:49.104+0530][gc,metaspace] GC(3) Metaspace: 33367K(33664K)->33367K(33664K) NonClass: 29779K(29952K)->29779K(29952K) Class: 3588K(3712K)->3588K(3712K)
[2023-03-13T11:18:49.104+0530][gc          ] GC(3) Pause Young (Normal) (G1 Evacuation Pause) 187M->143M(1024M) 2.232ms
[2023-03-13T11:18:49.104+0530][gc,cpu      ] GC(3) User=0.01s Sys=0.00s Real=0.00s
[2023-03-13T11:40:07.877+0530][gc,start    ] GC(4) Pause Young (Concurrent Start) (Metadata GC Threshold)
[2023-03-13T11:40:07.877+0530][gc,task     ] GC(4) Using 8 workers of 8 for evacuation
[2023-03-13T11:40:07.882+0530][gc,phases   ] GC(4)   Pre Evacuate Collection Set: 0.4ms
[2023-03-13T11:40:07.882+0530][gc,phases   ] GC(4)   Merge Heap Roots: 0.0ms
[2023-03-13T11:40:07.882+0530][gc,phases   ] GC(4)   Evacuate Collection Set: 4.1ms
[2023-03-13T11:40:07.882+0530][gc,phases   ] GC(4)   Post Evacuate Collection Set: 0.2ms
[2023-03-13T11:40:07.882+0530][gc,phases   ] GC(4)   Other: 0.0ms
[2023-03-13T11:40:07.882+0530][gc,heap     ] GC(4) Eden regions: 20->0(50)
[2023-03-13T11:40:07.882+0530][gc,heap     ] GC(4) Survivor regions: 7->1(7)
[2023-03-13T11:40:07.882+0530][gc,heap     ] GC(4) Old regions: 8->13
[2023-03-13T11:40:07.882+0530][gc,heap     ] GC(4) Archive regions: 2->2
[2023-03-13T11:40:07.882+0530][gc,heap     ] GC(4) Humongous regions: 129->129
[2023-03-13T11:40:07.882+0530][gc,metaspace] GC(4) Metaspace: 35977K(36288K)->35977K(36288K) NonClass: 32014K(32192K)->32014K(32192K) Class: 3963K(4096K)->3963K(4096K)
[2023-03-13T11:40:07.882+0530][gc          ] GC(4) Pause Young (Concurrent Start) (Metadata GC Threshold) 163M->143M(1024M) 5.173ms
[2023-03-13T11:40:07.882+0530][gc          ] GC(5) Concurrent Mark Cycle
[2023-03-13T11:40:07.882+0530][gc,cpu      ] GC(4) User=0.02s Sys=0.01s Real=0.01s
[2023-03-13T11:40:07.882+0530][gc,marking  ] GC(5) Concurrent Clear Claimed Marks
[2023-03-13T11:40:07.882+0530][gc,marking  ] GC(5) Concurrent Clear Claimed Marks 0.040ms
[2023-03-13T11:40:07.882+0530][gc,marking  ] GC(5) Concurrent Scan Root Regions
[2023-03-13T11:40:07.884+0530][gc,marking  ] GC(5) Concurrent Scan Root Regions 1.938ms
[2023-03-13T11:40:07.884+0530][gc,marking  ] GC(5) Concurrent Mark
[2023-03-13T11:40:07.884+0530][gc,marking  ] GC(5) Concurrent Mark From Roots
[2023-03-13T11:40:07.884+0530][gc,task     ] GC(5) Using 2 workers of 2 for marking
[2023-03-13T11:40:07.887+0530][gc,marking  ] GC(5) Concurrent Mark From Roots 2.495ms
[2023-03-13T11:40:07.887+0530][gc,marking  ] GC(5) Concurrent Preclean
[2023-03-13T11:40:07.887+0530][gc,marking  ] GC(5) Concurrent Preclean 0.063ms
[2023-03-13T11:40:07.887+0530][gc,start    ] GC(5) Pause Remark
[2023-03-13T11:40:07.891+0530][gc          ] GC(5) Pause Remark 144M->144M(1024M) 4.105ms
[2023-03-13T11:40:07.891+0530][gc,cpu      ] GC(5) User=0.02s Sys=0.02s Real=0.01s
[2023-03-13T11:40:07.891+0530][gc,marking  ] GC(5) Concurrent Mark 6.900ms
[2023-03-13T11:40:07.891+0530][gc,marking  ] GC(5) Concurrent Rebuild Remembered Sets
[2023-03-13T11:40:07.895+0530][gc,marking  ] GC(5) Concurrent Rebuild Remembered Sets 3.225ms
[2023-03-13T11:40:07.897+0530][gc,start    ] GC(5) Pause Cleanup
[2023-03-13T11:40:07.897+0530][gc          ] GC(5) Pause Cleanup 144M->144M(1024M) 0.109ms
[2023-03-13T11:40:07.897+0530][gc,cpu      ] GC(5) User=0.00s Sys=0.00s Real=0.00s
[2023-03-13T11:40:07.897+0530][gc,marking  ] GC(5) Concurrent Cleanup for Next Mark
[2023-03-13T11:40:07.899+0530][gc,marking  ] GC(5) Concurrent Cleanup for Next Mark 1.317ms
[2023-03-13T11:40:07.899+0530][gc          ] GC(5) Concurrent Mark Cycle 16.179ms
[2023-03-13T11:48:08.041+0530][gc,start    ] GC(6) Pause Young (Prepare Mixed) (G1 Evacuation Pause)
[2023-03-13T11:48:08.042+0530][gc,task     ] GC(6) Using 8 workers of 8 for evacuation
[2023-03-13T11:48:08.065+0530][gc,mmu      ] GC(6) MMU target violated: 21.0ms (20.0ms/21.0ms)
[2023-03-13T11:48:08.065+0530][gc,phases   ] GC(6)   Pre Evacuate Collection Set: 0.8ms
[2023-03-13T11:48:08.065+0530][gc,phases   ] GC(6)   Merge Heap Roots: 0.2ms
[2023-03-13T11:48:08.065+0530][gc,phases   ] GC(6)   Evacuate Collection Set: 21.2ms
[2023-03-13T11:48:08.065+0530][gc,phases   ] GC(6)   Post Evacuate Collection Set: 0.8ms
[2023-03-13T11:48:08.065+0530][gc,phases   ] GC(6)   Other: 0.2ms
[2023-03-13T11:48:08.065+0530][gc,heap     ] GC(6) Eden regions: 50->0(47)
[2023-03-13T11:48:08.065+0530][gc,heap     ] GC(6) Survivor regions: 1->4(7)
[2023-03-13T11:48:08.065+0530][gc,heap     ] GC(6) Old regions: 13->13
[2023-03-13T11:48:08.065+0530][gc,heap     ] GC(6) Archive regions: 2->2
[2023-03-13T11:48:08.065+0530][gc,heap     ] GC(6) Humongous regions: 129->129
[2023-03-13T11:48:08.065+0530][gc,metaspace] GC(6) Metaspace: 41541K(42112K)->41541K(42112K) NonClass: 36750K(37056K)->36750K(37056K) Class: 4791K(5056K)->4791K(5056K)
[2023-03-13T11:48:08.065+0530][gc          ] GC(6) Pause Young (Prepare Mixed) (G1 Evacuation Pause) 193M->146M(1024M) 24.311ms
[2023-03-13T11:48:08.065+0530][gc,cpu      ] GC(6) User=0.03s Sys=0.09s Real=0.02s
[2023-03-13T11:54:22.636+0530][gc,start    ] GC(7) Pause Young (Mixed) (G1 Evacuation Pause)
[2023-03-13T11:54:22.637+0530][gc,task     ] GC(7) Using 8 workers of 8 for evacuation
[2023-03-13T11:54:22.655+0530][gc,phases   ] GC(7)   Pre Evacuate Collection Set: 0.9ms
[2023-03-13T11:54:22.655+0530][gc,phases   ] GC(7)   Merge Heap Roots: 0.3ms
[2023-03-13T11:54:22.655+0530][gc,phases   ] GC(7)   Evacuate Collection Set: 15.0ms
[2023-03-13T11:54:22.655+0530][gc,phases   ] GC(7)   Post Evacuate Collection Set: 1.3ms
[2023-03-13T11:54:22.655+0530][gc,phases   ] GC(7)   Other: 0.2ms
[2023-03-13T11:54:22.655+0530][gc,heap     ] GC(7) Eden regions: 47->0(46)
[2023-03-13T11:54:22.655+0530][gc,heap     ] GC(7) Survivor regions: 4->5(7)
[2023-03-13T11:54:22.655+0530][gc,heap     ] GC(7) Old regions: 13->14
[2023-03-13T11:54:22.655+0530][gc,heap     ] GC(7) Archive regions: 2->2
[2023-03-13T11:54:22.655+0530][gc,heap     ] GC(7) Humongous regions: 129->129
[2023-03-13T11:54:22.655+0530][gc,metaspace] GC(7) Metaspace: 43748K(44416K)->43748K(44416K) NonClass: 38620K(38976K)->38620K(38976K) Class: 5127K(5440K)->5127K(5440K)
[2023-03-13T11:54:22.655+0530][gc          ] GC(7) Pause Young (Mixed) (G1 Evacuation Pause) 193M->147M(1024M) 19.179ms
[2023-03-13T11:54:22.655+0530][gc,cpu      ] GC(7) User=0.04s Sys=0.03s Real=0.02s
[2023-03-13T12:02:28.695+0530][gc,start    ] GC(8) Pause Young (Normal) (G1 Evacuation Pause)
[2023-03-13T12:02:28.696+0530][gc,task     ] GC(8) Using 8 workers of 8 for evacuation
[2023-03-13T12:02:28.725+0530][gc,mmu      ] GC(8) MMU target violated: 21.0ms (20.0ms/21.0ms)
[2023-03-13T12:02:28.726+0530][gc,phases   ] GC(8)   Pre Evacuate Collection Set: 0.6ms
[2023-03-13T12:02:28.726+0530][gc,phases   ] GC(8)   Merge Heap Roots: 0.1ms
[2023-03-13T12:02:28.726+0530][gc,phases   ] GC(8)   Evacuate Collection Set: 27.5ms
[2023-03-13T12:02:28.726+0530][gc,phases   ] GC(8)   Post Evacuate Collection Set: 1.4ms
[2023-03-13T12:02:28.726+0530][gc,phases   ] GC(8)   Other: 0.3ms
[2023-03-13T12:02:28.726+0530][gc,heap     ] GC(8) Eden regions: 46->0(46)
[2023-03-13T12:02:28.726+0530][gc,heap     ] GC(8) Survivor regions: 5->5(7)
[2023-03-13T12:02:28.726+0530][gc,heap     ] GC(8) Old regions: 14->15
[2023-03-13T12:02:28.726+0530][gc,heap     ] GC(8) Archive regions: 2->2
[2023-03-13T12:02:28.726+0530][gc,heap     ] GC(8) Humongous regions: 129->129
[2023-03-13T12:02:28.726+0530][gc,metaspace] GC(8) Metaspace: 44096K(44736K)->44096K(44736K) NonClass: 38916K(39232K)->38916K(39232K) Class: 5179K(5504K)->5179K(5504K)
[2023-03-13T12:02:28.726+0530][gc          ] GC(8) Pause Young (Normal) (G1 Evacuation Pause) 193M->149M(1024M) 30.388ms
[2023-03-13T12:02:28.726+0530][gc,cpu      ] GC(8) User=0.03s Sys=0.03s Real=0.03s
[2023-03-13T12:11:09.536+0530][gc,start    ] GC(9) Pause Young (Normal) (G1 Evacuation Pause)
[2023-03-13T12:11:09.537+0530][gc,task     ] GC(9) Using 8 workers of 8 for evacuation
[2023-03-13T12:11:09.550+0530][gc,phases   ] GC(9)   Pre Evacuate Collection Set: 1.0ms
[2023-03-13T12:11:09.551+0530][gc,phases   ] GC(9)   Merge Heap Roots: 0.2ms
[2023-03-13T12:11:09.551+0530][gc,phases   ] GC(9)   Evacuate Collection Set: 9.9ms
[2023-03-13T12:11:09.551+0530][gc,phases   ] GC(9)   Post Evacuate Collection Set: 1.9ms
[2023-03-13T12:11:09.551+0530][gc,phases   ] GC(9)   Other: 0.3ms
[2023-03-13T12:11:09.551+0530][gc,heap     ] GC(9) Eden regions: 46->0(48)
[2023-03-13T12:11:09.551+0530][gc,heap     ] GC(9) Survivor regions: 5->3(7)
[2023-03-13T12:11:09.551+0530][gc,heap     ] GC(9) Old regions: 15->17
[2023-03-13T12:11:09.551+0530][gc,heap     ] GC(9) Archive regions: 2->2
[2023-03-13T12:11:09.551+0530][gc,heap     ] GC(9) Humongous regions: 129->129
[2023-03-13T12:11:09.551+0530][gc,metaspace] GC(9) Metaspace: 44160K(44864K)->44160K(44864K) NonClass: 38981K(39360K)->38981K(39360K) Class: 5179K(5504K)->5179K(5504K)
[2023-03-13T12:11:09.551+0530][gc          ] GC(9) Pause Young (Normal) (G1 Evacuation Pause) 195M->148M(1024M) 15.077ms
[2023-03-13T12:11:09.551+0530][gc,cpu      ] GC(9) User=0.03s Sys=0.01s Real=0.02s
[2023-03-13T12:19:54.462+0530][gc,start    ] GC(10) Pause Young (Normal) (G1 Evacuation Pause)
[2023-03-13T12:19:54.464+0530][gc,task     ] GC(10) Using 8 workers of 8 for evacuation
[2023-03-13T12:19:54.472+0530][gc,phases   ] GC(10)   Pre Evacuate Collection Set: 1.1ms
[2023-03-13T12:19:54.472+0530][gc,phases   ] GC(10)   Merge Heap Roots: 0.2ms
[2023-03-13T12:19:54.472+0530][gc,phases   ] GC(10)   Evacuate Collection Set: 6.1ms
[2023-03-13T12:19:54.472+0530][gc,phases   ] GC(10)   Post Evacuate Collection Set: 0.6ms
[2023-03-13T12:19:54.472+0530][gc,phases   ] GC(10)   Other: 0.3ms
[2023-03-13T12:19:54.472+0530][gc,heap     ] GC(10) Eden regions: 48->0(47)
[2023-03-13T12:19:54.472+0530][gc,heap     ] GC(10) Survivor regions: 3->4(7)
[2023-03-13T12:19:54.472+0530][gc,heap     ] GC(10) Old regions: 17->17
[2023-03-13T12:19:54.472+0530][gc,heap     ] GC(10) Archive regions: 2->2
[2023-03-13T12:19:54.472+0530][gc,heap     ] GC(10) Humongous regions: 129->129
[2023-03-13T12:19:54.472+0530][gc,metaspace] GC(10) Metaspace: 44232K(44928K)->44232K(44928K) NonClass: 39049K(39424K)->39049K(39424K) Class: 5183K(5504K)->5183K(5504K)
[2023-03-13T12:19:54.472+0530][gc          ] GC(10) Pause Young (Normal) (G1 Evacuation Pause) 196M->149M(1024M) 9.951ms
[2023-03-13T12:19:54.472+0530][gc,cpu      ] GC(10) User=0.02s Sys=0.01s Real=0.01s
[2023-03-13T12:29:12.583+0530][gc,start    ] GC(11) Pause Young (Normal) (G1 Evacuation Pause)
[2023-03-13T12:29:12.584+0530][gc,task     ] GC(11) Using 8 workers of 8 for evacuation
[2023-03-13T12:29:12.596+0530][gc,phases   ] GC(11)   Pre Evacuate Collection Set: 1.0ms
[2023-03-13T12:29:12.596+0530][gc,phases   ] GC(11)   Merge Heap Roots: 0.1ms
[2023-03-13T12:29:12.596+0530][gc,phases   ] GC(11)   Evacuate Collection Set: 9.6ms
[2023-03-13T12:29:12.596+0530][gc,phases   ] GC(11)   Post Evacuate Collection Set: 0.8ms
[2023-03-13T12:29:12.596+0530][gc,phases   ] GC(11)   Other: 0.4ms
[2023-03-13T12:29:12.596+0530][gc,heap     ] GC(11) Eden regions: 47->0(61)
[2023-03-13T12:29:12.596+0530][gc,heap     ] GC(11) Survivor regions: 4->4(7)
[2023-03-13T12:29:12.596+0530][gc,heap     ] GC(11) Old regions: 17->17
[2023-03-13T12:29:12.596+0530][gc,heap     ] GC(11) Archive regions: 2->2
[2023-03-13T12:29:12.596+0530][gc,heap     ] GC(11) Humongous regions: 129->129
[2023-03-13T12:29:12.596+0530][gc,metaspace] GC(11) Metaspace: 44275K(44928K)->44275K(44928K) NonClass: 39092K(39424K)->39092K(39424K) Class: 5183K(5504K)->5183K(5504K)
[2023-03-13T12:29:12.596+0530][gc          ] GC(11) Pause Young (Normal) (G1 Evacuation Pause) 196M->149M(1024M) 13.364ms
[2023-03-13T12:29:12.596+0530][gc,cpu      ] GC(11) User=0.03s Sys=0.02s Real=0.01s
[2023-03-13T12:41:25.165+0530][gc,start    ] GC(12) Pause Young (Normal) (G1 Evacuation Pause)
[2023-03-13T12:41:25.166+0530][gc,task     ] GC(12) Using 8 workers of 8 for evacuation
[2023-03-13T12:41:25.175+0530][gc,phases   ] GC(12)   Pre Evacuate Collection Set: 0.4ms
[2023-03-13T12:41:25.175+0530][gc,phases   ] GC(12)   Merge Heap Roots: 0.1ms
[2023-03-13T12:41:25.175+0530][gc,phases   ] GC(12)   Evacuate Collection Set: 7.7ms
[2023-03-13T12:41:25.175+0530][gc,phases   ] GC(12)   Post Evacuate Collection Set: 0.7ms
[2023-03-13T12:41:25.175+0530][gc,phases   ] GC(12)   Other: 0.2ms
[2023-03-13T12:41:25.175+0530][gc,heap     ] GC(12) Eden regions: 61->0(251)
[2023-03-13T12:41:25.175+0530][gc,heap     ] GC(12) Survivor regions: 4->4(9)
[2023-03-13T12:41:25.175+0530][gc,heap     ] GC(12) Old regions: 17->17
[2023-03-13T12:41:25.175+0530][gc,heap     ] GC(12) Archive regions: 2->2
[2023-03-13T12:41:25.175+0530][gc,heap     ] GC(12) Humongous regions: 129->129
[2023-03-13T12:41:25.175+0530][gc,metaspace] GC(12) Metaspace: 44293K(44992K)->44293K(44992K) NonClass: 39110K(39488K)->39110K(39488K) Class: 5183K(5504K)->5183K(5504K)
[2023-03-13T12:41:25.175+0530][gc          ] GC(12) Pause Young (Normal) (G1 Evacuation Pause) 210M->150M(1024M) 10.444ms
[2023-03-13T12:41:25.175+0530][gc,cpu      ] GC(12) User=0.03s Sys=0.01s Real=0.01s
[2023-03-13T13:19:54.677+0530][gc,start    ] GC(13) Pause Young (Normal) (G1 Evacuation Pause)
[2023-03-13T13:19:54.678+0530][gc,task     ] GC(13) Using 8 workers of 8 for evacuation
[2023-03-13T13:19:54.692+0530][gc,phases   ] GC(13)   Pre Evacuate Collection Set: 1.3ms
[2023-03-13T13:19:54.693+0530][gc,phases   ] GC(13)   Merge Heap Roots: 0.2ms
[2023-03-13T13:19:54.693+0530][gc,phases   ] GC(13)   Evacuate Collection Set: 12.0ms
[2023-03-13T13:19:54.693+0530][gc,phases   ] GC(13)   Post Evacuate Collection Set: 0.9ms
[2023-03-13T13:19:54.693+0530][gc,phases   ] GC(13)   Other: 0.4ms
[2023-03-13T13:19:54.693+0530][gc,heap     ] GC(13) Eden regions: 251->0(311)
[2023-03-13T13:19:54.693+0530][gc,heap     ] GC(13) Survivor regions: 4->4(32)
[2023-03-13T13:19:54.693+0530][gc,heap     ] GC(13) Old regions: 17->17
[2023-03-13T13:19:54.693+0530][gc,heap     ] GC(13) Archive regions: 2->2
[2023-03-13T13:19:54.693+0530][gc,heap     ] GC(13) Humongous regions: 129->129
[2023-03-13T13:19:54.693+0530][gc,metaspace] GC(13) Metaspace: 44667K(45312K)->44667K(45312K) NonClass: 39472K(39808K)->39472K(39808K) Class: 5194K(5504K)->5194K(5504K)
[2023-03-13T13:19:54.693+0530][gc          ] GC(13) Pause Young (Normal) (G1 Evacuation Pause) 401M->150M(1024M) 15.948ms
[2023-03-13T13:19:54.693+0530][gc,cpu      ] GC(13) User=0.03s Sys=0.03s Real=0.02s
[2023-03-13T14:05:37.785+0530][gc,start    ] GC(14) Pause Young (Normal) (G1 Evacuation Pause)
[2023-03-13T14:05:37.787+0530][gc,task     ] GC(14) Using 8 workers of 8 for evacuation
[2023-03-13T14:05:37.802+0530][gc,phases   ] GC(14)   Pre Evacuate Collection Set: 1.0ms
[2023-03-13T14:05:37.802+0530][gc,phases   ] GC(14)   Merge Heap Roots: 0.2ms
[2023-03-13T14:05:37.802+0530][gc,phases   ] GC(14)   Evacuate Collection Set: 12.9ms
[2023-03-13T14:05:37.802+0530][gc,phases   ] GC(14)   Post Evacuate Collection Set: 0.9ms
[2023-03-13T14:05:37.802+0530][gc,phases   ] GC(14)   Other: 0.4ms
[2023-03-13T14:05:37.802+0530][gc,heap     ] GC(14) Eden regions: 311->0(274)
[2023-03-13T14:05:37.802+0530][gc,heap     ] GC(14) Survivor regions: 4->5(40)
[2023-03-13T14:05:37.802+0530][gc,heap     ] GC(14) Old regions: 17->17
[2023-03-13T14:05:37.802+0530][gc,heap     ] GC(14) Archive regions: 2->2
[2023-03-13T14:05:37.802+0530][gc,heap     ] GC(14) Humongous regions: 129->129
[2023-03-13T14:05:37.802+0530][gc,metaspace] GC(14) Metaspace: 44883K(45504K)->44883K(45504K) NonClass: 39688K(40000K)->39688K(40000K) Class: 5194K(5504K)->5194K(5504K)
[2023-03-13T14:05:37.802+0530][gc          ] GC(14) Pause Young (Normal) (G1 Evacuation Pause) 461M->150M(1024M) 17.121ms
[2023-03-13T14:05:37.802+0530][gc,cpu      ] GC(14) User=0.03s Sys=0.03s Real=0.02s
[2023-03-13T14:50:05.535+0530][gc,start    ] GC(15) Pause Young (Normal) (G1 Evacuation Pause)
[2023-03-13T14:50:05.536+0530][gc,task     ] GC(15) Using 8 workers of 8 for evacuation
[2023-03-13T14:50:05.553+0530][gc,phases   ] GC(15)   Pre Evacuate Collection Set: 1.2ms
[2023-03-13T14:50:05.553+0530][gc,phases   ] GC(15)   Merge Heap Roots: 0.2ms
[2023-03-13T14:50:05.553+0530][gc,phases   ] GC(15)   Evacuate Collection Set: 13.2ms
[2023-03-13T14:50:05.553+0530][gc,phases   ] GC(15)   Post Evacuate Collection Set: 1.8ms
[2023-03-13T14:50:05.553+0530][gc,phases   ] GC(15)   Other: 0.3ms
[2023-03-13T14:50:05.553+0530][gc,heap     ] GC(15) Eden regions: 274->0(366)
[2023-03-13T14:50:05.553+0530][gc,heap     ] GC(15) Survivor regions: 5->5(35)
[2023-03-13T14:50:05.553+0530][gc,heap     ] GC(15) Old regions: 17->17
[2023-03-13T14:50:05.553+0530][gc,heap     ] GC(15) Archive regions: 2->2
[2023-03-13T14:50:05.553+0530][gc,heap     ] GC(15) Humongous regions: 129->129
[2023-03-13T14:50:05.553+0530][gc,metaspace] GC(15) Metaspace: 44890K(45504K)->44890K(45504K) NonClass: 39695K(40000K)->39695K(40000K) Class: 5194K(5504K)->5194K(5504K)
[2023-03-13T14:50:05.553+0530][gc          ] GC(15) Pause Young (Normal) (G1 Evacuation Pause) 424M->151M(1024M) 18.365ms
[2023-03-13T14:50:05.553+0530][gc,cpu      ] GC(15) User=0.03s Sys=0.02s Real=0.02s
[2023-03-13T15:25:34.301+0530][gc,start    ] GC(16) Pause Young (Normal) (G1 Evacuation Pause)
[2023-03-13T15:25:34.303+0530][gc,task     ] GC(16) Using 8 workers of 8 for evacuation
[2023-03-13T15:25:34.318+0530][gc,phases   ] GC(16)   Pre Evacuate Collection Set: 0.9ms
[2023-03-13T15:25:34.318+0530][gc,phases   ] GC(16)   Merge Heap Roots: 0.3ms
[2023-03-13T15:25:34.318+0530][gc,phases   ] GC(16)   Evacuate Collection Set: 12.4ms
[2023-03-13T15:25:34.318+0530][gc,phases   ] GC(16)   Post Evacuate Collection Set: 1.0ms
[2023-03-13T15:25:34.318+0530][gc,phases   ] GC(16)   Other: 0.4ms
[2023-03-13T15:25:34.318+0530][gc,heap     ] GC(16) Eden regions: 366->0(294)
[2023-03-13T15:25:34.318+0530][gc,heap     ] GC(16) Survivor regions: 5->6(47)
[2023-03-13T15:25:34.318+0530][gc,heap     ] GC(16) Old regions: 17->17
[2023-03-13T15:25:34.318+0530][gc,heap     ] GC(16) Archive regions: 2->2
[2023-03-13T15:25:34.318+0530][gc,heap     ] GC(16) Humongous regions: 129->129
[2023-03-13T15:25:34.318+0530][gc,metaspace] GC(16) Metaspace: 45264K(45952K)->45264K(45952K) NonClass: 40036K(40384K)->40036K(40384K) Class: 5227K(5568K)->5227K(5568K)
[2023-03-13T15:25:34.318+0530][gc          ] GC(16) Pause Young (Normal) (G1 Evacuation Pause) 517M->151M(1024M) 16.738ms
[2023-03-13T15:25:34.318+0530][gc,cpu      ] GC(16) User=0.03s Sys=0.04s Real=0.01s
[2023-03-13T15:50:45.606+0530][gc,start    ] GC(17) Pause Young (Normal) (G1 Evacuation Pause)
[2023-03-13T15:50:45.608+0530][gc,task     ] GC(17) Using 8 workers of 8 for evacuation
[2023-03-13T15:50:45.625+0530][gc,phases   ] GC(17)   Pre Evacuate Collection Set: 1.0ms
[2023-03-13T15:50:45.625+0530][gc,phases   ] GC(17)   Merge Heap Roots: 0.3ms
[2023-03-13T15:50:45.625+0530][gc,phases   ] GC(17)   Evacuate Collection Set: 14.1ms
[2023-03-13T15:50:45.625+0530][gc,phases   ] GC(17)   Post Evacuate Collection Set: 1.1ms
[2023-03-13T15:50:45.625+0530][gc,phases   ] GC(17)   Other: 0.5ms
[2023-03-13T15:50:45.625+0530][gc,heap     ] GC(17) Eden regions: 294->0(310)
[2023-03-13T15:50:45.625+0530][gc,heap     ] GC(17) Survivor regions: 6->6(38)
[2023-03-13T15:50:45.625+0530][gc,heap     ] GC(17) Old regions: 17->17
[2023-03-13T15:50:45.625+0530][gc,heap     ] GC(17) Archive regions: 2->2
[2023-03-13T15:50:45.625+0530][gc,heap     ] GC(17) Humongous regions: 129->129
[2023-03-13T15:50:45.625+0530][gc,metaspace] GC(17) Metaspace: 45286K(45952K)->45286K(45952K) NonClass: 40058K(40384K)->40058K(40384K) Class: 5227K(5568K)->5227K(5568K)
[2023-03-13T15:50:45.625+0530][gc          ] GC(17) Pause Young (Normal) (G1 Evacuation Pause) 445M->151M(1024M) 19.165ms
[2023-03-13T15:50:45.625+0530][gc,cpu      ] GC(17) User=0.04s Sys=0.03s Real=0.02s
[2023-03-13T16:35:07.789+0530][gc,start    ] GC(18) Pause Young (Normal) (G1 Evacuation Pause)
[2023-03-13T16:35:07.791+0530][gc,task     ] GC(18) Using 8 workers of 8 for evacuation
[2023-03-13T16:35:07.808+0530][gc,phases   ] GC(18)   Pre Evacuate Collection Set: 1.0ms
[2023-03-13T16:35:07.808+0530][gc,phases   ] GC(18)   Merge Heap Roots: 0.5ms
[2023-03-13T16:35:07.808+0530][gc,phases   ] GC(18)   Evacuate Collection Set: 14.7ms
[2023-03-13T16:35:07.808+0530][gc,phases   ] GC(18)   Post Evacuate Collection Set: 1.1ms
[2023-03-13T16:35:07.808+0530][gc,phases   ] GC(18)   Other: 0.3ms
[2023-03-13T16:35:07.808+0530][gc,heap     ] GC(18) Eden regions: 310->0(262)
[2023-03-13T16:35:07.808+0530][gc,heap     ] GC(18) Survivor regions: 6->7(40)
[2023-03-13T16:35:07.808+0530][gc,heap     ] GC(18) Old regions: 17->17
[2023-03-13T16:35:07.808+0530][gc,heap     ] GC(18) Archive regions: 2->2
[2023-03-13T16:35:07.808+0530][gc,heap     ] GC(18) Humongous regions: 129->129
[2023-03-13T16:35:07.808+0530][gc,metaspace] GC(18) Metaspace: 45301K(46016K)->45301K(46016K) NonClass: 40073K(40448K)->40073K(40448K) Class: 5227K(5568K)->5227K(5568K)
[2023-03-13T16:35:07.808+0530][gc          ] GC(18) Pause Young (Normal) (G1 Evacuation Pause) 461M->152M(1024M) 19.059ms
[2023-03-13T16:35:07.809+0530][gc,cpu      ] GC(18) User=0.04s Sys=0.02s Real=0.02s
[2023-03-13T16:57:15.982+0530][gc,start    ] GC(19) Pause Young (Normal) (G1 Evacuation Pause)
[2023-03-13T16:57:15.983+0530][gc,task     ] GC(19) Using 8 workers of 8 for evacuation
[2023-03-13T16:57:15.998+0530][gc,phases   ] GC(19)   Pre Evacuate Collection Set: 1.1ms
[2023-03-13T16:57:15.998+0530][gc,phases   ] GC(19)   Merge Heap Roots: 0.2ms
[2023-03-13T16:57:15.998+0530][gc,phases   ] GC(19)   Evacuate Collection Set: 12.4ms
[2023-03-13T16:57:15.998+0530][gc,phases   ] GC(19)   Post Evacuate Collection Set: 1.1ms
[2023-03-13T16:57:15.998+0530][gc,phases   ] GC(19)   Other: 0.3ms
[2023-03-13T16:57:15.999+0530][gc,heap     ] GC(19) Eden regions: 262->0(288)
[2023-03-13T16:57:15.999+0530][gc,heap     ] GC(19) Survivor regions: 7->7(34)
[2023-03-13T16:57:15.999+0530][gc,heap     ] GC(19) Old regions: 17->17
[2023-03-13T16:57:15.999+0530][gc,heap     ] GC(19) Archive regions: 2->2
[2023-03-13T16:57:15.999+0530][gc,heap     ] GC(19) Humongous regions: 129->129
[2023-03-13T16:57:15.999+0530][gc,metaspace] GC(19) Metaspace: 45303K(46016K)->45303K(46016K) NonClass: 40076K(40448K)->40076K(40448K) Class: 5227K(5568K)->5227K(5568K)
[2023-03-13T16:57:15.999+0530][gc          ] GC(19) Pause Young (Normal) (G1 Evacuation Pause) 414M->152M(1024M) 16.783ms
[2023-03-13T16:57:15.999+0530][gc,cpu      ] GC(19) User=0.03s Sys=0.02s Real=0.01s
[2023-03-13T17:21:49.792+0530][gc,start    ] GC(20) Pause Young (Normal) (G1 Evacuation Pause)
[2023-03-13T17:21:49.794+0530][gc,task     ] GC(20) Using 8 workers of 8 for evacuation
[2023-03-13T17:21:49.810+0530][gc,phases   ] GC(20)   Pre Evacuate Collection Set: 1.2ms
[2023-03-13T17:21:49.810+0530][gc,phases   ] GC(20)   Merge Heap Roots: 0.3ms
[2023-03-13T17:21:49.810+0530][gc,phases   ] GC(20)   Evacuate Collection Set: 13.2ms
[2023-03-13T17:21:49.810+0530][gc,phases   ] GC(20)   Post Evacuate Collection Set: 1.2ms
[2023-03-13T17:21:49.810+0530][gc,phases   ] GC(20)   Other: 0.4ms
[2023-03-13T17:21:49.810+0530][gc,heap     ] GC(20) Eden regions: 288->0(325)
[2023-03-13T17:21:49.810+0530][gc,heap     ] GC(20) Survivor regions: 7->6(37)
[2023-03-13T17:21:49.810+0530][gc,heap     ] GC(20) Old regions: 17->17
[2023-03-13T17:21:49.810+0530][gc,heap     ] GC(20) Archive regions: 2->2
[2023-03-13T17:21:49.810+0530][gc,heap     ] GC(20) Humongous regions: 129->129
[2023-03-13T17:21:49.810+0530][gc,metaspace] GC(20) Metaspace: 45312K(46016K)->45312K(46016K) NonClass: 40084K(40448K)->40084K(40448K) Class: 5227K(5568K)->5227K(5568K)
[2023-03-13T17:21:49.810+0530][gc          ] GC(20) Pause Young (Normal) (G1 Evacuation Pause) 440M->152M(1024M) 18.031ms
[2023-03-13T17:21:49.810+0530][gc,cpu      ] GC(20) User=0.03s Sys=0.03s Real=0.02s
[2023-03-14T10:53:49.914+0530][gc,start    ] GC(21) Pause Young (Normal) (G1 Evacuation Pause)
[2023-03-14T10:53:49.917+0530][gc,task     ] GC(21) Using 8 workers of 8 for evacuation
[2023-03-14T10:53:49.948+0530][gc,mmu      ] GC(21) MMU target violated: 21.0ms (20.0ms/21.0ms)
[2023-03-14T10:53:49.948+0530][gc,phases   ] GC(21)   Pre Evacuate Collection Set: 1.0ms
[2023-03-14T10:53:49.948+0530][gc,phases   ] GC(21)   Merge Heap Roots: 1.0ms
[2023-03-14T10:53:49.948+0530][gc,phases   ] GC(21)   Evacuate Collection Set: 26.0ms
[2023-03-14T10:53:49.948+0530][gc,phases   ] GC(21)   Post Evacuate Collection Set: 2.4ms
[2023-03-14T10:53:49.948+0530][gc,phases   ] GC(21)   Other: 1.4ms
[2023-03-14T10:53:49.948+0530][gc,heap     ] GC(21) Eden regions: 325->0(135)
[2023-03-14T10:53:49.948+0530][gc,heap     ] GC(21) Survivor regions: 6->6(42)
[2023-03-14T10:53:49.948+0530][gc,heap     ] GC(21) Old regions: 17->17
[2023-03-14T10:53:49.948+0530][gc,heap     ] GC(21) Archive regions: 2->2
[2023-03-14T10:53:49.948+0530][gc,heap     ] GC(21) Humongous regions: 129->129
[2023-03-14T10:53:49.948+0530][gc,metaspace] GC(21) Metaspace: 46074K(46656K)->46074K(46656K) NonClass: 40719K(41024K)->40719K(41024K) Class: 5354K(5632K)->5354K(5632K)
[2023-03-14T10:53:49.948+0530][gc          ] GC(21) Pause Young (Normal) (G1 Evacuation Pause) 477M->151M(1024M) 35.444ms
[2023-03-14T10:53:49.948+0530][gc,cpu      ] GC(21) User=0.04s Sys=0.08s Real=0.03s
[2023-03-14T12:22:51.343+0530][gc,start    ] GC(22) Pause Young (Normal) (G1 Evacuation Pause)
[2023-03-14T12:22:51.346+0530][gc,task     ] GC(22) Using 8 workers of 8 for evacuation
[2023-03-14T12:22:51.361+0530][gc,phases   ] GC(22)   Pre Evacuate Collection Set: 0.9ms
[2023-03-14T12:22:51.361+0530][gc,phases   ] GC(22)   Merge Heap Roots: 0.4ms
[2023-03-14T12:22:51.361+0530][gc,phases   ] GC(22)   Evacuate Collection Set: 12.3ms
[2023-03-14T12:22:51.361+0530][gc,phases   ] GC(22)   Post Evacuate Collection Set: 1.4ms
[2023-03-14T12:22:51.361+0530][gc,phases   ] GC(22)   Other: 0.9ms
[2023-03-14T12:22:51.361+0530][gc,heap     ] GC(22) Eden regions: 135->0(147)
[2023-03-14T12:22:51.361+0530][gc,heap     ] GC(22) Survivor regions: 6->6(18)
[2023-03-14T12:22:51.362+0530][gc,heap     ] GC(22) Old regions: 17->17
[2023-03-14T12:22:51.362+0530][gc,heap     ] GC(22) Archive regions: 2->2
[2023-03-14T12:22:51.362+0530][gc,heap     ] GC(22) Humongous regions: 129->129
[2023-03-14T12:22:51.362+0530][gc,metaspace] GC(22) Metaspace: 46116K(46720K)->46116K(46720K) NonClass: 40761K(41088K)->40761K(41088K) Class: 5354K(5632K)->5354K(5632K)
[2023-03-14T12:22:51.362+0530][gc          ] GC(22) Pause Young (Normal) (G1 Evacuation Pause) 286M->151M(1024M) 19.360ms
[2023-03-14T12:22:51.362+0530][gc,cpu      ] GC(22) User=0.03s Sys=0.03s Real=0.02s
[2023-03-14T14:01:10.227+0530][gc,start    ] GC(23) Pause Young (Normal) (G1 Evacuation Pause)
[2023-03-14T14:01:10.228+0530][gc,task     ] GC(23) Using 8 workers of 8 for evacuation
[2023-03-14T14:01:10.243+0530][gc,phases   ] GC(23)   Pre Evacuate Collection Set: 0.4ms
[2023-03-14T14:01:10.243+0530][gc,phases   ] GC(23)   Merge Heap Roots: 0.1ms
[2023-03-14T14:01:10.243+0530][gc,phases   ] GC(23)   Evacuate Collection Set: 12.5ms
[2023-03-14T14:01:10.243+0530][gc,phases   ] GC(23)   Post Evacuate Collection Set: 0.9ms
[2023-03-14T14:01:10.243+0530][gc,phases   ] GC(23)   Other: 0.5ms
[2023-03-14T14:01:10.243+0530][gc,heap     ] GC(23) Eden regions: 147->0(275)
[2023-03-14T14:01:10.243+0530][gc,heap     ] GC(23) Survivor regions: 6->6(20)
[2023-03-14T14:01:10.243+0530][gc,heap     ] GC(23) Old regions: 17->17
[2023-03-14T14:01:10.243+0530][gc,heap     ] GC(23) Archive regions: 2->2
[2023-03-14T14:01:10.243+0530][gc,heap     ] GC(23) Humongous regions: 129->129
[2023-03-14T14:01:10.243+0530][gc,metaspace] GC(23) Metaspace: 46121K(46720K)->46121K(46720K) NonClass: 40766K(41088K)->40766K(41088K) Class: 5354K(5632K)->5354K(5632K)
[2023-03-14T14:01:10.243+0530][gc          ] GC(23) Pause Young (Normal) (G1 Evacuation Pause) 298M->151M(1024M) 15.789ms
[2023-03-14T14:01:10.243+0530][gc,cpu      ] GC(23) User=0.02s Sys=0.02s Real=0.02s
[2023-03-14T20:04:19.055+0530][gc,start    ] GC(24) Pause Young (Normal) (G1 Evacuation Pause)
[2023-03-14T20:04:19.058+0530][gc,task     ] GC(24) Using 8 workers of 8 for evacuation
[2023-03-14T20:04:19.076+0530][gc,phases   ] GC(24)   Pre Evacuate Collection Set: 0.7ms
[2023-03-14T20:04:19.076+0530][gc,phases   ] GC(24)   Merge Heap Roots: 0.9ms
[2023-03-14T20:04:19.076+0530][gc,phases   ] GC(24)   Evacuate Collection Set: 12.9ms
[2023-03-14T20:04:19.076+0530][gc,phases   ] GC(24)   Post Evacuate Collection Set: 2.1ms
[2023-03-14T20:04:19.076+0530][gc,phases   ] GC(24)   Other: 2.6ms
[2023-03-14T20:04:19.076+0530][gc,heap     ] GC(24) Eden regions: 275->0(420)
[2023-03-14T20:04:19.076+0530][gc,heap     ] GC(24) Survivor regions: 6->5(36)
[2023-03-14T20:04:19.077+0530][gc,heap     ] GC(24) Old regions: 17->17
[2023-03-14T20:04:19.077+0530][gc,heap     ] GC(24) Archive regions: 2->2
[2023-03-14T20:04:19.077+0530][gc,heap     ] GC(24) Humongous regions: 129->129
[2023-03-14T20:04:19.077+0530][gc,metaspace] GC(24) Metaspace: 46121K(46720K)->46121K(46720K) NonClass: 40766K(41088K)->40766K(41088K) Class: 5354K(5632K)->5354K(5632K)
[2023-03-14T20:04:19.077+0530][gc          ] GC(24) Pause Young (Normal) (G1 Evacuation Pause) 426M->151M(1024M) 22.796ms
[2023-03-14T20:04:19.077+0530][gc,cpu      ] GC(24) User=0.03s Sys=0.03s Real=0.02s
[2023-03-15T11:56:22.772+0530][gc,start    ] GC(25) Pause Young (Normal) (G1 Evacuation Pause)
[2023-03-15T11:56:22.776+0530][gc,task     ] GC(25) Using 8 workers of 8 for evacuation
[2023-03-15T11:56:22.796+0530][gc,mmu      ] GC(25) MMU target violated: 20.5ms (20.0ms/21.0ms)
[2023-03-15T11:56:22.796+0530][gc,phases   ] GC(25)   Pre Evacuate Collection Set: 1.3ms
[2023-03-15T11:56:22.796+0530][gc,phases   ] GC(25)   Merge Heap Roots: 0.7ms
[2023-03-15T11:56:22.796+0530][gc,phases   ] GC(25)   Evacuate Collection Set: 11.9ms
[2023-03-15T11:56:22.796+0530][gc,phases   ] GC(25)   Post Evacuate Collection Set: 3.8ms
[2023-03-15T11:56:22.797+0530][gc,phases   ] GC(25)   Other: 3.8ms
[2023-03-15T11:56:22.797+0530][gc,heap     ] GC(25) Eden regions: 420->0(609)
[2023-03-15T11:56:22.797+0530][gc,heap     ] GC(25) Survivor regions: 5->5(54)
[2023-03-15T11:56:22.797+0530][gc,heap     ] GC(25) Old regions: 17->18
[2023-03-15T11:56:22.797+0530][gc,heap     ] GC(25) Archive regions: 2->2
[2023-03-15T11:56:22.797+0530][gc,heap     ] GC(25) Humongous regions: 129->129
[2023-03-15T11:56:22.797+0530][gc,metaspace] GC(25) Metaspace: 46122K(46720K)->46122K(46720K) NonClass: 40767K(41088K)->40767K(41088K) Class: 5354K(5632K)->5354K(5632K)
[2023-03-15T11:56:22.798+0530][gc          ] GC(25) Pause Young (Normal) (G1 Evacuation Pause) 571M->151M(1024M) 26.075ms
[2023-03-15T11:56:22.798+0530][gc,cpu      ] GC(25) User=0.03s Sys=0.03s Real=0.02s
[2023-03-16T00:04:51.874+0530][gc,start    ] GC(26) Pause Young (Normal) (G1 Evacuation Pause)
[2023-03-16T00:04:51.877+0530][gc,task     ] GC(26) Using 8 workers of 8 for evacuation
[2023-03-16T00:04:51.901+0530][gc,mmu      ] GC(26) MMU target violated: 21.0ms (20.0ms/21.0ms)
[2023-03-16T00:04:51.901+0530][gc,phases   ] GC(26)   Pre Evacuate Collection Set: 1.2ms
[2023-03-16T00:04:51.901+0530][gc,phases   ] GC(26)   Merge Heap Roots: 0.9ms
[2023-03-16T00:04:51.901+0530][gc,phases   ] GC(26)   Evacuate Collection Set: 18.4ms
[2023-03-16T00:04:51.901+0530][gc,phases   ] GC(26)   Post Evacuate Collection Set: 2.2ms
[2023-03-16T00:04:51.901+0530][gc,phases   ] GC(26)   Other: 2.3ms
[2023-03-16T00:04:51.901+0530][gc,heap     ] GC(26) Eden regions: 609->0(609)
[2023-03-16T00:04:51.901+0530][gc,heap     ] GC(26) Survivor regions: 5->5(77)
[2023-03-16T00:04:51.901+0530][gc,heap     ] GC(26) Old regions: 18->18
[2023-03-16T00:04:51.901+0530][gc,heap     ] GC(26) Archive regions: 2->2
[2023-03-16T00:04:51.901+0530][gc,heap     ] GC(26) Humongous regions: 129->129
[2023-03-16T00:04:51.902+0530][gc,metaspace] GC(26) Metaspace: 46132K(46720K)->46132K(46720K) NonClass: 40778K(41088K)->40778K(41088K) Class: 5354K(5632K)->5354K(5632K)
[2023-03-16T00:04:51.902+0530][gc          ] GC(26) Pause Young (Normal) (G1 Evacuation Pause) 760M->151M(1024M) 28.132ms
[2023-03-16T00:04:51.902+0530][gc,cpu      ] GC(26) User=0.03s Sys=0.05s Real=0.03s
