[2023-03-13T11:24:45.097+0530][gc,init] CardTable entry size: 512
[2023-03-13T11:24:45.097+0530][gc     ] Using G1
[2023-03-13T11:24:45.098+0530][gc,init] Version: 19.0.1+10-21 (release)
[2023-03-13T11:24:45.098+0530][gc,init] CPUs: 8 total, 8 available
[2023-03-13T11:24:45.098+0530][gc,init] Memory: 8192M
[2023-03-13T11:24:45.098+0530][gc,init] Large Page Support: Disabled
[2023-03-13T11:24:45.098+0530][gc,init] NUMA Support: Disabled
[2023-03-13T11:24:45.098+0530][gc,init] Compressed Oops: Enabled (Zero based)
[2023-03-13T11:24:45.098+0530][gc,init] Heap Region Size: 1M
[2023-03-13T11:24:45.098+0530][gc,init] Heap Min Capacity: 1G
[2023-03-13T11:24:45.098+0530][gc,init] Heap Initial Capacity: 1G
[2023-03-13T11:24:45.098+0530][gc,init] Heap Max Capacity: 1G
[2023-03-13T11:24:45.098+0530][gc,init] Pre-touch: Disabled
[2023-03-13T11:24:45.098+0530][gc,init] Parallel Workers: 8
[2023-03-13T11:24:45.098+0530][gc,init] Concurrent Workers: 2
[2023-03-13T11:24:45.098+0530][gc,init] Concurrent Refinement Workers: 8
[2023-03-13T11:24:45.098+0530][gc,init] Periodic GC: Disabled
[2023-03-13T11:24:45.098+0530][gc,metaspace] CDS archive(s) mapped at: [0x0000000800000000-0x0000000800c44000-0x0000000800c44000), size 12861440, SharedBaseAddress: 0x0000000800000000, ArchiveRelocationMode: 0.
[2023-03-13T11:24:45.098+0530][gc,metaspace] Compressed class space mapped at: 0x0000000801000000-0x0000000841000000, reserved size: 1073741824
[2023-03-13T11:24:45.098+0530][gc,metaspace] Narrow klass base: 0x0000000800000000, Narrow klass shift: 0, Narrow klass range: 0x100000000
[2023-03-13T11:24:50.674+0530][gc,start    ] GC(0) Pause Young (Normal) (G1 Evacuation Pause)
[2023-03-13T11:24:50.674+0530][gc,task     ] GC(0) Using 8 workers of 8 for evacuation
[2023-03-13T11:24:50.676+0530][gc,phases   ] GC(0)   Pre Evacuate Collection Set: 0.1ms
[2023-03-13T11:24:50.677+0530][gc,phases   ] GC(0)   Merge Heap Roots: 0.0ms
[2023-03-13T11:24:50.677+0530][gc,phases   ] GC(0)   Evacuate Collection Set: 1.9ms
[2023-03-13T11:24:50.677+0530][gc,phases   ] GC(0)   Post Evacuate Collection Set: 0.3ms
[2023-03-13T11:24:50.677+0530][gc,phases   ] GC(0)   Other: 0.2ms
[2023-03-13T11:24:50.677+0530][gc,heap     ] GC(0) Eden regions: 51->0(44)
[2023-03-13T11:24:50.677+0530][gc,heap     ] GC(0) Survivor regions: 0->7(7)
[2023-03-13T11:24:50.677+0530][gc,heap     ] GC(0) Old regions: 0->1
[2023-03-13T11:24:50.677+0530][gc,heap     ] GC(0) Archive regions: 2->2
[2023-03-13T11:24:50.677+0530][gc,heap     ] GC(0) Humongous regions: 0->0
[2023-03-13T11:24:50.677+0530][gc,metaspace] GC(0) Metaspace: 18383K(18560K)->18383K(18560K) NonClass: 16315K(16384K)->16315K(16384K) Class: 2068K(2176K)->2068K(2176K)
[2023-03-13T11:24:50.677+0530][gc          ] GC(0) Pause Young (Normal) (G1 Evacuation Pause) 51M->8M(1024M) 2.697ms
[2023-03-13T11:24:50.677+0530][gc,cpu      ] GC(0) User=0.02s Sys=0.00s Real=0.00s
[2023-03-13T11:24:50.802+0530][gc,start    ] GC(1) Pause Young (Concurrent Start) (Metadata GC Threshold)
[2023-03-13T11:24:50.802+0530][gc,task     ] GC(1) Using 8 workers of 8 for evacuation
[2023-03-13T11:24:50.806+0530][gc,phases   ] GC(1)   Pre Evacuate Collection Set: 0.2ms
[2023-03-13T11:24:50.806+0530][gc,phases   ] GC(1)   Merge Heap Roots: 0.1ms
[2023-03-13T11:24:50.806+0530][gc,phases   ] GC(1)   Evacuate Collection Set: 3.3ms
[2023-03-13T11:24:50.806+0530][gc,phases   ] GC(1)   Post Evacuate Collection Set: 0.2ms
[2023-03-13T11:24:50.806+0530][gc,phases   ] GC(1)   Other: 0.0ms
[2023-03-13T11:24:50.806+0530][gc,heap     ] GC(1) Eden regions: 13->0(49)
[2023-03-13T11:24:50.806+0530][gc,heap     ] GC(1) Survivor regions: 7->2(7)
[2023-03-13T11:24:50.806+0530][gc,heap     ] GC(1) Old regions: 1->7
[2023-03-13T11:24:50.806+0530][gc,heap     ] GC(1) Archive regions: 2->2
[2023-03-13T11:24:50.806+0530][gc,heap     ] GC(1) Humongous regions: 129->129
[2023-03-13T11:24:50.806+0530][gc,metaspace] GC(1) Metaspace: 21257K(21504K)->21257K(21504K) NonClass: 18828K(18944K)->18828K(18944K) Class: 2428K(2560K)->2428K(2560K)
[2023-03-13T11:24:50.806+0530][gc          ] GC(1) Pause Young (Concurrent Start) (Metadata GC Threshold) 149M->138M(1024M) 4.064ms
[2023-03-13T11:24:50.806+0530][gc,cpu      ] GC(1) User=0.01s Sys=0.00s Real=0.00s
[2023-03-13T11:24:50.806+0530][gc          ] GC(2) Concurrent Mark Cycle
[2023-03-13T11:24:50.806+0530][gc,marking  ] GC(2) Concurrent Clear Claimed Marks
[2023-03-13T11:24:50.806+0530][gc,marking  ] GC(2) Concurrent Clear Claimed Marks 0.019ms
[2023-03-13T11:24:50.806+0530][gc,marking  ] GC(2) Concurrent Scan Root Regions
[2023-03-13T11:24:50.808+0530][gc,marking  ] GC(2) Concurrent Scan Root Regions 1.503ms
[2023-03-13T11:24:50.808+0530][gc,marking  ] GC(2) Concurrent Mark
[2023-03-13T11:24:50.808+0530][gc,marking  ] GC(2) Concurrent Mark From Roots
[2023-03-13T11:24:50.808+0530][gc,task     ] GC(2) Using 2 workers of 2 for marking
[2023-03-13T11:24:50.808+0530][gc,marking  ] GC(2) Concurrent Mark From Roots 0.800ms
[2023-03-13T11:24:50.808+0530][gc,marking  ] GC(2) Concurrent Preclean
[2023-03-13T11:24:50.809+0530][gc,marking  ] GC(2) Concurrent Preclean 0.028ms
[2023-03-13T11:24:50.809+0530][gc,start    ] GC(2) Pause Remark
[2023-03-13T11:24:50.811+0530][gc          ] GC(2) Pause Remark 139M->139M(1024M) 1.553ms
[2023-03-13T11:24:50.811+0530][gc,cpu      ] GC(2) User=0.00s Sys=0.01s Real=0.01s
[2023-03-13T11:24:50.811+0530][gc,marking  ] GC(2) Concurrent Mark 3.150ms
[2023-03-13T11:24:50.811+0530][gc,marking  ] GC(2) Concurrent Rebuild Remembered Sets
[2023-03-13T11:24:50.811+0530][gc,marking  ] GC(2) Concurrent Rebuild Remembered Sets 0.013ms
[2023-03-13T11:24:50.811+0530][gc,start    ] GC(2) Pause Cleanup
[2023-03-13T11:24:50.811+0530][gc          ] GC(2) Pause Cleanup 139M->139M(1024M) 0.010ms
[2023-03-13T11:24:50.811+0530][gc,cpu      ] GC(2) User=0.00s Sys=0.00s Real=0.00s
[2023-03-13T11:24:50.811+0530][gc,marking  ] GC(2) Concurrent Cleanup for Next Mark
[2023-03-13T11:24:50.813+0530][gc,marking  ] GC(2) Concurrent Cleanup for Next Mark 1.636ms
[2023-03-13T11:24:50.813+0530][gc          ] GC(2) Concurrent Mark Cycle 6.807ms
[2023-03-13T11:24:51.124+0530][gc,start    ] GC(3) Pause Young (Normal) (G1 Evacuation Pause)
[2023-03-13T11:24:51.124+0530][gc,task     ] GC(3) Using 8 workers of 8 for evacuation
[2023-03-13T11:24:51.127+0530][gc,phases   ] GC(3)   Pre Evacuate Collection Set: 0.1ms
[2023-03-13T11:24:51.127+0530][gc,phases   ] GC(3)   Merge Heap Roots: 0.0ms
[2023-03-13T11:24:51.127+0530][gc,phases   ] GC(3)   Evacuate Collection Set: 2.3ms
[2023-03-13T11:24:51.127+0530][gc,phases   ] GC(3)   Post Evacuate Collection Set: 0.4ms
[2023-03-13T11:24:51.127+0530][gc,phases   ] GC(3)   Other: 0.0ms
[2023-03-13T11:24:51.127+0530][gc,heap     ] GC(3) Eden regions: 49->0(45)
[2023-03-13T11:24:51.127+0530][gc,heap     ] GC(3) Survivor regions: 2->6(7)
[2023-03-13T11:24:51.127+0530][gc,heap     ] GC(3) Old regions: 7->7
[2023-03-13T11:24:51.127+0530][gc,heap     ] GC(3) Archive regions: 2->2
[2023-03-13T11:24:51.127+0530][gc,heap     ] GC(3) Humongous regions: 129->129
[2023-03-13T11:24:51.127+0530][gc,metaspace] GC(3) Metaspace: 33159K(33472K)->33159K(33472K) NonClass: 29639K(29824K)->29639K(29824K) Class: 3519K(3648K)->3519K(3648K)
[2023-03-13T11:24:51.127+0530][gc          ] GC(3) Pause Young (Normal) (G1 Evacuation Pause) 187M->142M(1024M) 3.019ms
[2023-03-13T11:24:51.127+0530][gc,cpu      ] GC(3) User=0.02s Sys=0.00s Real=0.00s
[2023-03-13T11:44:34.044+0530][gc,start    ] GC(4) Pause Young (Concurrent Start) (Metadata GC Threshold)
[2023-03-13T11:44:34.045+0530][gc,task     ] GC(4) Using 8 workers of 8 for evacuation
[2023-03-13T11:44:34.049+0530][gc,phases   ] GC(4)   Pre Evacuate Collection Set: 0.6ms
[2023-03-13T11:44:34.049+0530][gc,phases   ] GC(4)   Merge Heap Roots: 0.1ms
[2023-03-13T11:44:34.049+0530][gc,phases   ] GC(4)   Evacuate Collection Set: 3.5ms
[2023-03-13T11:44:34.049+0530][gc,phases   ] GC(4)   Post Evacuate Collection Set: 0.6ms
[2023-03-13T11:44:34.049+0530][gc,phases   ] GC(4)   Other: -0.0ms
[2023-03-13T11:44:34.049+0530][gc,heap     ] GC(4) Eden regions: 19->0(50)
[2023-03-13T11:44:34.049+0530][gc,heap     ] GC(4) Survivor regions: 6->1(7)
[2023-03-13T11:44:34.049+0530][gc,heap     ] GC(4) Old regions: 7->13
[2023-03-13T11:44:34.049+0530][gc,heap     ] GC(4) Archive regions: 2->2
[2023-03-13T11:44:34.049+0530][gc,heap     ] GC(4) Humongous regions: 129->129
[2023-03-13T11:44:34.049+0530][gc,metaspace] GC(4) Metaspace: 35781K(36096K)->35781K(36096K) NonClass: 31953K(32128K)->31953K(32128K) Class: 3828K(3968K)->3828K(3968K)
[2023-03-13T11:44:34.049+0530][gc          ] GC(4) Pause Young (Concurrent Start) (Metadata GC Threshold) 161M->143M(1024M) 5.267ms
[2023-03-13T11:44:34.049+0530][gc,cpu      ] GC(4) User=0.02s Sys=0.01s Real=0.00s
[2023-03-13T11:44:34.049+0530][gc          ] GC(5) Concurrent Mark Cycle
[2023-03-13T11:44:34.049+0530][gc,marking  ] GC(5) Concurrent Clear Claimed Marks
[2023-03-13T11:44:34.050+0530][gc,marking  ] GC(5) Concurrent Clear Claimed Marks 0.033ms
[2023-03-13T11:44:34.050+0530][gc,marking  ] GC(5) Concurrent Scan Root Regions
[2023-03-13T11:44:34.053+0530][gc,marking  ] GC(5) Concurrent Scan Root Regions 3.506ms
[2023-03-13T11:44:34.053+0530][gc,marking  ] GC(5) Concurrent Mark
[2023-03-13T11:44:34.053+0530][gc,marking  ] GC(5) Concurrent Mark From Roots
[2023-03-13T11:44:34.053+0530][gc,task     ] GC(5) Using 2 workers of 2 for marking
[2023-03-13T11:44:34.057+0530][gc,marking  ] GC(5) Concurrent Mark From Roots 4.021ms
[2023-03-13T11:44:34.057+0530][gc,marking  ] GC(5) Concurrent Preclean
[2023-03-13T11:44:34.057+0530][gc,marking  ] GC(5) Concurrent Preclean 0.115ms
[2023-03-13T11:44:34.057+0530][gc,start    ] GC(5) Pause Remark
[2023-03-13T11:44:34.062+0530][gc          ] GC(5) Pause Remark 144M->144M(1024M) 4.895ms
[2023-03-13T11:44:34.062+0530][gc,cpu      ] GC(5) User=0.01s Sys=0.01s Real=0.01s
[2023-03-13T11:44:34.062+0530][gc,marking  ] GC(5) Concurrent Mark 9.386ms
[2023-03-13T11:44:34.062+0530][gc,marking  ] GC(5) Concurrent Rebuild Remembered Sets
[2023-03-13T11:44:34.066+0530][gc,marking  ] GC(5) Concurrent Rebuild Remembered Sets 3.808ms
[2023-03-13T11:44:34.066+0530][gc,start    ] GC(5) Pause Cleanup
[2023-03-13T11:44:34.067+0530][gc          ] GC(5) Pause Cleanup 144M->144M(1024M) 0.099ms
[2023-03-13T11:44:34.067+0530][gc,cpu      ] GC(5) User=0.00s Sys=0.00s Real=0.00s
[2023-03-13T11:44:34.067+0530][gc,marking  ] GC(5) Concurrent Cleanup for Next Mark
[2023-03-13T11:44:34.068+0530][gc,marking  ] GC(5) Concurrent Cleanup for Next Mark 1.929ms
[2023-03-13T11:44:34.069+0530][gc          ] GC(5) Concurrent Mark Cycle 19.107ms
[2023-03-13T11:54:01.057+0530][gc,start    ] GC(6) Pause Young (Prepare Mixed) (G1 Evacuation Pause)
[2023-03-13T11:54:01.057+0530][gc,task     ] GC(6) Using 8 workers of 8 for evacuation
[2023-03-13T11:54:01.063+0530][gc,phases   ] GC(6)   Pre Evacuate Collection Set: 0.4ms
[2023-03-13T11:54:01.063+0530][gc,phases   ] GC(6)   Merge Heap Roots: 0.1ms
[2023-03-13T11:54:01.063+0530][gc,phases   ] GC(6)   Evacuate Collection Set: 4.8ms
[2023-03-13T11:54:01.063+0530][gc,phases   ] GC(6)   Post Evacuate Collection Set: 0.4ms
[2023-03-13T11:54:01.063+0530][gc,phases   ] GC(6)   Other: 0.1ms
[2023-03-13T11:54:01.063+0530][gc,heap     ] GC(6) Eden regions: 50->0(47)
[2023-03-13T11:54:01.063+0530][gc,heap     ] GC(6) Survivor regions: 1->4(7)
[2023-03-13T11:54:01.063+0530][gc,heap     ] GC(6) Old regions: 13->13
[2023-03-13T11:54:01.063+0530][gc,heap     ] GC(6) Archive regions: 2->2
[2023-03-13T11:54:01.063+0530][gc,heap     ] GC(6) Humongous regions: 129->129
[2023-03-13T11:54:01.063+0530][gc,metaspace] GC(6) Metaspace: 39344K(39808K)->39344K(39808K) NonClass: 35096K(35392K)->35096K(35392K) Class: 4247K(4416K)->4247K(4416K)
[2023-03-13T11:54:01.063+0530][gc          ] GC(6) Pause Young (Prepare Mixed) (G1 Evacuation Pause) 193M->146M(1024M) 6.736ms
[2023-03-13T11:54:01.063+0530][gc,cpu      ] GC(6) User=0.01s Sys=0.01s Real=0.01s
[2023-03-13T12:01:41.051+0530][gc,start    ] GC(7) Pause Young (Mixed) (G1 Evacuation Pause)
[2023-03-13T12:01:41.051+0530][gc,task     ] GC(7) Using 8 workers of 8 for evacuation
[2023-03-13T12:01:41.068+0530][gc,phases   ] GC(7)   Pre Evacuate Collection Set: 0.7ms
[2023-03-13T12:01:41.068+0530][gc,phases   ] GC(7)   Merge Heap Roots: 0.4ms
[2023-03-13T12:01:41.068+0530][gc,phases   ] GC(7)   Evacuate Collection Set: 14.3ms
[2023-03-13T12:01:41.068+0530][gc,phases   ] GC(7)   Post Evacuate Collection Set: 0.7ms
[2023-03-13T12:01:41.068+0530][gc,phases   ] GC(7)   Other: 0.2ms
[2023-03-13T12:01:41.068+0530][gc,heap     ] GC(7) Eden regions: 47->0(45)
[2023-03-13T12:01:41.068+0530][gc,heap     ] GC(7) Survivor regions: 4->6(7)
[2023-03-13T12:01:41.068+0530][gc,heap     ] GC(7) Old regions: 13->13
[2023-03-13T12:01:41.068+0530][gc,heap     ] GC(7) Archive regions: 2->2
[2023-03-13T12:01:41.068+0530][gc,heap     ] GC(7) Humongous regions: 129->129
[2023-03-13T12:01:41.068+0530][gc,metaspace] GC(7) Metaspace: 40140K(40640K)->40140K(40640K) NonClass: 35788K(36032K)->35788K(36032K) Class: 4351K(4608K)->4351K(4608K)
[2023-03-13T12:01:41.068+0530][gc          ] GC(7) Pause Young (Mixed) (G1 Evacuation Pause) 193M->148M(1024M) 18.917ms
[2023-03-13T12:01:41.068+0530][gc,cpu      ] GC(7) User=0.03s Sys=0.02s Real=0.02s
[2023-03-13T12:10:36.711+0530][gc,start    ] GC(8) Pause Young (Normal) (G1 Evacuation Pause)
[2023-03-13T12:10:36.713+0530][gc,task     ] GC(8) Using 8 workers of 8 for evacuation
[2023-03-13T12:10:36.729+0530][gc,phases   ] GC(8)   Pre Evacuate Collection Set: 1.3ms
[2023-03-13T12:10:36.729+0530][gc,phases   ] GC(8)   Merge Heap Roots: 0.2ms
[2023-03-13T12:10:36.729+0530][gc,phases   ] GC(8)   Evacuate Collection Set: 13.8ms
[2023-03-13T12:10:36.729+0530][gc,phases   ] GC(8)   Post Evacuate Collection Set: 1.1ms
[2023-03-13T12:10:36.729+0530][gc,phases   ] GC(8)   Other: 0.3ms
[2023-03-13T12:10:36.729+0530][gc,heap     ] GC(8) Eden regions: 45->0(47)
[2023-03-13T12:10:36.729+0530][gc,heap     ] GC(8) Survivor regions: 6->4(7)
[2023-03-13T12:10:36.729+0530][gc,heap     ] GC(8) Old regions: 13->15
[2023-03-13T12:10:36.729+0530][gc,heap     ] GC(8) Archive regions: 2->2
[2023-03-13T12:10:36.729+0530][gc,heap     ] GC(8) Humongous regions: 129->129
[2023-03-13T12:10:36.729+0530][gc,metaspace] GC(8) Metaspace: 40202K(40704K)->40202K(40704K) NonClass: 35849K(36096K)->35849K(36096K) Class: 4352K(4608K)->4352K(4608K)
[2023-03-13T12:10:36.730+0530][gc          ] GC(8) Pause Young (Normal) (G1 Evacuation Pause) 193M->148M(1024M) 18.443ms
[2023-03-13T12:10:36.730+0530][gc,cpu      ] GC(8) User=0.04s Sys=0.03s Real=0.02s
[2023-03-13T12:20:27.304+0530][gc,start    ] GC(9) Pause Young (Normal) (G1 Evacuation Pause)
[2023-03-13T12:20:27.306+0530][gc,task     ] GC(9) Using 8 workers of 8 for evacuation
[2023-03-13T12:20:27.316+0530][gc,phases   ] GC(9)   Pre Evacuate Collection Set: 1.5ms
[2023-03-13T12:20:27.316+0530][gc,phases   ] GC(9)   Merge Heap Roots: 0.2ms
[2023-03-13T12:20:27.316+0530][gc,phases   ] GC(9)   Evacuate Collection Set: 7.0ms
[2023-03-13T12:20:27.316+0530][gc,phases   ] GC(9)   Post Evacuate Collection Set: 0.6ms
[2023-03-13T12:20:27.316+0530][gc,phases   ] GC(9)   Other: 0.2ms
[2023-03-13T12:20:27.316+0530][gc,heap     ] GC(9) Eden regions: 47->0(53)
[2023-03-13T12:20:27.316+0530][gc,heap     ] GC(9) Survivor regions: 4->3(7)
[2023-03-13T12:20:27.316+0530][gc,heap     ] GC(9) Old regions: 15->15
[2023-03-13T12:20:27.316+0530][gc,heap     ] GC(9) Archive regions: 2->2
[2023-03-13T12:20:27.316+0530][gc,heap     ] GC(9) Humongous regions: 129->129
[2023-03-13T12:20:27.316+0530][gc,metaspace] GC(9) Metaspace: 40242K(40768K)->40242K(40768K) NonClass: 35889K(36160K)->35889K(36160K) Class: 4353K(4608K)->4353K(4608K)
[2023-03-13T12:20:27.316+0530][gc          ] GC(9) Pause Young (Normal) (G1 Evacuation Pause) 195M->147M(1024M) 11.748ms
[2023-03-13T12:20:27.316+0530][gc,cpu      ] GC(9) User=0.02s Sys=0.01s Real=0.01s
[2023-03-13T12:31:13.998+0530][gc,start    ] GC(10) Pause Young (Normal) (G1 Evacuation Pause)
[2023-03-13T12:31:13.998+0530][gc,task     ] GC(10) Using 8 workers of 8 for evacuation
[2023-03-13T12:31:14.009+0530][gc,phases   ] GC(10)   Pre Evacuate Collection Set: 0.6ms
[2023-03-13T12:31:14.010+0530][gc,phases   ] GC(10)   Merge Heap Roots: 0.2ms
[2023-03-13T12:31:14.010+0530][gc,phases   ] GC(10)   Evacuate Collection Set: 9.3ms
[2023-03-13T12:31:14.010+0530][gc,phases   ] GC(10)   Post Evacuate Collection Set: 0.7ms
[2023-03-13T12:31:14.010+0530][gc,phases   ] GC(10)   Other: 0.2ms
[2023-03-13T12:31:14.010+0530][gc,heap     ] GC(10) Eden regions: 53->0(164)
[2023-03-13T12:31:14.010+0530][gc,heap     ] GC(10) Survivor regions: 3->4(7)
[2023-03-13T12:31:14.010+0530][gc,heap     ] GC(10) Old regions: 15->15
[2023-03-13T12:31:14.010+0530][gc,heap     ] GC(10) Archive regions: 2->2
[2023-03-13T12:31:14.010+0530][gc,heap     ] GC(10) Humongous regions: 129->129
[2023-03-13T12:31:14.010+0530][gc,metaspace] GC(10) Metaspace: 40309K(40832K)->40309K(40832K) NonClass: 35952K(36224K)->35952K(36224K) Class: 4357K(4608K)->4357K(4608K)
[2023-03-13T12:31:14.010+0530][gc          ] GC(10) Pause Young (Normal) (G1 Evacuation Pause) 200M->148M(1024M) 12.236ms
[2023-03-13T12:31:14.010+0530][gc,cpu      ] GC(10) User=0.02s Sys=0.01s Real=0.02s
[2023-03-13T13:06:54.851+0530][gc,start    ] GC(11) Pause Young (Normal) (G1 Evacuation Pause)
[2023-03-13T13:06:54.851+0530][gc,task     ] GC(11) Using 8 workers of 8 for evacuation
[2023-03-13T13:06:54.863+0530][gc,phases   ] GC(11)   Pre Evacuate Collection Set: 1.5ms
[2023-03-13T13:06:54.863+0530][gc,phases   ] GC(11)   Merge Heap Roots: 0.7ms
[2023-03-13T13:06:54.863+0530][gc,phases   ] GC(11)   Evacuate Collection Set: 6.8ms
[2023-03-13T13:06:54.863+0530][gc,phases   ] GC(11)   Post Evacuate Collection Set: 2.6ms
[2023-03-13T13:06:54.863+0530][gc,phases   ] GC(11)   Other: 0.1ms
[2023-03-13T13:06:54.863+0530][gc,heap     ] GC(11) Eden regions: 164->0(469)
[2023-03-13T13:06:54.863+0530][gc,heap     ] GC(11) Survivor regions: 4->3(21)
[2023-03-13T13:06:54.863+0530][gc,heap     ] GC(11) Old regions: 15->15
[2023-03-13T13:06:54.863+0530][gc,heap     ] GC(11) Archive regions: 2->2
[2023-03-13T13:06:54.863+0530][gc,heap     ] GC(11) Humongous regions: 129->129
[2023-03-13T13:06:54.863+0530][gc,metaspace] GC(11) Metaspace: 40422K(40896K)->40422K(40896K) NonClass: 36055K(36288K)->36055K(36288K) Class: 4366K(4608K)->4366K(4608K)
[2023-03-13T13:06:54.863+0530][gc          ] GC(11) Pause Young (Normal) (G1 Evacuation Pause) 312M->147M(1024M) 12.372ms
[2023-03-13T13:06:54.863+0530][gc,cpu      ] GC(11) User=0.01s Sys=0.00s Real=0.01s
[2023-03-13T14:48:59.634+0530][gc,start    ] GC(12) Pause Young (Normal) (G1 Evacuation Pause)
[2023-03-13T14:48:59.636+0530][gc,task     ] GC(12) Using 8 workers of 8 for evacuation
[2023-03-13T14:48:59.660+0530][gc,mmu      ] GC(12) MMU target violated: 21.0ms (20.0ms/21.0ms)
[2023-03-13T14:48:59.660+0530][gc,phases   ] GC(12)   Pre Evacuate Collection Set: 1.2ms
[2023-03-13T14:48:59.660+0530][gc,phases   ] GC(12)   Merge Heap Roots: 0.3ms
[2023-03-13T14:48:59.660+0530][gc,phases   ] GC(12)   Evacuate Collection Set: 12.1ms
[2023-03-13T14:48:59.660+0530][gc,phases   ] GC(12)   Post Evacuate Collection Set: 8.2ms
[2023-03-13T14:48:59.661+0530][gc,phases   ] GC(12)   Other: 2.9ms
[2023-03-13T14:48:59.661+0530][gc,heap     ] GC(12) Eden regions: 469->0(142)
[2023-03-13T14:48:59.661+0530][gc,heap     ] GC(12) Survivor regions: 3->4(59)
[2023-03-13T14:48:59.661+0530][gc,heap     ] GC(12) Old regions: 15->15
[2023-03-13T14:48:59.661+0530][gc,heap     ] GC(12) Archive regions: 2->2
[2023-03-13T14:48:59.661+0530][gc,heap     ] GC(12) Humongous regions: 129->129
[2023-03-13T14:48:59.661+0530][gc,metaspace] GC(12) Metaspace: 40988K(41536K)->40988K(41536K) NonClass: 36567K(36864K)->36567K(36864K) Class: 4420K(4672K)->4420K(4672K)
[2023-03-13T14:48:59.661+0530][gc          ] GC(12) Pause Young (Normal) (G1 Evacuation Pause) 616M->148M(1024M) 26.421ms
[2023-03-13T14:48:59.661+0530][gc,cpu      ] GC(12) User=0.03s Sys=0.02s Real=0.03s
[2023-03-13T15:13:37.511+0530][gc,start    ] GC(13) Pause Young (Normal) (G1 Evacuation Pause)
[2023-03-13T15:13:37.513+0530][gc,task     ] GC(13) Using 8 workers of 8 for evacuation
[2023-03-13T15:13:37.527+0530][gc,phases   ] GC(13)   Pre Evacuate Collection Set: 1.4ms
[2023-03-13T15:13:37.527+0530][gc,phases   ] GC(13)   Merge Heap Roots: 0.3ms
[2023-03-13T15:13:37.527+0530][gc,phases   ] GC(13)   Evacuate Collection Set: 11.1ms
[2023-03-13T15:13:37.527+0530][gc,phases   ] GC(13)   Post Evacuate Collection Set: 1.0ms
[2023-03-13T15:13:37.527+0530][gc,phases   ] GC(13)   Other: 0.3ms
[2023-03-13T15:13:37.527+0530][gc,heap     ] GC(13) Eden regions: 142->0(216)
[2023-03-13T15:13:37.527+0530][gc,heap     ] GC(13) Survivor regions: 4->4(19)
[2023-03-13T15:13:37.527+0530][gc,heap     ] GC(13) Old regions: 15->15
[2023-03-13T15:13:37.527+0530][gc,heap     ] GC(13) Archive regions: 2->2
[2023-03-13T15:13:37.527+0530][gc,heap     ] GC(13) Humongous regions: 129->129
[2023-03-13T15:13:37.527+0530][gc,metaspace] GC(13) Metaspace: 41470K(41984K)->41470K(41984K) NonClass: 36988K(37248K)->36988K(37248K) Class: 4482K(4736K)->4482K(4736K)
[2023-03-13T15:13:37.527+0530][gc          ] GC(13) Pause Young (Normal) (G1 Evacuation Pause) 290M->148M(1024M) 15.988ms
[2023-03-13T15:13:37.527+0530][gc,cpu      ] GC(13) User=0.03s Sys=0.02s Real=0.01s
[2023-03-13T16:05:32.440+0530][gc,start    ] GC(14) Pause Young (Normal) (G1 Evacuation Pause)
[2023-03-13T16:05:32.442+0530][gc,task     ] GC(14) Using 8 workers of 8 for evacuation
[2023-03-13T16:05:32.459+0530][gc,phases   ] GC(14)   Pre Evacuate Collection Set: 1.2ms
[2023-03-13T16:05:32.459+0530][gc,phases   ] GC(14)   Merge Heap Roots: 1.2ms
[2023-03-13T16:05:32.459+0530][gc,phases   ] GC(14)   Evacuate Collection Set: 12.4ms
[2023-03-13T16:05:32.459+0530][gc,phases   ] GC(14)   Post Evacuate Collection Set: 1.3ms
[2023-03-13T16:05:32.459+0530][gc,phases   ] GC(14)   Other: 0.5ms
[2023-03-13T16:05:32.459+0530][gc,heap     ] GC(14) Eden regions: 216->0(194)
[2023-03-13T16:05:32.459+0530][gc,heap     ] GC(14) Survivor regions: 4->5(28)
[2023-03-13T16:05:32.459+0530][gc,heap     ] GC(14) Old regions: 15->15
[2023-03-13T16:05:32.459+0530][gc,heap     ] GC(14) Archive regions: 2->2
[2023-03-13T16:05:32.459+0530][gc,heap     ] GC(14) Humongous regions: 129->129
[2023-03-13T16:05:32.459+0530][gc,metaspace] GC(14) Metaspace: 41480K(41984K)->41480K(41984K) NonClass: 36997K(37248K)->36997K(37248K) Class: 4482K(4736K)->4482K(4736K)
[2023-03-13T16:05:32.459+0530][gc          ] GC(14) Pause Young (Normal) (G1 Evacuation Pause) 364M->148M(1024M) 18.530ms
[2023-03-13T16:05:32.459+0530][gc,cpu      ] GC(14) User=0.03s Sys=0.03s Real=0.01s
[2023-03-13T16:53:40.837+0530][gc,start    ] GC(15) Pause Young (Normal) (G1 Evacuation Pause)
[2023-03-13T16:53:40.838+0530][gc,task     ] GC(15) Using 8 workers of 8 for evacuation
[2023-03-13T16:53:40.850+0530][gc,phases   ] GC(15)   Pre Evacuate Collection Set: 0.7ms
[2023-03-13T16:53:40.850+0530][gc,phases   ] GC(15)   Merge Heap Roots: 0.1ms
[2023-03-13T16:53:40.850+0530][gc,phases   ] GC(15)   Evacuate Collection Set: 9.9ms
[2023-03-13T16:53:40.850+0530][gc,phases   ] GC(15)   Post Evacuate Collection Set: 1.0ms
[2023-03-13T16:53:40.851+0530][gc,phases   ] GC(15)   Other: 0.3ms
[2023-03-13T16:53:40.851+0530][gc,heap     ] GC(15) Eden regions: 194->0(465)
[2023-03-13T16:53:40.851+0530][gc,heap     ] GC(15) Survivor regions: 5->5(25)
[2023-03-13T16:53:40.851+0530][gc,heap     ] GC(15) Old regions: 15->15
[2023-03-13T16:53:40.851+0530][gc,heap     ] GC(15) Archive regions: 2->2
[2023-03-13T16:53:40.851+0530][gc,heap     ] GC(15) Humongous regions: 129->129
[2023-03-13T16:53:40.851+0530][gc,metaspace] GC(15) Metaspace: 41481K(41984K)->41481K(41984K) NonClass: 36998K(37248K)->36998K(37248K) Class: 4482K(4736K)->4482K(4736K)
[2023-03-13T16:53:40.851+0530][gc          ] GC(15) Pause Young (Normal) (G1 Evacuation Pause) 342M->149M(1024M) 13.604ms
[2023-03-13T16:53:40.851+0530][gc,cpu      ] GC(15) User=0.02s Sys=0.02s Real=0.02s
[2023-03-13T22:29:18.583+0530][gc,heap,exit] Heap
[2023-03-13T22:29:18.583+0530][gc,heap,exit]  garbage-first heap   total 1048576K, used 396920K [0x00000007c0000000, 0x0000000800000000)
[2023-03-13T22:29:18.583+0530][gc,heap,exit]   region size 1024K, 244 young (249856K), 5 survivors (5120K)
[2023-03-13T22:29:18.583+0530][gc,heap,exit]  Metaspace       used 42234K, committed 42752K, reserved 1114112K
[2023-03-13T22:29:18.583+0530][gc,heap,exit]   class space    used 4636K, committed 4864K, reserved 1048576K
