[2023-07-23T13:52:13.218+0530][gc,init] CardTable entry size: 512
[2023-07-23T13:52:13.218+0530][gc     ] Using G1
[2023-07-23T13:52:13.219+0530][gc,init] Version: 19.0.1+10-21 (release)
[2023-07-23T13:52:13.219+0530][gc,init] CPUs: 8 total, 8 available
[2023-07-23T13:52:13.219+0530][gc,init] Memory: 8192M
[2023-07-23T13:52:13.219+0530][gc,init] Large Page Support: Disabled
[2023-07-23T13:52:13.219+0530][gc,init] NUMA Support: Disabled
[2023-07-23T13:52:13.219+0530][gc,init] Compressed Oops: Enabled (Zero based)
[2023-07-23T13:52:13.219+0530][gc,init] Heap Region Size: 1M
[2023-07-23T13:52:13.219+0530][gc,init] Heap Min Capacity: 1G
[2023-07-23T13:52:13.219+0530][gc,init] Heap Initial Capacity: 1G
[2023-07-23T13:52:13.219+0530][gc,init] Heap Max Capacity: 1G
[2023-07-23T13:52:13.219+0530][gc,init] Pre-touch: Disabled
[2023-07-23T13:52:13.219+0530][gc,init] Parallel Workers: 8
[2023-07-23T13:52:13.219+0530][gc,init] Concurrent Workers: 2
[2023-07-23T13:52:13.219+0530][gc,init] Concurrent Refinement Workers: 8
[2023-07-23T13:52:13.219+0530][gc,init] Periodic GC: Disabled
[2023-07-23T13:52:13.219+0530][gc,metaspace] CDS archive(s) mapped at: [0x0000000800000000-0x0000000800c44000-0x0000000800c44000), size 12861440, SharedBaseAddress: 0x0000000800000000, ArchiveRelocationMode: 0.
[2023-07-23T13:52:13.219+0530][gc,metaspace] Compressed class space mapped at: 0x0000000801000000-0x0000000841000000, reserved size: 1073741824
[2023-07-23T13:52:13.219+0530][gc,metaspace] Narrow klass base: 0x0000000800000000, Narrow klass shift: 0, Narrow klass range: 0x100000000
[2023-07-23T13:52:18.913+0530][gc,start    ] GC(0) Pause Young (Normal) (G1 Evacuation Pause)
[2023-07-23T13:52:18.913+0530][gc,task     ] GC(0) Using 8 workers of 8 for evacuation
[2023-07-23T13:52:18.916+0530][gc,phases   ] GC(0)   Pre Evacuate Collection Set: 0.2ms
[2023-07-23T13:52:18.916+0530][gc,phases   ] GC(0)   Merge Heap Roots: 0.0ms
[2023-07-23T13:52:18.916+0530][gc,phases   ] GC(0)   Evacuate Collection Set: 2.5ms
[2023-07-23T13:52:18.916+0530][gc,phases   ] GC(0)   Post Evacuate Collection Set: 0.2ms
[2023-07-23T13:52:18.916+0530][gc,phases   ] GC(0)   Other: 0.2ms
[2023-07-23T13:52:18.916+0530][gc,heap     ] GC(0) Eden regions: 51->0(44)
[2023-07-23T13:52:18.916+0530][gc,heap     ] GC(0) Survivor regions: 0->7(7)
[2023-07-23T13:52:18.916+0530][gc,heap     ] GC(0) Old regions: 0->1
[2023-07-23T13:52:18.916+0530][gc,heap     ] GC(0) Archive regions: 2->2
[2023-07-23T13:52:18.916+0530][gc,heap     ] GC(0) Humongous regions: 0->0
[2023-07-23T13:52:18.916+0530][gc,metaspace] GC(0) Metaspace: 18355K(18560K)->18355K(18560K) NonClass: 16286K(16384K)->16286K(16384K) Class: 2069K(2176K)->2069K(2176K)
[2023-07-23T13:52:18.916+0530][gc          ] GC(0) Pause Young (Normal) (G1 Evacuation Pause) 51M->8M(1024M) 3.310ms
[2023-07-23T13:52:18.916+0530][gc,cpu      ] GC(0) User=0.02s Sys=0.00s Real=0.00s
[2023-07-23T13:52:19.041+0530][gc,start    ] GC(1) Pause Young (Concurrent Start) (Metadata GC Threshold)
[2023-07-23T13:52:19.041+0530][gc,task     ] GC(1) Using 8 workers of 8 for evacuation
[2023-07-23T13:52:19.045+0530][gc,phases   ] GC(1)   Pre Evacuate Collection Set: 0.3ms
[2023-07-23T13:52:19.045+0530][gc,phases   ] GC(1)   Merge Heap Roots: 0.1ms
[2023-07-23T13:52:19.045+0530][gc,phases   ] GC(1)   Evacuate Collection Set: 3.1ms
[2023-07-23T13:52:19.045+0530][gc,phases   ] GC(1)   Post Evacuate Collection Set: 0.2ms
[2023-07-23T13:52:19.045+0530][gc,phases   ] GC(1)   Other: 0.0ms
[2023-07-23T13:52:19.045+0530][gc,heap     ] GC(1) Eden regions: 12->0(50)
[2023-07-23T13:52:19.045+0530][gc,heap     ] GC(1) Survivor regions: 7->1(7)
[2023-07-23T13:52:19.045+0530][gc,heap     ] GC(1) Old regions: 1->8
[2023-07-23T13:52:19.045+0530][gc,heap     ] GC(1) Archive regions: 2->2
[2023-07-23T13:52:19.045+0530][gc,heap     ] GC(1) Humongous regions: 0->0
[2023-07-23T13:52:19.045+0530][gc,metaspace] GC(1) Metaspace: 21248K(21504K)->21248K(21504K) NonClass: 18808K(18944K)->18808K(18944K) Class: 2439K(2560K)->2439K(2560K)
[2023-07-23T13:52:19.045+0530][gc          ] GC(1) Pause Young (Concurrent Start) (Metadata GC Threshold) 20M->9M(1024M) 3.922ms
[2023-07-23T13:52:19.045+0530][gc,cpu      ] GC(1) User=0.02s Sys=0.01s Real=0.00s
[2023-07-23T13:52:19.045+0530][gc          ] GC(2) Concurrent Mark Cycle
[2023-07-23T13:52:19.045+0530][gc,marking  ] GC(2) Concurrent Clear Claimed Marks
[2023-07-23T13:52:19.045+0530][gc,marking  ] GC(2) Concurrent Clear Claimed Marks 0.009ms
[2023-07-23T13:52:19.045+0530][gc,marking  ] GC(2) Concurrent Scan Root Regions
[2023-07-23T13:52:19.046+0530][gc,marking  ] GC(2) Concurrent Scan Root Regions 1.552ms
[2023-07-23T13:52:19.046+0530][gc,marking  ] GC(2) Concurrent Mark
[2023-07-23T13:52:19.046+0530][gc,marking  ] GC(2) Concurrent Mark From Roots
[2023-07-23T13:52:19.046+0530][gc,task     ] GC(2) Using 2 workers of 2 for marking
[2023-07-23T13:52:19.047+0530][gc,marking  ] GC(2) Concurrent Mark From Roots 1.075ms
[2023-07-23T13:52:19.047+0530][gc,marking  ] GC(2) Concurrent Preclean
[2023-07-23T13:52:19.047+0530][gc,marking  ] GC(2) Concurrent Preclean 0.006ms
[2023-07-23T13:52:19.047+0530][gc,start    ] GC(2) Pause Remark
[2023-07-23T13:52:19.048+0530][gc          ] GC(2) Pause Remark 10M->10M(1024M) 0.984ms
[2023-07-23T13:52:19.048+0530][gc,cpu      ] GC(2) User=0.01s Sys=0.00s Real=0.00s
[2023-07-23T13:52:19.049+0530][gc,marking  ] GC(2) Concurrent Mark 2.254ms
[2023-07-23T13:52:19.049+0530][gc,marking  ] GC(2) Concurrent Rebuild Remembered Sets
[2023-07-23T13:52:19.050+0530][gc,marking  ] GC(2) Concurrent Rebuild Remembered Sets 1.452ms
[2023-07-23T13:52:19.090+0530][gc,start    ] GC(2) Pause Cleanup
[2023-07-23T13:52:19.090+0530][gc          ] GC(2) Pause Cleanup 139M->139M(1024M) 0.101ms
[2023-07-23T13:52:19.090+0530][gc,cpu      ] GC(2) User=0.00s Sys=0.00s Real=0.00s
[2023-07-23T13:52:19.090+0530][gc,marking  ] GC(2) Concurrent Cleanup for Next Mark
[2023-07-23T13:52:19.094+0530][gc,marking  ] GC(2) Concurrent Cleanup for Next Mark 4.106ms
[2023-07-23T13:52:19.094+0530][gc          ] GC(2) Concurrent Mark Cycle 49.733ms
[2023-07-23T13:52:19.418+0530][gc,start    ] GC(3) Pause Young (Normal) (G1 Evacuation Pause)
[2023-07-23T13:52:19.418+0530][gc,task     ] GC(3) Using 8 workers of 8 for evacuation
[2023-07-23T13:52:19.422+0530][gc,phases   ] GC(3)   Pre Evacuate Collection Set: 0.1ms
[2023-07-23T13:52:19.422+0530][gc,phases   ] GC(3)   Merge Heap Roots: 0.1ms
[2023-07-23T13:52:19.422+0530][gc,phases   ] GC(3)   Evacuate Collection Set: 2.8ms
[2023-07-23T13:52:19.422+0530][gc,phases   ] GC(3)   Post Evacuate Collection Set: 0.4ms
[2023-07-23T13:52:19.422+0530][gc,phases   ] GC(3)   Other: 0.0ms
[2023-07-23T13:52:19.422+0530][gc,heap     ] GC(3) Eden regions: 50->0(45)
[2023-07-23T13:52:19.422+0530][gc,heap     ] GC(3) Survivor regions: 1->6(7)
[2023-07-23T13:52:19.422+0530][gc,heap     ] GC(3) Old regions: 8->8
[2023-07-23T13:52:19.422+0530][gc,heap     ] GC(3) Archive regions: 2->2
[2023-07-23T13:52:19.422+0530][gc,heap     ] GC(3) Humongous regions: 129->129
[2023-07-23T13:52:19.422+0530][gc,metaspace] GC(3) Metaspace: 33246K(33600K)->33246K(33600K) NonClass: 29692K(29888K)->29692K(29888K) Class: 3553K(3712K)->3553K(3712K)
[2023-07-23T13:52:19.422+0530][gc          ] GC(3) Pause Young (Normal) (G1 Evacuation Pause) 188M->143M(1024M) 3.612ms
[2023-07-23T13:52:19.422+0530][gc,cpu      ] GC(3) User=0.02s Sys=0.00s Real=0.01s
[2023-07-23T13:56:41.917+0530][gc,start    ] GC(4) Pause Young (Concurrent Start) (Metadata GC Threshold)
[2023-07-23T13:56:41.917+0530][gc,task     ] GC(4) Using 8 workers of 8 for evacuation
[2023-07-23T13:56:41.921+0530][gc,phases   ] GC(4)   Pre Evacuate Collection Set: 0.3ms
[2023-07-23T13:56:41.921+0530][gc,phases   ] GC(4)   Merge Heap Roots: 0.0ms
[2023-07-23T13:56:41.921+0530][gc,phases   ] GC(4)   Evacuate Collection Set: 3.6ms
[2023-07-23T13:56:41.921+0530][gc,phases   ] GC(4)   Post Evacuate Collection Set: 0.2ms
[2023-07-23T13:56:41.921+0530][gc,phases   ] GC(4)   Other: 0.0ms
[2023-07-23T13:56:41.921+0530][gc,heap     ] GC(4) Eden regions: 13->0(50)
[2023-07-23T13:56:41.921+0530][gc,heap     ] GC(4) Survivor regions: 6->1(7)
[2023-07-23T13:56:41.921+0530][gc,heap     ] GC(4) Old regions: 8->14
[2023-07-23T13:56:41.921+0530][gc,heap     ] GC(4) Archive regions: 2->2
[2023-07-23T13:56:41.921+0530][gc,heap     ] GC(4) Humongous regions: 129->129
[2023-07-23T13:56:41.921+0530][gc,metaspace] GC(4) Metaspace: 35658K(35968K)->35658K(35968K) NonClass: 31749K(31936K)->31749K(31936K) Class: 3909K(4032K)->3909K(4032K)
[2023-07-23T13:56:41.921+0530][gc          ] GC(4) Pause Young (Concurrent Start) (Metadata GC Threshold) 156M->143M(1024M) 4.278ms
[2023-07-23T13:56:41.921+0530][gc          ] GC(5) Concurrent Mark Cycle
[2023-07-23T13:56:41.921+0530][gc,cpu      ] GC(4) User=0.02s Sys=0.01s Real=0.01s
[2023-07-23T13:56:41.921+0530][gc,marking  ] GC(5) Concurrent Clear Claimed Marks
[2023-07-23T13:56:41.921+0530][gc,marking  ] GC(5) Concurrent Clear Claimed Marks 0.027ms
[2023-07-23T13:56:41.921+0530][gc,marking  ] GC(5) Concurrent Scan Root Regions
[2023-07-23T13:56:41.923+0530][gc,marking  ] GC(5) Concurrent Scan Root Regions 1.476ms
[2023-07-23T13:56:41.923+0530][gc,marking  ] GC(5) Concurrent Mark
[2023-07-23T13:56:41.923+0530][gc,marking  ] GC(5) Concurrent Mark From Roots
[2023-07-23T13:56:41.923+0530][gc,task     ] GC(5) Using 2 workers of 2 for marking
[2023-07-23T13:56:41.925+0530][gc,marking  ] GC(5) Concurrent Mark From Roots 2.583ms
[2023-07-23T13:56:41.925+0530][gc,marking  ] GC(5) Concurrent Preclean
[2023-07-23T13:56:41.925+0530][gc,marking  ] GC(5) Concurrent Preclean 0.027ms
[2023-07-23T13:56:41.925+0530][gc,start    ] GC(5) Pause Remark
[2023-07-23T13:56:41.926+0530][gc          ] GC(5) Pause Remark 144M->144M(1024M) 1.104ms
[2023-07-23T13:56:41.926+0530][gc,cpu      ] GC(5) User=0.01s Sys=0.00s Real=0.00s
[2023-07-23T13:56:41.927+0530][gc,marking  ] GC(5) Concurrent Mark 3.899ms
[2023-07-23T13:56:41.927+0530][gc,marking  ] GC(5) Concurrent Rebuild Remembered Sets
[2023-07-23T13:56:41.930+0530][gc,marking  ] GC(5) Concurrent Rebuild Remembered Sets 3.209ms
[2023-07-23T13:56:41.930+0530][gc,start    ] GC(5) Pause Cleanup
[2023-07-23T13:56:41.930+0530][gc          ] GC(5) Pause Cleanup 144M->144M(1024M) 0.074ms
[2023-07-23T13:56:41.930+0530][gc,cpu      ] GC(5) User=0.00s Sys=0.00s Real=0.00s
[2023-07-23T13:56:41.930+0530][gc,marking  ] GC(5) Concurrent Cleanup for Next Mark
[2023-07-23T13:56:41.931+0530][gc,marking  ] GC(5) Concurrent Cleanup for Next Mark 1.288ms
[2023-07-23T13:56:41.931+0530][gc          ] GC(5) Concurrent Mark Cycle 10.221ms
[2023-07-23T13:59:44.676+0530][gc,start    ] GC(6) Pause Young (Prepare Mixed) (G1 Evacuation Pause)
[2023-07-23T13:59:44.676+0530][gc,task     ] GC(6) Using 8 workers of 8 for evacuation
[2023-07-23T13:59:44.709+0530][gc,mmu      ] GC(6) MMU target violated: 21.0ms (20.0ms/21.0ms)
[2023-07-23T13:59:44.710+0530][gc,phases   ] GC(6)   Pre Evacuate Collection Set: 0.6ms
[2023-07-23T13:59:44.710+0530][gc,phases   ] GC(6)   Merge Heap Roots: 0.2ms
[2023-07-23T13:59:44.710+0530][gc,phases   ] GC(6)   Evacuate Collection Set: 31.7ms
[2023-07-23T13:59:44.710+0530][gc,phases   ] GC(6)   Post Evacuate Collection Set: 0.6ms
[2023-07-23T13:59:44.710+0530][gc,phases   ] GC(6)   Other: 0.3ms
[2023-07-23T13:59:44.710+0530][gc,heap     ] GC(6) Eden regions: 50->0(46)
[2023-07-23T13:59:44.710+0530][gc,heap     ] GC(6) Survivor regions: 1->5(7)
[2023-07-23T13:59:44.710+0530][gc,heap     ] GC(6) Old regions: 14->14
[2023-07-23T13:59:44.710+0530][gc,heap     ] GC(6) Archive regions: 2->2
[2023-07-23T13:59:44.710+0530][gc,heap     ] GC(6) Humongous regions: 129->129
[2023-07-23T13:59:44.710+0530][gc,metaspace] GC(6) Metaspace: 41860K(42560K)->41860K(42560K) NonClass: 37039K(37440K)->37039K(37440K) Class: 4821K(5120K)->4821K(5120K)
[2023-07-23T13:59:44.710+0530][gc          ] GC(6) Pause Young (Prepare Mixed) (G1 Evacuation Pause) 193M->147M(1024M) 33.666ms
[2023-07-23T13:59:44.710+0530][gc,cpu      ] GC(6) User=0.02s Sys=0.11s Real=0.04s
[2023-07-23T14:17:14.675+0530][gc,start    ] GC(7) Pause Young (Mixed) (G1 Evacuation Pause)
[2023-07-23T14:17:14.678+0530][gc,task     ] GC(7) Using 8 workers of 8 for evacuation
[2023-07-23T14:17:14.695+0530][gc,phases   ] GC(7)   Pre Evacuate Collection Set: 0.5ms
[2023-07-23T14:17:14.695+0530][gc,phases   ] GC(7)   Merge Heap Roots: 0.6ms
[2023-07-23T14:17:14.695+0530][gc,phases   ] GC(7)   Evacuate Collection Set: 14.0ms
[2023-07-23T14:17:14.695+0530][gc,phases   ] GC(7)   Post Evacuate Collection Set: 0.8ms
[2023-07-23T14:17:14.695+0530][gc,phases   ] GC(7)   Other: 0.8ms
[2023-07-23T14:17:14.695+0530][gc,heap     ] GC(7) Eden regions: 46->0(48)
[2023-07-23T14:17:14.695+0530][gc,heap     ] GC(7) Survivor regions: 5->3(7)
[2023-07-23T14:17:14.695+0530][gc,heap     ] GC(7) Old regions: 14->17
[2023-07-23T14:17:14.695+0530][gc,heap     ] GC(7) Archive regions: 2->2
[2023-07-23T14:17:14.695+0530][gc,heap     ] GC(7) Humongous regions: 129->129
[2023-07-23T14:17:14.695+0530][gc,metaspace] GC(7) Metaspace: 42403K(43008K)->42403K(43008K) NonClass: 37563K(37888K)->37563K(37888K) Class: 4839K(5120K)->4839K(5120K)
[2023-07-23T14:17:14.695+0530][gc          ] GC(7) Pause Young (Mixed) (G1 Evacuation Pause) 193M->148M(1024M) 19.679ms
[2023-07-23T14:17:14.695+0530][gc,cpu      ] GC(7) User=0.04s Sys=0.06s Real=0.02s
[2023-07-23T14:30:08.944+0530][gc,start    ] GC(8) Pause Young (Normal) (G1 Evacuation Pause)
[2023-07-23T14:30:08.945+0530][gc,task     ] GC(8) Using 8 workers of 8 for evacuation
[2023-07-23T14:30:08.954+0530][gc,phases   ] GC(8)   Pre Evacuate Collection Set: 0.6ms
[2023-07-23T14:30:08.954+0530][gc,phases   ] GC(8)   Merge Heap Roots: 0.1ms
[2023-07-23T14:30:08.954+0530][gc,phases   ] GC(8)   Evacuate Collection Set: 7.4ms
[2023-07-23T14:30:08.954+0530][gc,phases   ] GC(8)   Post Evacuate Collection Set: 0.5ms
[2023-07-23T14:30:08.954+0530][gc,phases   ] GC(8)   Other: 0.3ms
[2023-07-23T14:30:08.954+0530][gc,heap     ] GC(8) Eden regions: 48->0(47)
[2023-07-23T14:30:08.954+0530][gc,heap     ] GC(8) Survivor regions: 3->4(7)
[2023-07-23T14:30:08.954+0530][gc,heap     ] GC(8) Old regions: 17->17
[2023-07-23T14:30:08.955+0530][gc,heap     ] GC(8) Archive regions: 2->2
[2023-07-23T14:30:08.955+0530][gc,heap     ] GC(8) Humongous regions: 129->129
[2023-07-23T14:30:08.955+0530][gc,metaspace] GC(8) Metaspace: 42483K(43072K)->42483K(43072K) NonClass: 37644K(37952K)->37644K(37952K) Class: 4839K(5120K)->4839K(5120K)
[2023-07-23T14:30:08.955+0530][gc          ] GC(8) Pause Young (Normal) (G1 Evacuation Pause) 196M->149M(1024M) 12.360ms
[2023-07-23T14:30:08.955+0530][gc,cpu      ] GC(8) User=0.02s Sys=0.02s Real=0.01s
