[2023-03-17T21:28:55.726+0530][gc,init] CardTable entry size: 512
[2023-03-17T21:28:55.726+0530][gc     ] Using G1
[2023-03-17T21:28:55.727+0530][gc,init] Version: 19.0.1+10-21 (release)
[2023-03-17T21:28:55.727+0530][gc,init] CPUs: 8 total, 8 available
[2023-03-17T21:28:55.727+0530][gc,init] Memory: 8192M
[2023-03-17T21:28:55.727+0530][gc,init] Large Page Support: Disabled
[2023-03-17T21:28:55.727+0530][gc,init] NUMA Support: Disabled
[2023-03-17T21:28:55.727+0530][gc,init] Compressed Oops: Enabled (Zero based)
[2023-03-17T21:28:55.727+0530][gc,init] Heap Region Size: 1M
[2023-03-17T21:28:55.727+0530][gc,init] Heap Min Capacity: 1G
[2023-03-17T21:28:55.727+0530][gc,init] Heap Initial Capacity: 1G
[2023-03-17T21:28:55.727+0530][gc,init] Heap Max Capacity: 1G
[2023-03-17T21:28:55.727+0530][gc,init] Pre-touch: Disabled
[2023-03-17T21:28:55.727+0530][gc,init] Parallel Workers: 8
[2023-03-17T21:28:55.727+0530][gc,init] Concurrent Workers: 2
[2023-03-17T21:28:55.727+0530][gc,init] Concurrent Refinement Workers: 8
[2023-03-17T21:28:55.727+0530][gc,init] Periodic GC: Disabled
[2023-03-17T21:28:55.728+0530][gc,metaspace] CDS archive(s) mapped at: [0x0000000800000000-0x0000000800c44000-0x0000000800c44000), size 12861440, SharedBaseAddress: 0x0000000800000000, ArchiveRelocationMode: 0.
[2023-03-17T21:28:55.728+0530][gc,metaspace] Compressed class space mapped at: 0x0000000801000000-0x0000000841000000, reserved size: 1073741824
[2023-03-17T21:28:55.728+0530][gc,metaspace] Narrow klass base: 0x0000000800000000, Narrow klass shift: 0, Narrow klass range: 0x100000000
[2023-03-17T21:29:01.261+0530][gc,start    ] GC(0) Pause Young (Normal) (G1 Evacuation Pause)
[2023-03-17T21:29:01.261+0530][gc,task     ] GC(0) Using 8 workers of 8 for evacuation
[2023-03-17T21:29:01.263+0530][gc,phases   ] GC(0)   Pre Evacuate Collection Set: 0.2ms
[2023-03-17T21:29:01.263+0530][gc,phases   ] GC(0)   Merge Heap Roots: 0.1ms
[2023-03-17T21:29:01.263+0530][gc,phases   ] GC(0)   Evacuate Collection Set: 1.9ms
[2023-03-17T21:29:01.263+0530][gc,phases   ] GC(0)   Post Evacuate Collection Set: 0.3ms
[2023-03-17T21:29:01.263+0530][gc,phases   ] GC(0)   Other: 0.2ms
[2023-03-17T21:29:01.263+0530][gc,heap     ] GC(0) Eden regions: 51->0(44)
[2023-03-17T21:29:01.263+0530][gc,heap     ] GC(0) Survivor regions: 0->7(7)
[2023-03-17T21:29:01.263+0530][gc,heap     ] GC(0) Old regions: 0->1
[2023-03-17T21:29:01.263+0530][gc,heap     ] GC(0) Archive regions: 2->2
[2023-03-17T21:29:01.263+0530][gc,heap     ] GC(0) Humongous regions: 0->0
[2023-03-17T21:29:01.263+0530][gc,metaspace] GC(0) Metaspace: 18317K(18560K)->18317K(18560K) NonClass: 16253K(16384K)->16253K(16384K) Class: 2064K(2176K)->2064K(2176K)
[2023-03-17T21:29:01.263+0530][gc          ] GC(0) Pause Young (Normal) (G1 Evacuation Pause) 51M->8M(1024M) 2.780ms
[2023-03-17T21:29:01.263+0530][gc,cpu      ] GC(0) User=0.01s Sys=0.00s Real=0.00s
[2023-03-17T21:29:01.349+0530][gc,start    ] GC(1) Pause Young (Concurrent Start) (Metadata GC Threshold)
[2023-03-17T21:29:01.349+0530][gc,task     ] GC(1) Using 8 workers of 8 for evacuation
[2023-03-17T21:29:01.353+0530][gc,phases   ] GC(1)   Pre Evacuate Collection Set: 0.2ms
[2023-03-17T21:29:01.353+0530][gc,phases   ] GC(1)   Merge Heap Roots: 0.1ms
[2023-03-17T21:29:01.353+0530][gc,phases   ] GC(1)   Evacuate Collection Set: 3.1ms
[2023-03-17T21:29:01.353+0530][gc,phases   ] GC(1)   Post Evacuate Collection Set: 0.4ms
[2023-03-17T21:29:01.353+0530][gc,phases   ] GC(1)   Other: 0.1ms
[2023-03-17T21:29:01.353+0530][gc,heap     ] GC(1) Eden regions: 12->0(50)
[2023-03-17T21:29:01.353+0530][gc,heap     ] GC(1) Survivor regions: 7->1(7)
[2023-03-17T21:29:01.353+0530][gc,heap     ] GC(1) Old regions: 1->8
[2023-03-17T21:29:01.353+0530][gc,heap     ] GC(1) Archive regions: 2->2
[2023-03-17T21:29:01.353+0530][gc,heap     ] GC(1) Humongous regions: 0->0
[2023-03-17T21:29:01.353+0530][gc,metaspace] GC(1) Metaspace: 21263K(21504K)->21263K(21504K) NonClass: 18836K(19008K)->18836K(19008K) Class: 2427K(2496K)->2427K(2496K)
[2023-03-17T21:29:01.353+0530][gc          ] GC(1) Pause Young (Concurrent Start) (Metadata GC Threshold) 19M->9M(1024M) 3.972ms
[2023-03-17T21:29:01.353+0530][gc,cpu      ] GC(1) User=0.02s Sys=0.01s Real=0.01s
[2023-03-17T21:29:01.353+0530][gc          ] GC(2) Concurrent Mark Cycle
[2023-03-17T21:29:01.353+0530][gc,marking  ] GC(2) Concurrent Clear Claimed Marks
[2023-03-17T21:29:01.353+0530][gc,marking  ] GC(2) Concurrent Clear Claimed Marks 0.019ms
[2023-03-17T21:29:01.353+0530][gc,marking  ] GC(2) Concurrent Scan Root Regions
[2023-03-17T21:29:01.354+0530][gc,marking  ] GC(2) Concurrent Scan Root Regions 1.247ms
[2023-03-17T21:29:01.354+0530][gc,marking  ] GC(2) Concurrent Mark
[2023-03-17T21:29:01.354+0530][gc,marking  ] GC(2) Concurrent Mark From Roots
[2023-03-17T21:29:01.354+0530][gc,task     ] GC(2) Using 2 workers of 2 for marking
[2023-03-17T21:29:01.355+0530][gc,marking  ] GC(2) Concurrent Mark From Roots 0.387ms
[2023-03-17T21:29:01.355+0530][gc,marking  ] GC(2) Concurrent Preclean
[2023-03-17T21:29:01.355+0530][gc,marking  ] GC(2) Concurrent Preclean 0.006ms
[2023-03-17T21:29:01.355+0530][gc,start    ] GC(2) Pause Remark
[2023-03-17T21:29:01.356+0530][gc          ] GC(2) Pause Remark 9M->9M(1024M) 0.900ms
[2023-03-17T21:29:01.356+0530][gc,cpu      ] GC(2) User=0.01s Sys=0.00s Real=0.00s
[2023-03-17T21:29:01.356+0530][gc,marking  ] GC(2) Concurrent Mark 1.516ms
[2023-03-17T21:29:01.356+0530][gc,marking  ] GC(2) Concurrent Rebuild Remembered Sets
[2023-03-17T21:29:01.357+0530][gc,marking  ] GC(2) Concurrent Rebuild Remembered Sets 1.696ms
[2023-03-17T21:29:01.358+0530][gc,start    ] GC(2) Pause Cleanup
[2023-03-17T21:29:01.358+0530][gc          ] GC(2) Pause Cleanup 9M->9M(1024M) 0.107ms
[2023-03-17T21:29:01.358+0530][gc,cpu      ] GC(2) User=0.00s Sys=0.00s Real=0.00s
[2023-03-17T21:29:01.358+0530][gc,marking  ] GC(2) Concurrent Cleanup for Next Mark
[2023-03-17T21:29:01.359+0530][gc,marking  ] GC(2) Concurrent Cleanup for Next Mark 1.238ms
[2023-03-17T21:29:01.359+0530][gc          ] GC(2) Concurrent Mark Cycle 6.134ms
[2023-03-17T21:29:01.760+0530][gc,start    ] GC(3) Pause Young (Normal) (G1 Evacuation Pause)
[2023-03-17T21:29:01.760+0530][gc,task     ] GC(3) Using 8 workers of 8 for evacuation
[2023-03-17T21:29:01.762+0530][gc,phases   ] GC(3)   Pre Evacuate Collection Set: 0.1ms
[2023-03-17T21:29:01.762+0530][gc,phases   ] GC(3)   Merge Heap Roots: 0.0ms
[2023-03-17T21:29:01.762+0530][gc,phases   ] GC(3)   Evacuate Collection Set: 1.8ms
[2023-03-17T21:29:01.762+0530][gc,phases   ] GC(3)   Post Evacuate Collection Set: 0.2ms
[2023-03-17T21:29:01.762+0530][gc,phases   ] GC(3)   Other: 0.0ms
[2023-03-17T21:29:01.762+0530][gc,heap     ] GC(3) Eden regions: 50->0(45)
[2023-03-17T21:29:01.762+0530][gc,heap     ] GC(3) Survivor regions: 1->6(7)
[2023-03-17T21:29:01.762+0530][gc,heap     ] GC(3) Old regions: 8->8
[2023-03-17T21:29:01.762+0530][gc,heap     ] GC(3) Archive regions: 2->2
[2023-03-17T21:29:01.762+0530][gc,heap     ] GC(3) Humongous regions: 129->129
[2023-03-17T21:29:01.762+0530][gc,metaspace] GC(3) Metaspace: 31691K(32000K)->31691K(32000K) NonClass: 28228K(28416K)->28228K(28416K) Class: 3463K(3584K)->3463K(3584K)
[2023-03-17T21:29:01.762+0530][gc          ] GC(3) Pause Young (Normal) (G1 Evacuation Pause) 188M->142M(1024M) 2.289ms
[2023-03-17T21:29:01.762+0530][gc,cpu      ] GC(3) User=0.01s Sys=0.00s Real=0.00s
[2023-03-17T21:29:01.846+0530][gc,start    ] GC(4) Pause Young (Concurrent Start) (Metadata GC Threshold)
[2023-03-17T21:29:01.846+0530][gc,task     ] GC(4) Using 8 workers of 8 for evacuation
[2023-03-17T21:29:01.849+0530][gc,phases   ] GC(4)   Pre Evacuate Collection Set: 0.2ms
[2023-03-17T21:29:01.849+0530][gc,phases   ] GC(4)   Merge Heap Roots: 0.0ms
[2023-03-17T21:29:01.849+0530][gc,phases   ] GC(4)   Evacuate Collection Set: 2.4ms
[2023-03-17T21:29:01.849+0530][gc,phases   ] GC(4)   Post Evacuate Collection Set: 0.2ms
[2023-03-17T21:29:01.849+0530][gc,phases   ] GC(4)   Other: 0.0ms
[2023-03-17T21:29:01.849+0530][gc,heap     ] GC(4) Eden regions: 17->0(49)
[2023-03-17T21:29:01.849+0530][gc,heap     ] GC(4) Survivor regions: 6->2(7)
[2023-03-17T21:29:01.849+0530][gc,heap     ] GC(4) Old regions: 8->13
[2023-03-17T21:29:01.849+0530][gc,heap     ] GC(4) Archive regions: 2->2
[2023-03-17T21:29:01.849+0530][gc,heap     ] GC(4) Humongous regions: 129->129
[2023-03-17T21:29:01.849+0530][gc,metaspace] GC(4) Metaspace: 35806K(36096K)->35806K(36096K) NonClass: 31972K(32128K)->31972K(32128K) Class: 3833K(3968K)->3833K(3968K)
[2023-03-17T21:29:01.849+0530][gc          ] GC(4) Pause Young (Concurrent Start) (Metadata GC Threshold) 159M->144M(1024M) 3.019ms
[2023-03-17T21:29:01.849+0530][gc          ] GC(5) Concurrent Mark Cycle
[2023-03-17T21:29:01.849+0530][gc,cpu      ] GC(4) User=0.02s Sys=0.00s Real=0.00s
[2023-03-17T21:29:01.849+0530][gc,marking  ] GC(5) Concurrent Clear Claimed Marks
[2023-03-17T21:29:01.849+0530][gc,marking  ] GC(5) Concurrent Clear Claimed Marks 0.027ms
[2023-03-17T21:29:01.849+0530][gc,marking  ] GC(5) Concurrent Scan Root Regions
[2023-03-17T21:29:01.851+0530][gc,marking  ] GC(5) Concurrent Scan Root Regions 1.500ms
[2023-03-17T21:29:01.851+0530][gc,marking  ] GC(5) Concurrent Mark
[2023-03-17T21:29:01.851+0530][gc,marking  ] GC(5) Concurrent Mark From Roots
[2023-03-17T21:29:01.851+0530][gc,task     ] GC(5) Using 2 workers of 2 for marking
[2023-03-17T21:29:01.855+0530][gc,marking  ] GC(5) Concurrent Mark From Roots 3.598ms
[2023-03-17T21:29:01.855+0530][gc,marking  ] GC(5) Concurrent Preclean
[2023-03-17T21:29:01.855+0530][gc,marking  ] GC(5) Concurrent Preclean 0.040ms
[2023-03-17T21:29:01.855+0530][gc,start    ] GC(5) Pause Remark
[2023-03-17T21:29:01.856+0530][gc          ] GC(5) Pause Remark 145M->145M(1024M) 1.102ms
[2023-03-17T21:29:01.856+0530][gc,cpu      ] GC(5) User=0.01s Sys=0.00s Real=0.00s
[2023-03-17T21:29:01.856+0530][gc,marking  ] GC(5) Concurrent Mark 4.920ms
[2023-03-17T21:29:01.856+0530][gc,marking  ] GC(5) Concurrent Rebuild Remembered Sets
[2023-03-17T21:29:01.859+0530][gc,marking  ] GC(5) Concurrent Rebuild Remembered Sets 2.818ms
[2023-03-17T21:29:01.859+0530][gc,start    ] GC(5) Pause Cleanup
[2023-03-17T21:29:01.859+0530][gc          ] GC(5) Pause Cleanup 146M->146M(1024M) 0.082ms
[2023-03-17T21:29:01.859+0530][gc,cpu      ] GC(5) User=0.00s Sys=0.00s Real=0.00s
[2023-03-17T21:29:01.859+0530][gc,marking  ] GC(5) Concurrent Cleanup for Next Mark
[2023-03-17T21:29:01.862+0530][gc,marking  ] GC(5) Concurrent Cleanup for Next Mark 3.007ms
[2023-03-17T21:29:01.862+0530][gc          ] GC(5) Concurrent Mark Cycle 12.720ms
[2023-03-17T21:35:18.976+0530][gc,start    ] GC(6) Pause Young (Normal) (G1 Evacuation Pause)
[2023-03-17T21:35:18.976+0530][gc,task     ] GC(6) Using 8 workers of 8 for evacuation
[2023-03-17T21:35:18.979+0530][gc,phases   ] GC(6)   Pre Evacuate Collection Set: 0.4ms
[2023-03-17T21:35:18.979+0530][gc,phases   ] GC(6)   Merge Heap Roots: 0.1ms
[2023-03-17T21:35:18.979+0530][gc,phases   ] GC(6)   Evacuate Collection Set: 2.2ms
[2023-03-17T21:35:18.979+0530][gc,phases   ] GC(6)   Post Evacuate Collection Set: 0.3ms
[2023-03-17T21:35:18.979+0530][gc,phases   ] GC(6)   Other: 0.1ms
[2023-03-17T21:35:18.979+0530][gc,heap     ] GC(6) Eden regions: 49->0(46)
[2023-03-17T21:35:18.979+0530][gc,heap     ] GC(6) Survivor regions: 2->5(7)
[2023-03-17T21:35:18.979+0530][gc,heap     ] GC(6) Old regions: 13->13
[2023-03-17T21:35:18.979+0530][gc,heap     ] GC(6) Archive regions: 2->2
[2023-03-17T21:35:18.979+0530][gc,heap     ] GC(6) Humongous regions: 147->129
[2023-03-17T21:35:18.979+0530][gc,metaspace] GC(6) Metaspace: 41941K(42560K)->41941K(42560K) NonClass: 37196K(37504K)->37196K(37504K) Class: 4745K(5056K)->4745K(5056K)
[2023-03-17T21:35:18.979+0530][gc          ] GC(6) Pause Young (Normal) (G1 Evacuation Pause) 211M->147M(1024M) 3.411ms
[2023-03-17T21:35:18.979+0530][gc,cpu      ] GC(6) User=0.02s Sys=0.00s Real=0.00s
[2023-03-17T21:43:04.979+0530][gc,start    ] GC(7) Pause Young (Normal) (G1 Evacuation Pause)
[2023-03-17T21:43:04.980+0530][gc,task     ] GC(7) Using 8 workers of 8 for evacuation
[2023-03-17T21:43:04.991+0530][gc,phases   ] GC(7)   Pre Evacuate Collection Set: 1.1ms
[2023-03-17T21:43:04.991+0530][gc,phases   ] GC(7)   Merge Heap Roots: 0.2ms
[2023-03-17T21:43:04.991+0530][gc,phases   ] GC(7)   Evacuate Collection Set: 8.1ms
[2023-03-17T21:43:04.991+0530][gc,phases   ] GC(7)   Post Evacuate Collection Set: 0.9ms
[2023-03-17T21:43:04.991+0530][gc,phases   ] GC(7)   Other: 0.2ms
[2023-03-17T21:43:04.991+0530][gc,heap     ] GC(7) Eden regions: 46->0(46)
[2023-03-17T21:43:04.991+0530][gc,heap     ] GC(7) Survivor regions: 5->5(7)
[2023-03-17T21:43:04.991+0530][gc,heap     ] GC(7) Old regions: 13->14
[2023-03-17T21:43:04.991+0530][gc,heap     ] GC(7) Archive regions: 2->2
[2023-03-17T21:43:04.991+0530][gc,heap     ] GC(7) Humongous regions: 129->129
[2023-03-17T21:43:04.991+0530][gc,metaspace] GC(7) Metaspace: 42352K(43008K)->42352K(43008K) NonClass: 37553K(37888K)->37553K(37888K) Class: 4799K(5120K)->4799K(5120K)
[2023-03-17T21:43:04.991+0530][gc          ] GC(7) Pause Young (Normal) (G1 Evacuation Pause) 193M->148M(1024M) 12.145ms
[2023-03-17T21:43:04.991+0530][gc,cpu      ] GC(7) User=0.03s Sys=0.02s Real=0.02s
[2023-03-18T11:29:05.910+0530][gc,start    ] GC(8) Pause Young (Normal) (G1 Evacuation Pause)
[2023-03-18T11:29:05.910+0530][gc,task     ] GC(8) Using 8 workers of 8 for evacuation
[2023-03-18T11:29:05.917+0530][gc,phases   ] GC(8)   Pre Evacuate Collection Set: 0.8ms
[2023-03-18T11:29:05.917+0530][gc,phases   ] GC(8)   Merge Heap Roots: 0.1ms
[2023-03-18T11:29:05.917+0530][gc,phases   ] GC(8)   Evacuate Collection Set: 4.9ms
[2023-03-18T11:29:05.917+0530][gc,phases   ] GC(8)   Post Evacuate Collection Set: 0.5ms
[2023-03-18T11:29:05.917+0530][gc,phases   ] GC(8)   Other: 0.1ms
[2023-03-18T11:29:05.917+0530][gc,heap     ] GC(8) Eden regions: 46->0(52)
[2023-03-18T11:29:05.917+0530][gc,heap     ] GC(8) Survivor regions: 5->3(7)
[2023-03-18T11:29:05.917+0530][gc,heap     ] GC(8) Old regions: 14->17
[2023-03-18T11:29:05.917+0530][gc,heap     ] GC(8) Archive regions: 2->2
[2023-03-18T11:29:05.917+0530][gc,heap     ] GC(8) Humongous regions: 129->129
[2023-03-18T11:29:05.917+0530][gc,metaspace] GC(8) Metaspace: 42587K(43264K)->42587K(43264K) NonClass: 37772K(38144K)->37772K(38144K) Class: 4815K(5120K)->4815K(5120K)
[2023-03-18T11:29:05.917+0530][gc          ] GC(8) Pause Young (Normal) (G1 Evacuation Pause) 194M->148M(1024M) 7.056ms
[2023-03-18T11:29:05.917+0530][gc,cpu      ] GC(8) User=0.02s Sys=0.01s Real=0.00s
[2023-03-18T12:56:06.662+0530][gc,start    ] GC(9) Pause Young (Normal) (G1 Evacuation Pause)
[2023-03-18T12:56:06.663+0530][gc,task     ] GC(9) Using 8 workers of 8 for evacuation
[2023-03-18T12:56:06.667+0530][gc,phases   ] GC(9)   Pre Evacuate Collection Set: 0.4ms
[2023-03-18T12:56:06.667+0530][gc,phases   ] GC(9)   Merge Heap Roots: 0.1ms
[2023-03-18T12:56:06.667+0530][gc,phases   ] GC(9)   Evacuate Collection Set: 2.9ms
[2023-03-18T12:56:06.667+0530][gc,phases   ] GC(9)   Post Evacuate Collection Set: 0.4ms
[2023-03-18T12:56:06.667+0530][gc,phases   ] GC(9)   Other: 0.1ms
[2023-03-18T12:56:06.667+0530][gc,heap     ] GC(9) Eden regions: 52->0(298)
[2023-03-18T12:56:06.667+0530][gc,heap     ] GC(9) Survivor regions: 3->3(7)
[2023-03-18T12:56:06.667+0530][gc,heap     ] GC(9) Old regions: 17->17
[2023-03-18T12:56:06.667+0530][gc,heap     ] GC(9) Archive regions: 2->2
[2023-03-18T12:56:06.667+0530][gc,heap     ] GC(9) Humongous regions: 129->129
[2023-03-18T12:56:06.667+0530][gc,metaspace] GC(9) Metaspace: 42651K(43328K)->42651K(43328K) NonClass: 37836K(38208K)->37836K(38208K) Class: 4815K(5120K)->4815K(5120K)
[2023-03-18T12:56:06.667+0530][gc          ] GC(9) Pause Young (Normal) (G1 Evacuation Pause) 200M->148M(1024M) 5.133ms
[2023-03-18T12:56:06.667+0530][gc,cpu      ] GC(9) User=0.01s Sys=0.01s Real=0.00s
[2023-03-18T13:35:17.714+0530][gc,heap,exit] Heap
[2023-03-18T13:35:17.714+0530][gc,heap,exit]  garbage-first heap   total 1048576K, used 389833K [0x00000007c0000000, 0x0000000800000000)
[2023-03-18T13:35:17.714+0530][gc,heap,exit]   region size 1024K, 236 young (241664K), 3 survivors (3072K)
[2023-03-18T13:35:17.714+0530][gc,heap,exit]  Metaspace       used 43525K, committed 44224K, reserved 1114112K
[2023-03-18T13:35:17.714+0530][gc,heap,exit]   class space    used 4978K, committed 5312K, reserved 1048576K
