[2023-03-17T21:26:10.699+0530][gc,init] CardTable entry size: 512
[2023-03-17T21:26:10.699+0530][gc     ] Using G1
[2023-03-17T21:26:10.700+0530][gc,init] Version: 19.0.1+10-21 (release)
[2023-03-17T21:26:10.700+0530][gc,init] CPUs: 8 total, 8 available
[2023-03-17T21:26:10.700+0530][gc,init] Memory: 8192M
[2023-03-17T21:26:10.700+0530][gc,init] Large Page Support: Disabled
[2023-03-17T21:26:10.700+0530][gc,init] NUMA Support: Disabled
[2023-03-17T21:26:10.700+0530][gc,init] Compressed Oops: Enabled (Zero based)
[2023-03-17T21:26:10.700+0530][gc,init] Heap Region Size: 1M
[2023-03-17T21:26:10.700+0530][gc,init] Heap Min Capacity: 512M
[2023-03-17T21:26:10.700+0530][gc,init] Heap Initial Capacity: 512M
[2023-03-17T21:26:10.700+0530][gc,init] Heap Max Capacity: 512M
[2023-03-17T21:26:10.700+0530][gc,init] Pre-touch: Disabled
[2023-03-17T21:26:10.700+0530][gc,init] Parallel Workers: 8
[2023-03-17T21:26:10.700+0530][gc,init] Concurrent Workers: 2
[2023-03-17T21:26:10.700+0530][gc,init] Concurrent Refinement Workers: 8
[2023-03-17T21:26:10.700+0530][gc,init] Periodic GC: Disabled
[2023-03-17T21:26:10.700+0530][gc,metaspace] CDS archive(s) mapped at: [0x0000000800000000-0x0000000800c44000-0x0000000800c44000), size 12861440, SharedBaseAddress: 0x0000000800000000, ArchiveRelocationMode: 0.
[2023-03-17T21:26:10.700+0530][gc,metaspace] Compressed class space mapped at: 0x0000000801000000-0x0000000841000000, reserved size: 1073741824
[2023-03-17T21:26:10.700+0530][gc,metaspace] Narrow klass base: 0x0000000800000000, Narrow klass shift: 0, Narrow klass range: 0x100000000
[2023-03-17T21:26:16.093+0530][gc,start    ] GC(0) Pause Young (Normal) (GCLocker Initiated GC)
[2023-03-17T21:26:16.093+0530][gc,task     ] GC(0) Using 8 workers of 8 for evacuation
[2023-03-17T21:26:16.095+0530][gc,phases   ] GC(0)   Pre Evacuate Collection Set: 0.1ms
[2023-03-17T21:26:16.095+0530][gc,phases   ] GC(0)   Merge Heap Roots: 0.0ms
[2023-03-17T21:26:16.095+0530][gc,phases   ] GC(0)   Evacuate Collection Set: 1.9ms
[2023-03-17T21:26:16.095+0530][gc,phases   ] GC(0)   Post Evacuate Collection Set: 0.3ms
[2023-03-17T21:26:16.095+0530][gc,phases   ] GC(0)   Other: 0.2ms
[2023-03-17T21:26:16.095+0530][gc,heap     ] GC(0) Eden regions: 25->0(21)
[2023-03-17T21:26:16.095+0530][gc,heap     ] GC(0) Survivor regions: 0->4(4)
[2023-03-17T21:26:16.095+0530][gc,heap     ] GC(0) Old regions: 0->4
[2023-03-17T21:26:16.095+0530][gc,heap     ] GC(0) Archive regions: 2->2
[2023-03-17T21:26:16.095+0530][gc,heap     ] GC(0) Humongous regions: 0->0
[2023-03-17T21:26:16.095+0530][gc,metaspace] GC(0) Metaspace: 8300K(8512K)->8300K(8512K) NonClass: 7433K(7552K)->7433K(7552K) Class: 867K(960K)->867K(960K)
[2023-03-17T21:26:16.095+0530][gc          ] GC(0) Pause Young (Normal) (GCLocker Initiated GC) 25M->8M(512M) 2.630ms
[2023-03-17T21:26:16.095+0530][gc,cpu      ] GC(0) User=0.01s Sys=0.01s Real=0.00s
[2023-03-18T13:35:14.019+0530][gc,heap,exit] Heap
[2023-03-18T13:35:14.020+0530][gc,heap,exit]  garbage-first heap   total 524288K, used 18784K [0x00000007e0000000, 0x0000000800000000)
[2023-03-18T13:35:14.020+0530][gc,heap,exit]   region size 1024K, 15 young (15360K), 4 survivors (4096K)
[2023-03-18T13:35:14.020+0530][gc,heap,exit]  Metaspace       used 9373K, committed 9600K, reserved 1114112K
[2023-03-18T13:35:14.020+0530][gc,heap,exit]   class space    used 947K, committed 1088K, reserved 1048576K
