[2023-03-13T11:08:32.829+0530][gc,init] CardTable entry size: 512
[2023-03-13T11:08:32.829+0530][gc     ] Using G1
[2023-03-13T11:08:32.829+0530][gc,init] Version: 19.0.1+10-21 (release)
[2023-03-13T11:08:32.829+0530][gc,init] CPUs: 8 total, 8 available
[2023-03-13T11:08:32.830+0530][gc,init] Memory: 8192M
[2023-03-13T11:08:32.830+0530][gc,init] Large Page Support: Disabled
[2023-03-13T11:08:32.830+0530][gc,init] NUMA Support: Disabled
[2023-03-13T11:08:32.830+0530][gc,init] Compressed Oops: Enabled (Zero based)
[2023-03-13T11:08:32.830+0530][gc,init] Heap Region Size: 1M
[2023-03-13T11:08:32.830+0530][gc,init] Heap Min Capacity: 512M
[2023-03-13T11:08:32.830+0530][gc,init] Heap Initial Capacity: 512M
[2023-03-13T11:08:32.830+0530][gc,init] Heap Max Capacity: 512M
[2023-03-13T11:08:32.830+0530][gc,init] Pre-touch: Disabled
[2023-03-13T11:08:32.830+0530][gc,init] Parallel Workers: 8
[2023-03-13T11:08:32.830+0530][gc,init] Concurrent Workers: 2
[2023-03-13T11:08:32.830+0530][gc,init] Concurrent Refinement Workers: 8
[2023-03-13T11:08:32.830+0530][gc,init] Periodic GC: Disabled
[2023-03-13T11:08:32.830+0530][gc,metaspace] CDS archive(s) mapped at: [0x0000000800000000-0x0000000800c44000-0x0000000800c44000), size 12861440, SharedBaseAddress: 0x0000000800000000, ArchiveRelocationMode: 0.
[2023-03-13T11:08:32.830+0530][gc,metaspace] Compressed class space mapped at: 0x0000000801000000-0x0000000841000000, reserved size: 1073741824
[2023-03-13T11:08:32.830+0530][gc,metaspace] Narrow klass base: 0x0000000800000000, Narrow klass shift: 0, Narrow klass range: 0x100000000
[2023-03-13T11:09:38.121+0530][gc,start    ] GC(0) Pause Young (Normal) (G1 Evacuation Pause)
[2023-03-13T11:09:38.122+0530][gc,task     ] GC(0) Using 8 workers of 8 for evacuation
[2023-03-13T11:09:38.129+0530][gc,phases   ] GC(0)   Pre Evacuate Collection Set: 0.6ms
[2023-03-13T11:09:38.129+0530][gc,phases   ] GC(0)   Merge Heap Roots: 0.1ms
[2023-03-13T11:09:38.129+0530][gc,phases   ] GC(0)   Evacuate Collection Set: 5.0ms
[2023-03-13T11:09:38.129+0530][gc,phases   ] GC(0)   Post Evacuate Collection Set: 0.6ms
[2023-03-13T11:09:38.129+0530][gc,phases   ] GC(0)   Other: 0.6ms
[2023-03-13T11:09:38.129+0530][gc,heap     ] GC(0) Eden regions: 25->0(21)
[2023-03-13T11:09:38.129+0530][gc,heap     ] GC(0) Survivor regions: 0->4(4)
[2023-03-13T11:09:38.129+0530][gc,heap     ] GC(0) Old regions: 0->4
[2023-03-13T11:09:38.129+0530][gc,heap     ] GC(0) Archive regions: 2->2
[2023-03-13T11:09:38.129+0530][gc,heap     ] GC(0) Humongous regions: 0->0
[2023-03-13T11:09:38.129+0530][gc,metaspace] GC(0) Metaspace: 8274K(8512K)->8274K(8512K) NonClass: 7393K(7488K)->7393K(7488K) Class: 880K(1024K)->880K(1024K)
[2023-03-13T11:09:38.129+0530][gc          ] GC(0) Pause Young (Normal) (G1 Evacuation Pause) 25M->8M(512M) 8.222ms
[2023-03-13T11:09:38.129+0530][gc,cpu      ] GC(0) User=0.03s Sys=0.02s Real=0.00s
[2023-03-13T13:35:44.088+0530][gc,start    ] GC(1) Pause Young (Normal) (G1 Evacuation Pause)
[2023-03-13T13:35:44.091+0530][gc,task     ] GC(1) Using 8 workers of 8 for evacuation
[2023-03-13T13:35:44.109+0530][gc,phases   ] GC(1)   Pre Evacuate Collection Set: 1.5ms
[2023-03-13T13:35:44.109+0530][gc,phases   ] GC(1)   Merge Heap Roots: 0.5ms
[2023-03-13T13:35:44.109+0530][gc,phases   ] GC(1)   Evacuate Collection Set: 15.8ms
[2023-03-13T13:35:44.109+0530][gc,phases   ] GC(1)   Post Evacuate Collection Set: 0.5ms
[2023-03-13T13:35:44.109+0530][gc,phases   ] GC(1)   Other: 0.2ms
[2023-03-13T13:35:44.109+0530][gc,heap     ] GC(1) Eden regions: 21->0(24)
[2023-03-13T13:35:44.109+0530][gc,heap     ] GC(1) Survivor regions: 4->1(4)
[2023-03-13T13:35:44.109+0530][gc,heap     ] GC(1) Old regions: 4->8
[2023-03-13T13:35:44.109+0530][gc,heap     ] GC(1) Archive regions: 2->2
[2023-03-13T13:35:44.109+0530][gc,heap     ] GC(1) Humongous regions: 0->0
[2023-03-13T13:35:44.109+0530][gc,metaspace] GC(1) Metaspace: 9482K(9728K)->9482K(9728K) NonClass: 8529K(8640K)->8529K(8640K) Class: 953K(1088K)->953K(1088K)
[2023-03-13T13:35:44.109+0530][gc          ] GC(1) Pause Young (Normal) (G1 Evacuation Pause) 29M->8M(512M) 21.402ms
[2023-03-13T13:35:44.110+0530][gc,cpu      ] GC(1) User=0.02s Sys=0.04s Real=0.03s
[2023-03-13T17:20:07.966+0530][gc,start    ] GC(2) Pause Young (Normal) (G1 Evacuation Pause)
[2023-03-13T17:20:07.967+0530][gc,task     ] GC(2) Using 8 workers of 8 for evacuation
[2023-03-13T17:20:07.976+0530][gc,phases   ] GC(2)   Pre Evacuate Collection Set: 0.6ms
[2023-03-13T17:20:07.977+0530][gc,phases   ] GC(2)   Merge Heap Roots: 0.4ms
[2023-03-13T17:20:07.977+0530][gc,phases   ] GC(2)   Evacuate Collection Set: 6.5ms
[2023-03-13T17:20:07.977+0530][gc,phases   ] GC(2)   Post Evacuate Collection Set: 1.5ms
[2023-03-13T17:20:07.977+0530][gc,phases   ] GC(2)   Other: 0.7ms
[2023-03-13T17:20:07.977+0530][gc,heap     ] GC(2) Eden regions: 24->0(24)
[2023-03-13T17:20:07.977+0530][gc,heap     ] GC(2) Survivor regions: 1->1(4)
[2023-03-13T17:20:07.977+0530][gc,heap     ] GC(2) Old regions: 8->8
[2023-03-13T17:20:07.977+0530][gc,heap     ] GC(2) Archive regions: 2->2
[2023-03-13T17:20:07.977+0530][gc,heap     ] GC(2) Humongous regions: 0->0
[2023-03-13T17:20:07.977+0530][gc,metaspace] GC(2) Metaspace: 9581K(9856K)->9581K(9856K) NonClass: 8628K(8768K)->8628K(8768K) Class: 953K(1088K)->953K(1088K)
[2023-03-13T17:20:07.977+0530][gc          ] GC(2) Pause Young (Normal) (G1 Evacuation Pause) 32M->8M(512M) 11.093ms
[2023-03-13T17:20:07.977+0530][gc,cpu      ] GC(2) User=0.01s Sys=0.02s Real=0.01s
[2023-03-13T22:27:14.552+0530][gc,heap,exit] Heap
[2023-03-13T22:27:14.552+0530][gc,heap,exit]  garbage-first heap   total 524288K, used 12184K [0x00000007e0000000, 0x0000000800000000)
[2023-03-13T22:27:14.552+0530][gc,heap,exit]   region size 1024K, 5 young (5120K), 1 survivors (1024K)
[2023-03-13T22:27:14.552+0530][gc,heap,exit]  Metaspace       used 9587K, committed 9856K, reserved 1114112K
[2023-03-13T22:27:14.552+0530][gc,heap,exit]   class space    used 953K, committed 1088K, reserved 1048576K
