[2023-03-13T11:05:00.785+0530][gc,init] CardTable entry size: 512
[2023-03-13T11:05:00.785+0530][gc     ] Using G1
[2023-03-13T11:05:00.786+0530][gc,init] Version: 19.0.1+10-21 (release)
[2023-03-13T11:05:00.786+0530][gc,init] CPUs: 8 total, 8 available
[2023-03-13T11:05:00.786+0530][gc,init] Memory: 8192M
[2023-03-13T11:05:00.786+0530][gc,init] Large Page Support: Disabled
[2023-03-13T11:05:00.786+0530][gc,init] NUMA Support: Disabled
[2023-03-13T11:05:00.786+0530][gc,init] Compressed Oops: Enabled (Zero based)
[2023-03-13T11:05:00.786+0530][gc,init] Heap Region Size: 1M
[2023-03-13T11:05:00.786+0530][gc,init] Heap Min Capacity: 512M
[2023-03-13T11:05:00.786+0530][gc,init] Heap Initial Capacity: 512M
[2023-03-13T11:05:00.786+0530][gc,init] Heap Max Capacity: 512M
[2023-03-13T11:05:00.786+0530][gc,init] Pre-touch: Disabled
[2023-03-13T11:05:00.786+0530][gc,init] Parallel Workers: 8
[2023-03-13T11:05:00.786+0530][gc,init] Concurrent Workers: 2
[2023-03-13T11:05:00.786+0530][gc,init] Concurrent Refinement Workers: 8
[2023-03-13T11:05:00.786+0530][gc,init] Periodic GC: Disabled
[2023-03-13T11:05:00.786+0530][gc,metaspace] CDS archive(s) mapped at: [0x0000000800000000-0x0000000800c44000-0x0000000800c44000), size 12861440, SharedBaseAddress: 0x0000000800000000, ArchiveRelocationMode: 0.
[2023-03-13T11:05:00.786+0530][gc,metaspace] Compressed class space mapped at: 0x0000000801000000-0x0000000841000000, reserved size: 1073741824
[2023-03-13T11:05:00.786+0530][gc,metaspace] Narrow klass base: 0x0000000800000000, Narrow klass shift: 0, Narrow klass range: 0x100000000
[2023-03-13T11:05:06.112+0530][gc,start    ] GC(0) Pause Young (Normal) (G1 Evacuation Pause)
[2023-03-13T11:05:06.113+0530][gc,task     ] GC(0) Using 8 workers of 8 for evacuation
[2023-03-13T11:05:06.115+0530][gc,phases   ] GC(0)   Pre Evacuate Collection Set: 0.1ms
[2023-03-13T11:05:06.115+0530][gc,phases   ] GC(0)   Merge Heap Roots: 0.0ms
[2023-03-13T11:05:06.115+0530][gc,phases   ] GC(0)   Evacuate Collection Set: 1.8ms
[2023-03-13T11:05:06.115+0530][gc,phases   ] GC(0)   Post Evacuate Collection Set: 0.2ms
[2023-03-13T11:05:06.115+0530][gc,phases   ] GC(0)   Other: 0.2ms
[2023-03-13T11:05:06.115+0530][gc,heap     ] GC(0) Eden regions: 25->0(21)
[2023-03-13T11:05:06.115+0530][gc,heap     ] GC(0) Survivor regions: 0->4(4)
[2023-03-13T11:05:06.115+0530][gc,heap     ] GC(0) Old regions: 0->4
[2023-03-13T11:05:06.115+0530][gc,heap     ] GC(0) Archive regions: 2->2
[2023-03-13T11:05:06.115+0530][gc,heap     ] GC(0) Humongous regions: 0->0
[2023-03-13T11:05:06.115+0530][gc,metaspace] GC(0) Metaspace: 9240K(9472K)->9240K(9472K) NonClass: 8250K(8384K)->8250K(8384K) Class: 990K(1088K)->990K(1088K)
[2023-03-13T11:05:06.115+0530][gc          ] GC(0) Pause Young (Normal) (G1 Evacuation Pause) 25M->8M(512M) 2.506ms
[2023-03-13T11:05:06.115+0530][gc,cpu      ] GC(0) User=0.01s Sys=0.01s Real=0.00s
[2023-03-13T11:05:06.136+0530][gc,heap,exit] Heap
[2023-03-13T11:05:06.136+0530][gc,heap,exit]  garbage-first heap   total 524288K, used 12087K [0x00000007e0000000, 0x0000000800000000)
[2023-03-13T11:05:06.136+0530][gc,heap,exit]   region size 1024K, 8 young (8192K), 4 survivors (4096K)
[2023-03-13T11:05:06.136+0530][gc,heap,exit]  Metaspace       used 9915K, committed 10112K, reserved 1114112K
[2023-03-13T11:05:06.136+0530][gc,heap,exit]   class space    used 1086K, committed 1152K, reserved 1048576K
