[2023-03-17T21:27:19.771+0530][gc,init] CardTable entry size: 512
[2023-03-17T21:27:19.771+0530][gc     ] Using G1
[2023-03-17T21:27:19.772+0530][gc,init] Version: 19.0.1+10-21 (release)
[2023-03-17T21:27:19.772+0530][gc,init] CPUs: 8 total, 8 available
[2023-03-17T21:27:19.772+0530][gc,init] Memory: 8192M
[2023-03-17T21:27:19.772+0530][gc,init] Large Page Support: Disabled
[2023-03-17T21:27:19.772+0530][gc,init] NUMA Support: Disabled
[2023-03-17T21:27:19.772+0530][gc,init] Compressed Oops: Enabled (Zero based)
[2023-03-17T21:27:19.772+0530][gc,init] Heap Region Size: 1M
[2023-03-17T21:27:19.772+0530][gc,init] Heap Min Capacity: 512M
[2023-03-17T21:27:19.772+0530][gc,init] Heap Initial Capacity: 512M
[2023-03-17T21:27:19.772+0530][gc,init] Heap Max Capacity: 512M
[2023-03-17T21:27:19.772+0530][gc,init] Pre-touch: Disabled
[2023-03-17T21:27:19.772+0530][gc,init] Parallel Workers: 8
[2023-03-17T21:27:19.772+0530][gc,init] Concurrent Workers: 2
[2023-03-17T21:27:19.772+0530][gc,init] Concurrent Refinement Workers: 8
[2023-03-17T21:27:19.772+0530][gc,init] Periodic GC: Disabled
[2023-03-17T21:27:19.772+0530][gc,metaspace] CDS archive(s) mapped at: [0x0000000800000000-0x0000000800c44000-0x0000000800c44000), size 12861440, SharedBaseAddress: 0x0000000800000000, ArchiveRelocationMode: 0.
[2023-03-17T21:27:19.772+0530][gc,metaspace] Compressed class space mapped at: 0x0000000801000000-0x0000000841000000, reserved size: 1073741824
[2023-03-17T21:27:19.772+0530][gc,metaspace] Narrow klass base: 0x0000000800000000, Narrow klass shift: 0, Narrow klass range: 0x100000000
[2023-03-17T21:27:25.031+0530][gc,heap,exit] Heap
[2023-03-17T21:27:25.031+0530][gc,heap,exit]  garbage-first heap   total 524288K, used 21474K [0x00000007e0000000, 0x0000000800000000)
[2023-03-17T21:27:25.031+0530][gc,heap,exit]   region size 1024K, 21 young (21504K), 0 survivors (0K)
[2023-03-17T21:27:25.031+0530][gc,heap,exit]  Metaspace       used 7589K, committed 7808K, reserved 1114112K
[2023-03-17T21:27:25.031+0530][gc,heap,exit]   class space    used 801K, committed 896K, reserved 1048576K
